➤ YN0000: · Yarn 4.18.0
➤ YN0000: ┌ Resolution step
➤ YN0085: │ + prettier@npm:3.6.2
➤ YN0000: └ Completed
➤ YN0000: ┌ Fetch step
➤ YN0000: └ Completed
➤ YN0000: ┌ Link step
➤ YN0000: └ Completed
➤ YN0000: · Done in 0s 197ms

.website/docs/site/ui.tsx 234ms (unchanged)
.website/docs/site/tutorial.tsx 96ms
.website/docs/site/liveExample.tsx 21ms
.website/docs/examples/practice-data/step-1.tsx 10ms
.website/docs/examples/practice-data/step-2.tsx 23ms
.website/docs/examples/practice-data/step-3.tsx 16ms
.website/docs/examples/practice-data/step-4.tsx 25ms
.website/docs/examples/practice-profile/step-1.tsx 7ms
.website/docs/examples/practice-profile/step-2.tsx 11ms
.website/docs/examples/practice-profile/step-3.tsx 12ms
.website/docs/examples/practice-profile/step-4.tsx 17ms
.website/docs/examples/practice-admin/step-1.tsx 4ms (unchanged)
.website/docs/examples/practice-admin/step-2.tsx 8ms (unchanged)
.website/docs/examples/practice-admin/step-3.tsx 17ms (unchanged)
.website/docs/examples/practice-admin/step-4.tsx 16ms (unchanged)
.website/docs/examples/rc-number-edit/step-1.tsx 4ms (unchanged)
.website/docs/examples/rc-number-edit/step-2.tsx 5ms (unchanged)
.website/docs/examples/rc-text-edit/step-1.tsx 3ms (unchanged)
.website/docs/examples/rc-text-edit/step-2.tsx 4ms (unchanged)
