• turbo 2.10.12
 WARNING  Circular package dependency detected: @crab-dev/rc-masonry, @crab-dev/rc-menu, @crab-dev/rc-spin, @crab-dev/rc-button, @crab-dev/rc-component-preview

   • Packages in scope: @crab-dev/rc-alert, @crab-dev/rc-app-main-layout, @crab-dev/rc-auto-sizer, @crab-dev/rc-avatar, @crab-dev/rc-badge, @crab-dev/rc-bar-chart, @crab-dev/rc-breadcrumbs, @crab-dev/rc-button, @crab-dev/rc-canvas, @crab-dev/rc-card, @crab-dev/rc-checkbox, @crab-dev/rc-color-picker, @crab-dev/rc-component-preview, @crab-dev/rc-cron-picker, @crab-dev/rc-date-picker, @crab-dev/rc-dialog, @crab-dev/rc-divider, @crab-dev/rc-drawer, @crab-dev/rc-dropdown-container, @crab-dev/rc-empty, @crab-dev/rc-flow-diagram, @crab-dev/rc-form, @crab-dev/rc-hooks, @crab-dev/rc-line-edit, @crab-dev/rc-masonry, @crab-dev/rc-menu, @crab-dev/rc-message, @crab-dev/rc-notification, @crab-dev/rc-number-edit, @crab-dev/rc-pagination, @crab-dev/rc-prose, @crab-dev/rc-radio, @crab-dev/rc-realm, @crab-dev/rc-router, @crab-dev/rc-segmented, @crab-dev/rc-select, @crab-dev/rc-skeleton, @crab-dev/rc-slider, @crab-dev/rc-spin, @crab-dev/rc-split-pane, @crab-dev/rc-switch, @crab-dev/rc-table, @crab-dev/rc-table-pro, @crab-dev/rc-tabs, @crab-dev/rc-tag, @crab-dev/rc-text-edit, @crab-dev/rc-theme, @crab-dev/rc-token-global, @crab-dev/rc-token-semantic, @crab-dev/rc-tooltip, @crab-dev/rc-tree, @crab-dev/rc-virtual, @crab-dev/standards-eslint-preset, @crab-dev/standards-typescript-preset, @crab-dev/website
   • Running generate:token in 55 packages
   • Remote caching disabled

@crab-dev/rc-token-global:generate:token: cache hit, replaying logs e9bd55f775929152
@crab-dev/rc-token-global:generate:token: 
@crab-dev/rc-token-global:generate:token:   ⚡ WAKE / LIBRARY TOKEN  v0.1.38
@crab-dev/rc-token-global:generate:token: 
@crab-dev/rc-token-global:generate:token:   ✓  Tokens generated in 6ms
@crab-dev/rc-token-global:generate:token:      1 files · 15.0 KB
@crab-dev/rc-token-global:generate:token:      Output  C:\Users\zhang\Desktop\crab-dev\components\rc-token-global\src\token.ts
@crab-dev/rc-token-global:generate:token: 
@crab-dev/rc-token-semantic:generate:token: cache miss, executing b1509663cc61aa87
@crab-dev/rc-token-semantic:generate:token: 
@crab-dev/rc-token-semantic:generate:token:   ⚡ WAKE / LIBRARY TOKEN  v0.1.38
@crab-dev/rc-token-semantic:generate:token: 
@crab-dev/rc-token-semantic:generate:token:   ✓  Tokens generated in 52ms
@crab-dev/rc-token-semantic:generate:token:      1 files · 24.0 KB
@crab-dev/rc-token-semantic:generate:token:      Output  C:\Users\zhang\Desktop\crab-dev\components\rc-token-semantic\src\token.ts
@crab-dev/rc-token-semantic:generate:token: 
@crab-dev/rc-button:generate:token: cache miss, executing 23cad86759fee692
@crab-dev/rc-spin:generate:token: cache miss, executing 45324ed080ee96d4
@crab-dev/rc-menu:generate:token: cache miss, executing 9af6864462d6ed1e
@crab-dev/rc-component-preview:generate:token: cache miss, executing c351ebde5b2c9dc1
@crab-dev/rc-masonry:generate:token: cache miss, executing d25aa051f9553a5d
@crab-dev/rc-button:generate:token: 
@crab-dev/rc-button:generate:token:   ⚡ WAKE / LIBRARY TOKEN  v0.1.38
@crab-dev/rc-button:generate:token: 
@crab-dev/rc-button:generate:token:   ✓  Tokens generated in 43ms
@crab-dev/rc-button:generate:token:      1 files · 15.1 KB
@crab-dev/rc-button:generate:token:      Output  C:\Users\zhang\Desktop\crab-dev\components\rc-button\src\token.ts
@crab-dev/rc-button:generate:token: 
@crab-dev/rc-spin:generate:token: 
@crab-dev/rc-spin:generate:token:   ⚡ WAKE / LIBRARY TOKEN  v0.1.38
@crab-dev/rc-spin:generate:token: 
@crab-dev/rc-spin:generate:token:   ✓  Tokens generated in 48ms
@crab-dev/rc-spin:generate:token:      1 files · 4.6 KB
@crab-dev/rc-spin:generate:token:      Output  C:\Users\zhang\Desktop\crab-dev\components\rc-spin\src\token.ts
@crab-dev/rc-spin:generate:token: 
@crab-dev/rc-menu:generate:token: 
@crab-dev/rc-menu:generate:token:   ⚡ WAKE / LIBRARY TOKEN  v0.1.38
@crab-dev/rc-menu:generate:token: 
@crab-dev/rc-menu:generate:token:   ✓  Tokens generated in 49ms
@crab-dev/rc-menu:generate:token:      1 files · 19.1 KB
@crab-dev/rc-menu:generate:token:      Output  C:\Users\zhang\Desktop\crab-dev\components\rc-menu\src\token.ts
@crab-dev/rc-menu:generate:token: 
@crab-dev/rc-component-preview:generate:token: 
@crab-dev/rc-component-preview:generate:token:   ⚡ WAKE / LIBRARY TOKEN  v0.1.38
@crab-dev/rc-component-preview:generate:token: 
@crab-dev/rc-component-preview:generate:token:   ✓  Tokens generated in 39ms
@crab-dev/rc-component-preview:generate:token:      1 files · 15.1 KB
@crab-dev/rc-component-preview:generate:token:      Output  C:\Users\zhang\Desktop\crab-dev\components\rc-component-preview\src\token.ts
@crab-dev/rc-component-preview:generate:token: 
@crab-dev/rc-masonry:generate:token: 
@crab-dev/rc-masonry:generate:token:   ⚡ WAKE / LIBRARY TOKEN  v0.1.38
@crab-dev/rc-masonry:generate:token: 
@crab-dev/rc-notification:generate:token: cache miss, executing 4d908bfd00899f22
@crab-dev/rc-masonry:generate:token:   ✓  Tokens generated in 40ms
@crab-dev/rc-masonry:generate:token:      1 files · 633 B
@crab-dev/rc-masonry:generate:token:      Output  C:\Users\zhang\Desktop\crab-dev\components\rc-masonry\src\token.ts
@crab-dev/rc-masonry:generate:token: 
@crab-dev/rc-checkbox:generate:token: cache miss, executing b1aa0d036fb6cbcc
@crab-dev/rc-radio:generate:token: cache miss, executing 4eff9f8082c207e4
@crab-dev/rc-tag:generate:token: cache miss, executing e27225c7e7caa0a5
@crab-dev/rc-drawer:generate:token: cache miss, executing 7c0ee8fe1c3088a6
@crab-dev/rc-badge:generate:token: cache miss, executing c32296845f436583
@crab-dev/rc-split-pane:generate:token: cache miss, executing 56108f0cc8bfe3dd
@crab-dev/rc-empty:generate:token: cache miss, executing 24d14c7a9c10edfb
@crab-dev/rc-breadcrumbs:generate:token: cache miss, executing 482f998b7603dd72
@crab-dev/rc-tooltip:generate:token: cache miss, executing c1f7e346da1dccc5
@crab-dev/rc-notification:generate:token: 
@crab-dev/rc-notification:generate:token:   ⚡ WAKE / LIBRARY TOKEN  v0.1.38
@crab-dev/rc-notification:generate:token: 
@crab-dev/rc-notification:generate:token:   ✓  Tokens generated in 67ms
@crab-dev/rc-notification:generate:token:      1 files · 3.1 KB
@crab-dev/rc-notification:generate:token:      Output  C:\Users\zhang\Desktop\crab-dev\components\rc-notification\src\token.ts
@crab-dev/rc-notification:generate:token: 
@crab-dev/rc-checkbox:generate:token: 
@crab-dev/rc-checkbox:generate:token:   ⚡ WAKE / LIBRARY TOKEN  v0.1.38
@crab-dev/rc-checkbox:generate:token: 
@crab-dev/rc-checkbox:generate:token:   ✓  Tokens generated in 73ms
@crab-dev/rc-checkbox:generate:token:      1 files · 10.8 KB
@crab-dev/rc-checkbox:generate:token:      Output  C:\Users\zhang\Desktop\crab-dev\components\rc-checkbox\src\token.ts
@crab-dev/rc-checkbox:generate:token: 
@crab-dev/rc-line-edit:generate:token: cache miss, executing 9e4e7da1b7a22eac
@crab-dev/rc-radio:generate:token: 
@crab-dev/rc-radio:generate:token:   ⚡ WAKE / LIBRARY TOKEN  v0.1.38
@crab-dev/rc-radio:generate:token: 
@crab-dev/rc-radio:generate:token:   ✓  Tokens generated in 81ms
@crab-dev/rc-radio:generate:token:      1 files · 7.6 KB
@crab-dev/rc-radio:generate:token:      Output  C:\Users\zhang\Desktop\crab-dev\components\rc-radio\src\token.ts
@crab-dev/rc-radio:generate:token: 
@crab-dev/rc-virtual:generate:token: cache miss, executing 4ed09233163488dc
@crab-dev/rc-tag:generate:token: 
@crab-dev/rc-tag:generate:token:   ⚡ WAKE / LIBRARY TOKEN  v0.1.38
@crab-dev/rc-tag:generate:token: 
@crab-dev/rc-tag:generate:token:   ✓  Tokens generated in 91ms
@crab-dev/rc-tag:generate:token:      1 files · 7.3 KB
@crab-dev/rc-tag:generate:token:      Output  C:\Users\zhang\Desktop\crab-dev\components\rc-tag\src\token.ts
@crab-dev/rc-tag:generate:token: 
@crab-dev/rc-drawer:generate:token: 
@crab-dev/rc-drawer:generate:token:   ⚡ WAKE / LIBRARY TOKEN  v0.1.38
@crab-dev/rc-drawer:generate:token: 
@crab-dev/rc-switch:generate:token: cache miss, executing 43eb90da16bec7c7
@crab-dev/rc-drawer:generate:token:   ✓  Tokens generated in 71ms
@crab-dev/rc-drawer:generate:token:      1 files · 5.8 KB
@crab-dev/rc-drawer:generate:token:      Output  C:\Users\zhang\Desktop\crab-dev\components\rc-drawer\src\token.ts
@crab-dev/rc-drawer:generate:token: 
@crab-dev/rc-badge:generate:token: 
@crab-dev/rc-badge:generate:token:   ⚡ WAKE / LIBRARY TOKEN  v0.1.38
@crab-dev/rc-badge:generate:token: 
@crab-dev/rc-badge:generate:token:   ✓  Tokens generated in 63ms
@crab-dev/rc-badge:generate:token:      1 files · 5.5 KB
@crab-dev/rc-badge:generate:token:      Output  C:\Users\zhang\Desktop\crab-dev\components\rc-badge\src\token.ts
@crab-dev/rc-badge:generate:token: 
@crab-dev/rc-canvas:generate:token: cache miss, executing 979febd253d5d9a9
@crab-dev/rc-split-pane:generate:token: 
@crab-dev/rc-split-pane:generate:token:   ⚡ WAKE / LIBRARY TOKEN  v0.1.38
@crab-dev/rc-split-pane:generate:token: 
@crab-dev/rc-segmented:generate:token: cache miss, executing 4ae4632668689ec7
@crab-dev/rc-split-pane:generate:token:   ✓  Tokens generated in 66ms
@crab-dev/rc-split-pane:generate:token:      1 files · 2.0 KB
@crab-dev/rc-split-pane:generate:token:      Output  C:\Users\zhang\Desktop\crab-dev\components\rc-split-pane\src\token.ts
@crab-dev/rc-split-pane:generate:token: 
@crab-dev/rc-text-edit:generate:token: cache miss, executing 54ca408dc5c54c54
@crab-dev/rc-empty:generate:token: 
@crab-dev/rc-empty:generate:token:   ⚡ WAKE / LIBRARY TOKEN  v0.1.38
@crab-dev/rc-empty:generate:token: 
@crab-dev/rc-empty:generate:token:   ✓  Tokens generated in 71ms
@crab-dev/rc-empty:generate:token:      1 files · 2.5 KB
@crab-dev/rc-empty:generate:token:      Output  C:\Users\zhang\Desktop\crab-dev\components\rc-empty\src\token.ts
@crab-dev/rc-empty:generate:token: 
@crab-dev/rc-message:generate:token: cache miss, executing 9aa8f4ab10533ad3
@crab-dev/rc-breadcrumbs:generate:token: 
@crab-dev/rc-breadcrumbs:generate:token:   ⚡ WAKE / LIBRARY TOKEN  v0.1.38
@crab-dev/rc-breadcrumbs:generate:token: 
@crab-dev/rc-slider:generate:token: cache miss, executing cff6a30a2de65742
@crab-dev/rc-tooltip:generate:token: 
@crab-dev/rc-tooltip:generate:token:   ⚡ WAKE / LIBRARY TOKEN  v0.1.38
@crab-dev/rc-tooltip:generate:token: 
@crab-dev/rc-breadcrumbs:generate:token:   ✓  Tokens generated in 60ms
@crab-dev/rc-breadcrumbs:generate:token:      1 files · 2.2 KB
@crab-dev/rc-breadcrumbs:generate:token:      Output  C:\Users\zhang\Desktop\crab-dev\components\rc-breadcrumbs\src\token.ts
@crab-dev/rc-breadcrumbs:generate:token: 
@crab-dev/rc-tooltip:generate:token:   ✓  Tokens generated in 91ms
@crab-dev/rc-tooltip:generate:token:      1 files · 2.1 KB
@crab-dev/rc-tooltip:generate:token:      Output  C:\Users\zhang\Desktop\crab-dev\components\rc-tooltip\src\token.ts
@crab-dev/rc-tooltip:generate:token: 
@crab-dev/rc-alert:generate:token: cache miss, executing fe79e7add19978c7
@crab-dev/rc-divider:generate:token: cache miss, executing 0bd133bd15121eaa
@crab-dev/rc-line-edit:generate:token: 
@crab-dev/rc-line-edit:generate:token:   ⚡ WAKE / LIBRARY TOKEN  v0.1.38
@crab-dev/rc-line-edit:generate:token: 
@crab-dev/rc-line-edit:generate:token:   ✓  Tokens generated in 70ms
@crab-dev/rc-line-edit:generate:token:      1 files · 8.5 KB
@crab-dev/rc-line-edit:generate:token:      Output  C:\Users\zhang\Desktop\crab-dev\components\rc-line-edit\src\token.ts
@crab-dev/rc-line-edit:generate:token: 
@crab-dev/rc-virtual:generate:token: 
@crab-dev/rc-virtual:generate:token:   ⚡ WAKE / LIBRARY TOKEN  v0.1.38
@crab-dev/rc-virtual:generate:token: 
@crab-dev/rc-prose:generate:token: cache miss, executing a4e963094cc4158a
@crab-dev/rc-virtual:generate:token:   ✓  Tokens generated in 71ms
@crab-dev/rc-virtual:generate:token:      1 files · 564 B
@crab-dev/rc-virtual:generate:token:      Output  C:\Users\zhang\Desktop\crab-dev\components\rc-virtual\src\token.ts
@crab-dev/rc-virtual:generate:token: 
@crab-dev/rc-switch:generate:token: 
@crab-dev/rc-switch:generate:token:   ⚡ WAKE / LIBRARY TOKEN  v0.1.38
@crab-dev/rc-switch:generate:token: 
@crab-dev/rc-switch:generate:token:   ✓  Tokens generated in 71ms
@crab-dev/rc-switch:generate:token:      1 files · 6.9 KB
@crab-dev/rc-switch:generate:token:      Output  C:\Users\zhang\Desktop\crab-dev\components\rc-switch\src\token.ts
@crab-dev/rc-switch:generate:token: 
@crab-dev/rc-skeleton:generate:token: cache miss, executing 4ade8de248f6fdaa
@crab-dev/rc-canvas:generate:token: 
@crab-dev/rc-canvas:generate:token:   ⚡ WAKE / LIBRARY TOKEN  v0.1.38
@crab-dev/rc-canvas:generate:token: 
@crab-dev/rc-canvas:generate:token:   ✓  Tokens generated in 75ms
@crab-dev/rc-canvas:generate:token:      1 files · 4.7 KB
@crab-dev/rc-canvas:generate:token:      Output  C:\Users\zhang\Desktop\crab-dev\components\rc-canvas\src\token.ts
@crab-dev/rc-canvas:generate:token: 
@crab-dev/rc-tabs:generate:token: cache miss, executing 9eedde407faf3652
@crab-dev/rc-segmented:generate:token: 
@crab-dev/rc-segmented:generate:token:   ⚡ WAKE / LIBRARY TOKEN  v0.1.38
@crab-dev/rc-segmented:generate:token: 
@crab-dev/rc-segmented:generate:token:   ✓  Tokens generated in 64ms
@crab-dev/rc-segmented:generate:token:      1 files · 7.6 KB
@crab-dev/rc-segmented:generate:token:      Output  C:\Users\zhang\Desktop\crab-dev\components\rc-segmented\src\token.ts
@crab-dev/rc-segmented:generate:token: 
@crab-dev/rc-text-edit:generate:token: 
@crab-dev/rc-text-edit:generate:token:   ⚡ WAKE / LIBRARY TOKEN  v0.1.38
@crab-dev/rc-text-edit:generate:token: 
@crab-dev/rc-avatar:generate:token: cache miss, executing d9a9943e6fce8ecd
@crab-dev/rc-text-edit:generate:token:   ✓  Tokens generated in 79ms
@crab-dev/rc-text-edit:generate:token:      1 files · 8.6 KB
@crab-dev/rc-text-edit:generate:token:      Output  C:\Users\zhang\Desktop\crab-dev\components\rc-text-edit\src\token.ts
@crab-dev/rc-text-edit:generate:token: 
@crab-dev/rc-message:generate:token: 
@crab-dev/rc-message:generate:token:   ⚡ WAKE / LIBRARY TOKEN  v0.1.38
@crab-dev/rc-message:generate:token: 
@crab-dev/rc-number-edit:generate:token: cache miss, executing eb09f4ef2492866b
@crab-dev/rc-message:generate:token:   ✓  Tokens generated in 84ms
@crab-dev/rc-message:generate:token:      1 files · 4.1 KB
@crab-dev/rc-message:generate:token:      Output  C:\Users\zhang\Desktop\crab-dev\components\rc-message\src\token.ts
@crab-dev/rc-message:generate:token: 
@crab-dev/rc-dropdown-container:generate:token: cache miss, executing 671cc40e38a057a6
@crab-dev/rc-slider:generate:token: 
@crab-dev/rc-slider:generate:token:   ⚡ WAKE / LIBRARY TOKEN  v0.1.38
@crab-dev/rc-slider:generate:token: 
@crab-dev/rc-slider:generate:token:   ✓  Tokens generated in 79ms
@crab-dev/rc-slider:generate:token:      1 files · 2.4 KB
@crab-dev/rc-slider:generate:token:      Output  C:\Users\zhang\Desktop\crab-dev\components\rc-slider\src\token.ts
@crab-dev/rc-slider:generate:token: 
@crab-dev/rc-tree:generate:token: cache miss, executing a89a72605578fe75
@crab-dev/rc-alert:generate:token: 
@crab-dev/rc-alert:generate:token:   ⚡ WAKE / LIBRARY TOKEN  v0.1.38
@crab-dev/rc-alert:generate:token: 
@crab-dev/rc-divider:generate:token: 
@crab-dev/rc-divider:generate:token:   ⚡ WAKE / LIBRARY TOKEN  v0.1.38
@crab-dev/rc-divider:generate:token: 
@crab-dev/rc-table:generate:token: cache miss, executing b6a470d495790db3
@crab-dev/rc-alert:generate:token:   ✓  Tokens generated in 58ms
@crab-dev/rc-alert:generate:token:      1 files · 7.2 KB
@crab-dev/rc-alert:generate:token:      Output  C:\Users\zhang\Desktop\crab-dev\components\rc-alert\src\token.ts
@crab-dev/rc-alert:generate:token: 
@crab-dev/rc-divider:generate:token:   ✓  Tokens generated in 63ms
@crab-dev/rc-divider:generate:token:      1 files · 3.0 KB
@crab-dev/rc-divider:generate:token:      Output  C:\Users\zhang\Desktop\crab-dev\components\rc-divider\src\token.ts
@crab-dev/rc-divider:generate:token: 
@crab-dev/rc-flow-diagram:generate:token: cache miss, executing f39e7fb485ee2418
@crab-dev/rc-bar-chart:generate:token: cache miss, executing 2123d333a2651c85
@crab-dev/rc-prose:generate:token: 
@crab-dev/rc-prose:generate:token:   ⚡ WAKE / LIBRARY TOKEN  v0.1.38
@crab-dev/rc-prose:generate:token: 
@crab-dev/rc-prose:generate:token:   ✓  Tokens generated in 73ms
@crab-dev/rc-prose:generate:token:      1 files · 14.1 KB
@crab-dev/rc-prose:generate:token:      Output  C:\Users\zhang\Desktop\crab-dev\components\rc-prose\src\token.ts
@crab-dev/rc-prose:generate:token: 
@crab-dev/rc-skeleton:generate:token: 
@crab-dev/rc-skeleton:generate:token:   ⚡ WAKE / LIBRARY TOKEN  v0.1.38
@crab-dev/rc-skeleton:generate:token: 
@crab-dev/rc-realm:generate:token: cache miss, executing cf9d4c5b6afc31ce
@crab-dev/rc-skeleton:generate:token:   ✓  Tokens generated in 70ms
@crab-dev/rc-skeleton:generate:token:      1 files · 5.1 KB
@crab-dev/rc-skeleton:generate:token:      Output  C:\Users\zhang\Desktop\crab-dev\components\rc-skeleton\src\token.ts
@crab-dev/rc-skeleton:generate:token: 
@crab-dev/rc-tabs:generate:token: 
@crab-dev/rc-tabs:generate:token:   ⚡ WAKE / LIBRARY TOKEN  v0.1.38
@crab-dev/rc-tabs:generate:token: 
@crab-dev/rc-tabs:generate:token:   ✓  Tokens generated in 56ms
@crab-dev/rc-tabs:generate:token:      1 files · 8.9 KB
@crab-dev/rc-tabs:generate:token:      Output  C:\Users\zhang\Desktop\crab-dev\components\rc-tabs\src\token.ts
@crab-dev/rc-tabs:generate:token: 
@crab-dev/rc-app-main-layout:generate:token: cache miss, executing 6f2bc37b0431a645
@crab-dev/rc-avatar:generate:token: 
@crab-dev/rc-avatar:generate:token:   ⚡ WAKE / LIBRARY TOKEN  v0.1.38
@crab-dev/rc-avatar:generate:token: 
@crab-dev/rc-avatar:generate:token:   ✓  Tokens generated in 81ms
@crab-dev/rc-avatar:generate:token:      1 files · 7.5 KB
@crab-dev/rc-avatar:generate:token:      Output  C:\Users\zhang\Desktop\crab-dev\components\rc-avatar\src\token.ts
@crab-dev/rc-avatar:generate:token: 
@crab-dev/rc-number-edit:generate:token: 
@crab-dev/rc-number-edit:generate:token:   ⚡ WAKE / LIBRARY TOKEN  v0.1.38
@crab-dev/rc-number-edit:generate:token: 
@crab-dev/rc-number-edit:generate:token:   ✓  Tokens generated in 65ms
@crab-dev/rc-number-edit:generate:token:      1 files · 4.0 KB
@crab-dev/rc-number-edit:generate:token:      Output  C:\Users\zhang\Desktop\crab-dev\components\rc-number-edit\src\token.ts
@crab-dev/rc-number-edit:generate:token: 
@crab-dev/rc-card:generate:token: cache miss, executing cad4357a9de772aa
@crab-dev/rc-dropdown-container:generate:token: 
@crab-dev/rc-dropdown-container:generate:token:   ⚡ WAKE / LIBRARY TOKEN  v0.1.38
@crab-dev/rc-dropdown-container:generate:token: 
@crab-dev/rc-dropdown-container:generate:token:   ✓  Tokens generated in 64ms
@crab-dev/rc-dropdown-container:generate:token:      1 files · 1.2 KB
@crab-dev/rc-dropdown-container:generate:token:      Output  C:\Users\zhang\Desktop\crab-dev\components\rc-dropdown-container\src\token.ts
@crab-dev/rc-dropdown-container:generate:token: 
@crab-dev/rc-tree:generate:token: 
@crab-dev/rc-tree:generate:token:   ⚡ WAKE / LIBRARY TOKEN  v0.1.38
@crab-dev/rc-tree:generate:token: 
@crab-dev/rc-tree:generate:token:   ✓  Tokens generated in 60ms
@crab-dev/rc-tree:generate:token:      1 files · 6.4 KB
@crab-dev/rc-tree:generate:token:      Output  C:\Users\zhang\Desktop\crab-dev\components\rc-tree\src\token.ts
@crab-dev/rc-tree:generate:token: 
@crab-dev/rc-table:generate:token: 
@crab-dev/rc-table:generate:token:   ⚡ WAKE / LIBRARY TOKEN  v0.1.38
@crab-dev/rc-table:generate:token: 
@crab-dev/rc-date-picker:generate:token: cache miss, executing e010b359d913f805
@crab-dev/rc-select:generate:token: cache miss, executing 9bc06f3559d8b3e1
@crab-dev/rc-table:generate:token:   ✓  Tokens generated in 54ms
@crab-dev/rc-table:generate:token:      1 files · 19.0 KB
@crab-dev/rc-table:generate:token:      Output  C:\Users\zhang\Desktop\crab-dev\components\rc-table\src\token.ts
@crab-dev/rc-table:generate:token: 
@crab-dev/rc-flow-diagram:generate:token: 
@crab-dev/rc-flow-diagram:generate:token:   ⚡ WAKE / LIBRARY TOKEN  v0.1.38
@crab-dev/rc-flow-diagram:generate:token: 
@crab-dev/rc-flow-diagram:generate:token:   ✓  Tokens generated in 63ms
@crab-dev/rc-flow-diagram:generate:token:      1 files · 1.5 KB
@crab-dev/rc-flow-diagram:generate:token:      Output  C:\Users\zhang\Desktop\crab-dev\components\rc-flow-diagram\src\token.ts
@crab-dev/rc-flow-diagram:generate:token: 
@crab-dev/rc-bar-chart:generate:token: 
@crab-dev/rc-bar-chart:generate:token:   ⚡ WAKE / LIBRARY TOKEN  v0.1.38
@crab-dev/rc-bar-chart:generate:token: 
@crab-dev/rc-bar-chart:generate:token:   ✓  Tokens generated in 56ms
@crab-dev/rc-bar-chart:generate:token:      1 files · 8.8 KB
@crab-dev/rc-bar-chart:generate:token:      Output  C:\Users\zhang\Desktop\crab-dev\components\rc-bar-chart\src\token.ts
@crab-dev/rc-bar-chart:generate:token: 
@crab-dev/rc-realm:generate:token: 
@crab-dev/rc-realm:generate:token:   ⚡ WAKE / LIBRARY TOKEN  v0.1.38
@crab-dev/rc-realm:generate:token: 
@crab-dev/rc-realm:generate:token:   ✓  Tokens generated in 43ms
@crab-dev/rc-realm:generate:token:      1 files · 672 B
@crab-dev/rc-realm:generate:token:      Output  C:\Users\zhang\Desktop\crab-dev\components\rc-realm\src\token.ts
@crab-dev/rc-realm:generate:token: 
@crab-dev/rc-app-main-layout:generate:token: 
@crab-dev/rc-app-main-layout:generate:token:   ⚡ WAKE / LIBRARY TOKEN  v0.1.38
@crab-dev/rc-app-main-layout:generate:token: 
@crab-dev/rc-app-main-layout:generate:token:   ✓  Tokens generated in 48ms
@crab-dev/rc-app-main-layout:generate:token:      1 files · 19.8 KB
@crab-dev/rc-app-main-layout:generate:token:      Output  C:\Users\zhang\Desktop\crab-dev\components\rc-app-main-layout\src\token.ts
@crab-dev/rc-app-main-layout:generate:token: 
@crab-dev/rc-card:generate:token: 
@crab-dev/rc-card:generate:token:   ⚡ WAKE / LIBRARY TOKEN  v0.1.38
@crab-dev/rc-card:generate:token: 
@crab-dev/rc-card:generate:token:   ✓  Tokens generated in 48ms
@crab-dev/rc-card:generate:token:      1 files · 10.3 KB
@crab-dev/rc-card:generate:token:      Output  C:\Users\zhang\Desktop\crab-dev\components\rc-card\src\token.ts
@crab-dev/rc-card:generate:token: 
@crab-dev/rc-date-picker:generate:token: 
@crab-dev/rc-date-picker:generate:token:   ⚡ WAKE / LIBRARY TOKEN  v0.1.38
@crab-dev/rc-date-picker:generate:token: 
@crab-dev/rc-date-picker:generate:token:   ✓  Tokens generated in 40ms
@crab-dev/rc-date-picker:generate:token:      1 files · 5.2 KB
@crab-dev/rc-date-picker:generate:token:      Output  C:\Users\zhang\Desktop\crab-dev\components\rc-date-picker\src\token.ts
@crab-dev/rc-date-picker:generate:token: 
@crab-dev/rc-select:generate:token: 
@crab-dev/rc-select:generate:token:   ⚡ WAKE / LIBRARY TOKEN  v0.1.38
@crab-dev/rc-select:generate:token: 
@crab-dev/rc-select:generate:token:   ✓  Tokens generated in 31ms
@crab-dev/rc-select:generate:token:      1 files · 11.4 KB
@crab-dev/rc-select:generate:token:      Output  C:\Users\zhang\Desktop\crab-dev\components\rc-select\src\token.ts
@crab-dev/rc-select:generate:token: 
@crab-dev/rc-pagination:generate:token: cache miss, executing 2b0ef2b41b509f94
@crab-dev/rc-form:generate:token: cache miss, executing 473530cd2638b385
@crab-dev/rc-cron-picker:generate:token: cache miss, executing f573e0b597135265
@crab-dev/rc-color-picker:generate:token: cache miss, executing 6b8971e5a4794507
@crab-dev/rc-pagination:generate:token: 
@crab-dev/rc-pagination:generate:token:   ⚡ WAKE / LIBRARY TOKEN  v0.1.38
@crab-dev/rc-pagination:generate:token: 
@crab-dev/rc-pagination:generate:token:   ✓  Tokens generated in 34ms
@crab-dev/rc-pagination:generate:token:      1 files · 7.8 KB
@crab-dev/rc-pagination:generate:token:      Output  C:\Users\zhang\Desktop\crab-dev\components\rc-pagination\src\token.ts
@crab-dev/rc-pagination:generate:token: 
@crab-dev/rc-form:generate:token: 
@crab-dev/rc-form:generate:token:   ⚡ WAKE / LIBRARY TOKEN  v0.1.38
@crab-dev/rc-form:generate:token: 
@crab-dev/rc-form:generate:token:   ✓  Tokens generated in 44ms
@crab-dev/rc-form:generate:token:      1 files · 2.9 KB
@crab-dev/rc-form:generate:token:      Output  C:\Users\zhang\Desktop\crab-dev\components\rc-form\src\token.ts
@crab-dev/rc-form:generate:token: 
@crab-dev/rc-table-pro:generate:token: cache miss, executing c4da6560da7bbc77
@crab-dev/rc-cron-picker:generate:token: 
@crab-dev/rc-cron-picker:generate:token:   ⚡ WAKE / LIBRARY TOKEN  v0.1.38
@crab-dev/rc-cron-picker:generate:token: 
@crab-dev/rc-cron-picker:generate:token:   ✓  Tokens generated in 40ms
@crab-dev/rc-cron-picker:generate:token:      1 files · 4.6 KB
@crab-dev/rc-cron-picker:generate:token:      Output  C:\Users\zhang\Desktop\crab-dev\components\rc-cron-picker\src\token.ts
@crab-dev/rc-cron-picker:generate:token: 
@crab-dev/rc-dialog:generate:token: cache miss, executing 240bbfd00a1d3d74
@crab-dev/rc-color-picker:generate:token: 
@crab-dev/rc-color-picker:generate:token:   ⚡ WAKE / LIBRARY TOKEN  v0.1.38
@crab-dev/rc-color-picker:generate:token: 
@crab-dev/rc-color-picker:generate:token:   ✓  Tokens generated in 36ms
@crab-dev/rc-color-picker:generate:token:      1 files · 6.4 KB
@crab-dev/rc-color-picker:generate:token:      Output  C:\Users\zhang\Desktop\crab-dev\components\rc-color-picker\src\token.ts
@crab-dev/rc-color-picker:generate:token: 
@crab-dev/rc-table-pro:generate:token: 
@crab-dev/rc-table-pro:generate:token:   ⚡ WAKE / LIBRARY TOKEN  v0.1.38
@crab-dev/rc-table-pro:generate:token: 
@crab-dev/rc-table-pro:generate:token:   ✓  Tokens generated in 27ms
@crab-dev/rc-table-pro:generate:token:      1 files · 6.4 KB
@crab-dev/rc-table-pro:generate:token:      Output  C:\Users\zhang\Desktop\crab-dev\components\rc-table-pro\src\token.ts
@crab-dev/rc-table-pro:generate:token: 
@crab-dev/rc-dialog:generate:token: 
@crab-dev/rc-dialog:generate:token:   ⚡ WAKE / LIBRARY TOKEN  v0.1.38
@crab-dev/rc-dialog:generate:token: 
@crab-dev/rc-dialog:generate:token:   ✓  Tokens generated in 29ms
@crab-dev/rc-dialog:generate:token:      1 files · 3.1 KB
@crab-dev/rc-dialog:generate:token:      Output  C:\Users\zhang\Desktop\crab-dev\components\rc-dialog\src\token.ts
@crab-dev/rc-dialog:generate:token: 

 Tasks:    48 successful, 48 total
Cached:    1 cached, 48 total
  Time:    15.301s 

