• turbo 2.10.12
 WARNING  Circular package dependency detected: @crab-dev/rc-masonry, @crab-dev/rc-spin, @crab-dev/rc-button, @crab-dev/rc-component-preview, @crab-dev/rc-menu

   • Packages in scope: @crab-dev/rc-alert, @crab-dev/rc-app-main-layout, @crab-dev/rc-auto-sizer, @crab-dev/rc-avatar, @crab-dev/rc-badge, @crab-dev/rc-bar-chart, @crab-dev/rc-breadcrumbs, @crab-dev/rc-button, @crab-dev/rc-canvas, @crab-dev/rc-card, @crab-dev/rc-checkbox, @crab-dev/rc-color-picker, @crab-dev/rc-component-preview, @crab-dev/rc-cron-picker, @crab-dev/rc-date-picker, @crab-dev/rc-dialog, @crab-dev/rc-divider, @crab-dev/rc-drawer, @crab-dev/rc-dropdown-container, @crab-dev/rc-empty, @crab-dev/rc-flow-diagram, @crab-dev/rc-form, @crab-dev/rc-hooks, @crab-dev/rc-line-edit, @crab-dev/rc-masonry, @crab-dev/rc-menu, @crab-dev/rc-message, @crab-dev/rc-notification, @crab-dev/rc-number-edit, @crab-dev/rc-pagination, @crab-dev/rc-prose, @crab-dev/rc-radio, @crab-dev/rc-realm, @crab-dev/rc-router, @crab-dev/rc-segmented, @crab-dev/rc-select, @crab-dev/rc-skeleton, @crab-dev/rc-slider, @crab-dev/rc-spin, @crab-dev/rc-split-pane, @crab-dev/rc-switch, @crab-dev/rc-table, @crab-dev/rc-table-pro, @crab-dev/rc-tabs, @crab-dev/rc-tag, @crab-dev/rc-text-edit, @crab-dev/rc-theme, @crab-dev/rc-token-global, @crab-dev/rc-token-semantic, @crab-dev/rc-tooltip, @crab-dev/rc-tree, @crab-dev/rc-virtual, @crab-dev/standards-eslint-preset, @crab-dev/standards-typescript-preset, @crab-dev/website
   • Running build:library in 55 packages
   • Remote caching disabled

@crab-dev/rc-hooks:build:library: cache miss, executing a89541e434eb39ac
@crab-dev/rc-token-global:build:library: cache miss, executing 2eed2fe931833f43
@crab-dev/rc-hooks:build:library: 
@crab-dev/rc-hooks:build:library:   ⚡ WAKE / LIBRARY BUILD  v0.1.38
@crab-dev/rc-hooks:build:library: 
@crab-dev/rc-hooks:build:library:   ✓  Built library in 336ms
@crab-dev/rc-hooks:build:library:      13 modules · 39 files · 25.0 KB
@crab-dev/rc-hooks:build:library:      Output  C:\Users\zhang\Desktop\crab-dev\components\rc-hooks
@crab-dev/rc-hooks:build:library: 
@crab-dev/rc-token-global:build:library: 
@crab-dev/rc-token-global:build:library:   ⚡ WAKE / LIBRARY TOKEN  v0.1.38
@crab-dev/rc-token-global:build:library: 
@crab-dev/rc-token-global:build:library:   ✓  Tokens generated in 8ms
@crab-dev/rc-token-global:build:library:      1 files · 15.0 KB
@crab-dev/rc-token-global:build:library:      Output  C:\Users\zhang\Desktop\crab-dev\components\rc-token-global\src\token.ts
@crab-dev/rc-token-global:build:library: 
@crab-dev/rc-token-global:build:library: 
@crab-dev/rc-token-global:build:library:   ⚡ WAKE / LIBRARY BUILD  v0.1.38
@crab-dev/rc-token-global:build:library: 
@crab-dev/rc-token-global:build:library:   ✓  Built library in 103ms
@crab-dev/rc-token-global:build:library:      2 modules · 6 files · 35.1 KB
@crab-dev/rc-token-global:build:library:      Output  C:\Users\zhang\Desktop\crab-dev\components\rc-token-global
@crab-dev/rc-token-global:build:library: 
@crab-dev/rc-token-semantic:build:library: cache miss, executing ab8b7e891e7c9646
@crab-dev/rc-token-semantic:build:library: 
@crab-dev/rc-token-semantic:build:library:   ⚡ WAKE / LIBRARY TOKEN  v0.1.38
@crab-dev/rc-token-semantic:build:library: 
@crab-dev/rc-token-semantic:build:library:   ✓  Tokens generated in 40ms
@crab-dev/rc-token-semantic:build:library:      1 files · 23.9 KB
@crab-dev/rc-token-semantic:build:library:      Output  C:\Users\zhang\Desktop\crab-dev\components\rc-token-semantic\src\token.ts
@crab-dev/rc-token-semantic:build:library: 
@crab-dev/rc-token-semantic:build:library: 
@crab-dev/rc-token-semantic:build:library:   ⚡ WAKE / LIBRARY BUILD  v0.1.38
@crab-dev/rc-token-semantic:build:library: 
@crab-dev/rc-token-semantic:build:library:   ✓  Built library in 104ms
@crab-dev/rc-token-semantic:build:library:      3 modules · 9 files · 55.7 KB
@crab-dev/rc-token-semantic:build:library:      Output  C:\Users\zhang\Desktop\crab-dev\components\rc-token-semantic
@crab-dev/rc-token-semantic:build:library: 
@crab-dev/rc-theme:build:library: cache miss, executing 8baaabba73e617e0
@crab-dev/rc-component-preview:build:library: cache miss, executing 528aebe1e739f895
@crab-dev/rc-menu:build:library: cache miss, executing 9fa9989488994037
@crab-dev/rc-masonry:build:library: cache miss, executing 6cd9f9f0012b1044
@crab-dev/rc-spin:build:library: cache miss, executing 58724dccf41c5587
@crab-dev/rc-theme:build:library: 
@crab-dev/rc-theme:build:library:   ⚡ WAKE / LIBRARY BUILD  v0.1.38
@crab-dev/rc-theme:build:library: 
@crab-dev/rc-theme:build:library:   ✓  Built library in 227ms
@crab-dev/rc-theme:build:library:      3 modules · 8 files · 52.3 KB
@crab-dev/rc-theme:build:library:      Output  C:\Users\zhang\Desktop\crab-dev\components\rc-theme
@crab-dev/rc-theme:build:library: 
@crab-dev/rc-component-preview:build:library: 
@crab-dev/rc-component-preview:build:library:   ⚡ WAKE / LIBRARY TOKEN  v0.1.38
@crab-dev/rc-component-preview:build:library: 
@crab-dev/rc-component-preview:build:library:   ✓  Tokens generated in 53ms
@crab-dev/rc-component-preview:build:library:      1 files · 14.3 KB
@crab-dev/rc-component-preview:build:library:      Output  C:\Users\zhang\Desktop\crab-dev\components\rc-component-preview\src\token.ts
@crab-dev/rc-component-preview:build:library: 
@crab-dev/rc-menu:build:library: 
@crab-dev/rc-menu:build:library:   ⚡ WAKE / LIBRARY TOKEN  v0.1.38
@crab-dev/rc-menu:build:library: 
@crab-dev/rc-menu:build:library:   ✓  Tokens generated in 50ms
@crab-dev/rc-menu:build:library:      1 files · 19.1 KB
@crab-dev/rc-menu:build:library:      Output  C:\Users\zhang\Desktop\crab-dev\components\rc-menu\src\token.ts
@crab-dev/rc-menu:build:library: 
@crab-dev/rc-masonry:build:library: 
@crab-dev/rc-masonry:build:library:   ⚡ WAKE / LIBRARY TOKEN  v0.1.38
@crab-dev/rc-masonry:build:library: 
@crab-dev/rc-masonry:build:library:   ✓  Tokens generated in 49ms
@crab-dev/rc-masonry:build:library:      1 files · 633 B
@crab-dev/rc-masonry:build:library:      Output  C:\Users\zhang\Desktop\crab-dev\components\rc-masonry\src\token.ts
@crab-dev/rc-masonry:build:library: 
@crab-dev/rc-spin:build:library: 
@crab-dev/rc-spin:build:library:   ⚡ WAKE / LIBRARY TOKEN  v0.1.38
@crab-dev/rc-spin:build:library: 
@crab-dev/rc-spin:build:library:   ✓  Tokens generated in 35ms
@crab-dev/rc-spin:build:library:      1 files · 4.6 KB
@crab-dev/rc-spin:build:library:      Output  C:\Users\zhang\Desktop\crab-dev\components\rc-spin\src\token.ts
@crab-dev/rc-spin:build:library: 
@crab-dev/rc-component-preview:build:library: 
@crab-dev/rc-component-preview:build:library:   ⚡ WAKE / LIBRARY BUILD  v0.1.38
@crab-dev/rc-component-preview:build:library: 
@crab-dev/rc-menu:build:library: 
@crab-dev/rc-menu:build:library:   ⚡ WAKE / LIBRARY BUILD  v0.1.38
@crab-dev/rc-menu:build:library: 
@crab-dev/rc-masonry:build:library: 
@crab-dev/rc-masonry:build:library:   ⚡ WAKE / LIBRARY BUILD  v0.1.38
@crab-dev/rc-masonry:build:library: 
@crab-dev/rc-component-preview:build:library:   ✓  Built library in 285ms
@crab-dev/rc-component-preview:build:library:      5 modules · 14 files · 63.6 KB
@crab-dev/rc-component-preview:build:library:      Output  C:\Users\zhang\Desktop\crab-dev\components\rc-component-preview
@crab-dev/rc-component-preview:build:library: 
@crab-dev/rc-spin:build:library: 
@crab-dev/rc-spin:build:library:   ⚡ WAKE / LIBRARY BUILD  v0.1.38
@crab-dev/rc-spin:build:library: 
@crab-dev/rc-masonry:build:library:   ✓  Built library in 183ms
@crab-dev/rc-masonry:build:library:      3 modules · 11 files · 10.4 KB
@crab-dev/rc-masonry:build:library:      Output  C:\Users\zhang\Desktop\crab-dev\components\rc-masonry
@crab-dev/rc-masonry:build:library: 
@crab-dev/rc-menu:build:library:   ✓  Built library in 672ms
@crab-dev/rc-menu:build:library:      13 modules · 31 files · 106.6 KB
@crab-dev/rc-menu:build:library:      Output  C:\Users\zhang\Desktop\crab-dev\components\rc-menu
@crab-dev/rc-menu:build:library: 
@crab-dev/rc-spin:build:library:   ✓  Built library in 589ms
@crab-dev/rc-spin:build:library:      5 modules · 17 files · 27.7 KB
@crab-dev/rc-spin:build:library:      Output  C:\Users\zhang\Desktop\crab-dev\components\rc-spin
@crab-dev/rc-spin:build:library: 
@crab-dev/rc-virtual:build:library: cache miss, executing 84cbf1a2311beee5
@crab-dev/rc-radio:build:library: cache miss, executing a494d5f0f02a5604
@crab-dev/rc-empty:build:library: cache miss, executing 8c181153a565ffa1
@crab-dev/rc-line-edit:build:library: cache miss, executing 24e6be0cc1739c7e
@crab-dev/rc-badge:build:library: cache miss, executing ef2c6f432046378e
@crab-dev/rc-tag:build:library: cache miss, executing 53139951b56fb0e4
@crab-dev/rc-slider:build:library: cache miss, executing 5bddb6f719e03928
@crab-dev/rc-alert:build:library: cache miss, executing 810aebc92f5cea6e
@crab-dev/rc-canvas:build:library: cache miss, executing 0a3f6eb7df3ff46a
@crab-dev/rc-breadcrumbs:build:library: cache miss, executing abc465adbc111b29
@crab-dev/rc-virtual:build:library: 
@crab-dev/rc-virtual:build:library:   ⚡ WAKE / LIBRARY TOKEN  v0.1.38
@crab-dev/rc-virtual:build:library: 
@crab-dev/rc-virtual:build:library:   ✓  Tokens generated in 63ms
@crab-dev/rc-virtual:build:library:      1 files · 564 B
@crab-dev/rc-virtual:build:library:      Output  C:\Users\zhang\Desktop\crab-dev\components\rc-virtual\src\token.ts
@crab-dev/rc-virtual:build:library: 
@crab-dev/rc-radio:build:library: 
@crab-dev/rc-radio:build:library:   ⚡ WAKE / LIBRARY TOKEN  v0.1.38
@crab-dev/rc-radio:build:library: 
@crab-dev/rc-radio:build:library:   ✓  Tokens generated in 53ms
@crab-dev/rc-radio:build:library:      1 files · 7.1 KB
@crab-dev/rc-radio:build:library:      Output  C:\Users\zhang\Desktop\crab-dev\components\rc-radio\src\token.ts
@crab-dev/rc-radio:build:library: 
@crab-dev/rc-empty:build:library: 
@crab-dev/rc-empty:build:library:   ⚡ WAKE / LIBRARY TOKEN  v0.1.38
@crab-dev/rc-empty:build:library: 
@crab-dev/rc-line-edit:build:library: 
@crab-dev/rc-line-edit:build:library:   ⚡ WAKE / LIBRARY TOKEN  v0.1.38
@crab-dev/rc-line-edit:build:library: 
@crab-dev/rc-empty:build:library:   ✓  Tokens generated in 64ms
@crab-dev/rc-empty:build:library:      1 files · 2.5 KB
@crab-dev/rc-empty:build:library:      Output  C:\Users\zhang\Desktop\crab-dev\components\rc-empty\src\token.ts
@crab-dev/rc-empty:build:library: 
@crab-dev/rc-badge:build:library: 
@crab-dev/rc-badge:build:library:   ⚡ WAKE / LIBRARY TOKEN  v0.1.38
@crab-dev/rc-badge:build:library: 
@crab-dev/rc-line-edit:build:library:   ✓  Tokens generated in 68ms
@crab-dev/rc-line-edit:build:library:      1 files · 7.6 KB
@crab-dev/rc-line-edit:build:library:      Output  C:\Users\zhang\Desktop\crab-dev\components\rc-line-edit\src\token.ts
@crab-dev/rc-line-edit:build:library: 
@crab-dev/rc-badge:build:library:   ✓  Tokens generated in 68ms
@crab-dev/rc-badge:build:library:      1 files · 5.5 KB
@crab-dev/rc-badge:build:library:      Output  C:\Users\zhang\Desktop\crab-dev\components\rc-badge\src\token.ts
@crab-dev/rc-badge:build:library: 
@crab-dev/rc-tag:build:library: 
@crab-dev/rc-tag:build:library:   ⚡ WAKE / LIBRARY TOKEN  v0.1.38
@crab-dev/rc-tag:build:library: 
@crab-dev/rc-slider:build:library: 
@crab-dev/rc-slider:build:library:   ⚡ WAKE / LIBRARY TOKEN  v0.1.38
@crab-dev/rc-slider:build:library: 
@crab-dev/rc-tag:build:library:   ✓  Tokens generated in 88ms
@crab-dev/rc-tag:build:library:      1 files · 7.3 KB
@crab-dev/rc-tag:build:library:      Output  C:\Users\zhang\Desktop\crab-dev\components\rc-tag\src\token.ts
@crab-dev/rc-tag:build:library: 
@crab-dev/rc-slider:build:library:   ✓  Tokens generated in 78ms
@crab-dev/rc-slider:build:library:      1 files · 2.4 KB
@crab-dev/rc-slider:build:library:      Output  C:\Users\zhang\Desktop\crab-dev\components\rc-slider\src\token.ts
@crab-dev/rc-slider:build:library: 
@crab-dev/rc-canvas:build:library: 
@crab-dev/rc-canvas:build:library:   ⚡ WAKE / LIBRARY TOKEN  v0.1.38
@crab-dev/rc-canvas:build:library: 
@crab-dev/rc-virtual:build:library: 
@crab-dev/rc-virtual:build:library:   ⚡ WAKE / LIBRARY BUILD  v0.1.38
@crab-dev/rc-virtual:build:library: 
@crab-dev/rc-alert:build:library: 
@crab-dev/rc-alert:build:library:   ⚡ WAKE / LIBRARY TOKEN  v0.1.38
@crab-dev/rc-alert:build:library: 
@crab-dev/rc-canvas:build:library:   ✓  Tokens generated in 67ms
@crab-dev/rc-canvas:build:library:      1 files · 4.7 KB
@crab-dev/rc-canvas:build:library:      Output  C:\Users\zhang\Desktop\crab-dev\components\rc-canvas\src\token.ts
@crab-dev/rc-canvas:build:library: 
@crab-dev/rc-radio:build:library: 
@crab-dev/rc-radio:build:library:   ⚡ WAKE / LIBRARY BUILD  v0.1.38
@crab-dev/rc-radio:build:library: 
@crab-dev/rc-alert:build:library:   ✓  Tokens generated in 78ms
@crab-dev/rc-alert:build:library:      1 files · 7.2 KB
@crab-dev/rc-alert:build:library:      Output  C:\Users\zhang\Desktop\crab-dev\components\rc-alert\src\token.ts
@crab-dev/rc-alert:build:library: 
@crab-dev/rc-breadcrumbs:build:library: 
@crab-dev/rc-breadcrumbs:build:library:   ⚡ WAKE / LIBRARY TOKEN  v0.1.38
@crab-dev/rc-breadcrumbs:build:library: 
@crab-dev/rc-virtual:build:library:   ✓  Built library in 435ms
@crab-dev/rc-virtual:build:library:      7 modules · 18 files · 53.8 KB
@crab-dev/rc-virtual:build:library:      Output  C:\Users\zhang\Desktop\crab-dev\components\rc-virtual
@crab-dev/rc-virtual:build:library: 
@crab-dev/rc-line-edit:build:library: 
@crab-dev/rc-empty:build:library: 
@crab-dev/rc-empty:build:library:   ⚡ WAKE / LIBRARY BUILD  v0.1.38
@crab-dev/rc-empty:build:library: 
@crab-dev/rc-line-edit:build:library:   ⚡ WAKE / LIBRARY BUILD  v0.1.38
@crab-dev/rc-line-edit:build:library: 
@crab-dev/rc-radio:build:library:   ✓  Built library in 559ms
@crab-dev/rc-radio:build:library:      5 modules · 16 files · 32.6 KB
@crab-dev/rc-radio:build:library:      Output  C:\Users\zhang\Desktop\crab-dev\components\rc-radio
@crab-dev/rc-radio:build:library: 
@crab-dev/rc-breadcrumbs:build:library:   ✓  Tokens generated in 339ms
@crab-dev/rc-breadcrumbs:build:library:      1 files · 2.2 KB
@crab-dev/rc-breadcrumbs:build:library:      Output  C:\Users\zhang\Desktop\crab-dev\components\rc-breadcrumbs\src\token.ts
@crab-dev/rc-breadcrumbs:build:library: 
@crab-dev/rc-badge:build:library: 
@crab-dev/rc-badge:build:library:   ⚡ WAKE / LIBRARY BUILD  v0.1.38
@crab-dev/rc-badge:build:library: 
@crab-dev/rc-skeleton:build:library: cache miss, executing 64123f632344de9d
@crab-dev/rc-line-edit:build:library:   ✓  Built library in 250ms
@crab-dev/rc-line-edit:build:library:      3 modules · 10 files · 34.3 KB
@crab-dev/rc-line-edit:build:library:      Output  C:\Users\zhang\Desktop\crab-dev\components\rc-line-edit
@crab-dev/rc-line-edit:build:library: 
@crab-dev/rc-tag:build:library: 
@crab-dev/rc-tag:build:library:   ⚡ WAKE / LIBRARY BUILD  v0.1.38
@crab-dev/rc-tag:build:library: 
@crab-dev/rc-slider:build:library: 
@crab-dev/rc-slider:build:library:   ⚡ WAKE / LIBRARY BUILD  v0.1.38
@crab-dev/rc-slider:build:library: 
@crab-dev/rc-prose:build:library: cache miss, executing d3ae3dad1c471269
@crab-dev/rc-empty:build:library:   ✓  Built library in 477ms
@crab-dev/rc-empty:build:library:      6 modules · 17 files · 20.6 KB
@crab-dev/rc-empty:build:library:      Output  C:\Users\zhang\Desktop\crab-dev\components\rc-empty
@crab-dev/rc-empty:build:library: 
@crab-dev/rc-badge:build:library:   ✓  Built library in 496ms
@crab-dev/rc-badge:build:library:      3 modules · 11 files · 30.9 KB
@crab-dev/rc-badge:build:library:      Output  C:\Users\zhang\Desktop\crab-dev\components\rc-badge
@crab-dev/rc-badge:build:library: 
@crab-dev/rc-alert:build:library: 
@crab-dev/rc-alert:build:library:   ⚡ WAKE / LIBRARY BUILD  v0.1.38
@crab-dev/rc-alert:build:library: 
@crab-dev/rc-canvas:build:library: 
@crab-dev/rc-canvas:build:library:   ⚡ WAKE / LIBRARY BUILD  v0.1.38
@crab-dev/rc-canvas:build:library: 
@crab-dev/rc-tag:build:library:   ✓  Built library in 416ms
@crab-dev/rc-tag:build:library:      4 modules · 14 files · 36.0 KB
@crab-dev/rc-tag:build:library:      Output  C:\Users\zhang\Desktop\crab-dev\components\rc-tag
@crab-dev/rc-tag:build:library: 
@crab-dev/rc-tooltip:build:library: cache miss, executing d6ebba2d3b2c502f
@crab-dev/rc-auto-sizer:build:library: cache miss, executing ce61342fa066062f
@crab-dev/rc-tabs:build:library: cache miss, executing a920ef9894a4e411
@crab-dev/rc-slider:build:library:   ✓  Built library in 538ms
@crab-dev/rc-slider:build:library:      4 modules · 13 files · 19.3 KB
@crab-dev/rc-slider:build:library:      Output  C:\Users\zhang\Desktop\crab-dev\components\rc-slider
@crab-dev/rc-slider:build:library: 
@crab-dev/rc-text-edit:build:library: cache miss, executing 3c4b433ee82552f4
@crab-dev/rc-alert:build:library:   ✓  Built library in 472ms
@crab-dev/rc-alert:build:library:      4 modules · 13 files · 36.6 KB
@crab-dev/rc-alert:build:library:      Output  C:\Users\zhang\Desktop\crab-dev\components\rc-alert
@crab-dev/rc-alert:build:library: 
@crab-dev/rc-breadcrumbs:build:library: 
@crab-dev/rc-breadcrumbs:build:library:   ⚡ WAKE / LIBRARY BUILD  v0.1.38
@crab-dev/rc-breadcrumbs:build:library: 
@crab-dev/rc-switch:build:library: cache miss, executing f2a2cd33367daf4e
@crab-dev/rc-checkbox:build:library: cache miss, executing 8e6aff903ffc8d8c
@crab-dev/rc-canvas:build:library:   ✓  Built library in 2.44s
@crab-dev/rc-canvas:build:library:      39 modules · 107 files · 339.7 KB
@crab-dev/rc-canvas:build:library:      Output  C:\Users\zhang\Desktop\crab-dev\components\rc-canvas
@crab-dev/rc-canvas:build:library: 
@crab-dev/rc-breadcrumbs:build:library:   ✓  Built library in 1.84s
@crab-dev/rc-breadcrumbs:build:library:      3 modules · 11 files · 14.8 KB
@crab-dev/rc-breadcrumbs:build:library:      Output  C:\Users\zhang\Desktop\crab-dev\components\rc-breadcrumbs
@crab-dev/rc-breadcrumbs:build:library: 
@crab-dev/rc-notification:build:library: cache miss, executing 71c076288465dd30
@crab-dev/rc-message:build:library: cache miss, executing b1cd59b11c305f73
@crab-dev/rc-auto-sizer:build:library: 
@crab-dev/rc-auto-sizer:build:library:   ⚡ WAKE / LIBRARY BUILD  v0.1.38
@crab-dev/rc-auto-sizer:build:library: 
@crab-dev/rc-auto-sizer:build:library:   ✓  Built library in 213ms
@crab-dev/rc-auto-sizer:build:library:      2 modules · 8 files · 5.1 KB
@crab-dev/rc-auto-sizer:build:library:      Output  C:\Users\zhang\Desktop\crab-dev\components\rc-auto-sizer
@crab-dev/rc-auto-sizer:build:library: 
@crab-dev/rc-router:build:library: cache miss, executing 9367f09a6b434303
@crab-dev/rc-prose:build:library: 
@crab-dev/rc-prose:build:library:   ⚡ WAKE / LIBRARY TOKEN  v0.1.38
@crab-dev/rc-prose:build:library: 
@crab-dev/rc-skeleton:build:library: 
@crab-dev/rc-skeleton:build:library:   ⚡ WAKE / LIBRARY TOKEN  v0.1.38
@crab-dev/rc-skeleton:build:library: 
@crab-dev/rc-prose:build:library:   ✓  Tokens generated in 88ms
@crab-dev/rc-prose:build:library:      1 files · 14.1 KB
@crab-dev/rc-prose:build:library:      Output  C:\Users\zhang\Desktop\crab-dev\components\rc-prose\src\token.ts
@crab-dev/rc-prose:build:library: 
@crab-dev/rc-skeleton:build:library:   ✓  Tokens generated in 67ms
@crab-dev/rc-skeleton:build:library:      1 files · 5.1 KB
@crab-dev/rc-skeleton:build:library:      Output  C:\Users\zhang\Desktop\crab-dev\components\rc-skeleton\src\token.ts
@crab-dev/rc-skeleton:build:library: 
@crab-dev/rc-tooltip:build:library: 
@crab-dev/rc-tooltip:build:library:   ⚡ WAKE / LIBRARY TOKEN  v0.1.38
@crab-dev/rc-tooltip:build:library: 
@crab-dev/rc-tabs:build:library: 
@crab-dev/rc-tabs:build:library:   ⚡ WAKE / LIBRARY TOKEN  v0.1.38
@crab-dev/rc-tabs:build:library: 
@crab-dev/rc-tooltip:build:library:   ✓  Tokens generated in 72ms
@crab-dev/rc-tooltip:build:library:      1 files · 2.1 KB
@crab-dev/rc-tooltip:build:library:      Output  C:\Users\zhang\Desktop\crab-dev\components\rc-tooltip\src\token.ts
@crab-dev/rc-tooltip:build:library: 
@crab-dev/rc-tabs:build:library:   ✓  Tokens generated in 72ms
@crab-dev/rc-tabs:build:library:      1 files · 8.9 KB
@crab-dev/rc-tabs:build:library:      Output  C:\Users\zhang\Desktop\crab-dev\components\rc-tabs\src\token.ts
@crab-dev/rc-tabs:build:library: 
@crab-dev/rc-switch:build:library: 
@crab-dev/rc-switch:build:library:   ⚡ WAKE / LIBRARY TOKEN  v0.1.38
@crab-dev/rc-switch:build:library: 
@crab-dev/rc-switch:build:library:   ✓  Tokens generated in 74ms
@crab-dev/rc-switch:build:library:      1 files · 6.5 KB
@crab-dev/rc-switch:build:library:      Output  C:\Users\zhang\Desktop\crab-dev\components\rc-switch\src\token.ts
@crab-dev/rc-switch:build:library: 
@crab-dev/rc-text-edit:build:library: 
@crab-dev/rc-text-edit:build:library:   ⚡ WAKE / LIBRARY TOKEN  v0.1.38
@crab-dev/rc-text-edit:build:library: 
@crab-dev/rc-text-edit:build:library:   ✓  Tokens generated in 64ms
@crab-dev/rc-text-edit:build:library:      1 files · 7.7 KB
@crab-dev/rc-text-edit:build:library:      Output  C:\Users\zhang\Desktop\crab-dev\components\rc-text-edit\src\token.ts
@crab-dev/rc-text-edit:build:library: 
@crab-dev/rc-prose:build:library: 
@crab-dev/rc-prose:build:library:   ⚡ WAKE / LIBRARY BUILD  v0.1.38
@crab-dev/rc-prose:build:library: 
@crab-dev/rc-skeleton:build:library: 
@crab-dev/rc-skeleton:build:library:   ⚡ WAKE / LIBRARY BUILD  v0.1.38
@crab-dev/rc-skeleton:build:library: 
@crab-dev/rc-skeleton:build:library:   ✓  Built library in 213ms
@crab-dev/rc-skeleton:build:library:      3 modules · 11 files · 26.7 KB
@crab-dev/rc-skeleton:build:library:      Output  C:\Users\zhang\Desktop\crab-dev\components\rc-skeleton
@crab-dev/rc-skeleton:build:library: 
@crab-dev/rc-prose:build:library:   ✓  Built library in 378ms
@crab-dev/rc-prose:build:library:      3 modules · 11 files · 63.1 KB
@crab-dev/rc-prose:build:library:      Output  C:\Users\zhang\Desktop\crab-dev\components\rc-prose
@crab-dev/rc-prose:build:library: 
@crab-dev/rc-tooltip:build:library: 
@crab-dev/rc-tooltip:build:library:   ⚡ WAKE / LIBRARY BUILD  v0.1.38
@crab-dev/rc-tooltip:build:library: 
@crab-dev/rc-checkbox:build:library: 
@crab-dev/rc-checkbox:build:library:   ⚡ WAKE / LIBRARY TOKEN  v0.1.38
@crab-dev/rc-checkbox:build:library: 
@crab-dev/rc-checkbox:build:library:   ✓  Tokens generated in 66ms
@crab-dev/rc-checkbox:build:library:      1 files · 10.3 KB
@crab-dev/rc-checkbox:build:library:      Output  C:\Users\zhang\Desktop\crab-dev\components\rc-checkbox\src\token.ts
@crab-dev/rc-checkbox:build:library: 
@crab-dev/rc-split-pane:build:library: cache miss, executing 80ab66dbdfc2ae8a
@crab-dev/rc-tabs:build:library: 
@crab-dev/rc-tabs:build:library:   ⚡ WAKE / LIBRARY BUILD  v0.1.38
@crab-dev/rc-tabs:build:library: 
@crab-dev/rc-router:build:library: 
@crab-dev/rc-router:build:library:   ⚡ WAKE / LIBRARY BUILD  v0.1.38
@crab-dev/rc-router:build:library: 
@crab-dev/rc-tooltip:build:library:   ✓  Built library in 265ms
@crab-dev/rc-tooltip:build:library:      3 modules · 11 files · 15.9 KB
@crab-dev/rc-tooltip:build:library:      Output  C:\Users\zhang\Desktop\crab-dev\components\rc-tooltip
@crab-dev/rc-tooltip:build:library: 
@crab-dev/rc-segmented:build:library: cache miss, executing 48b6ed72b330998c
@crab-dev/rc-switch:build:library: 
@crab-dev/rc-switch:build:library:   ⚡ WAKE / LIBRARY BUILD  v0.1.38
@crab-dev/rc-switch:build:library: 
@crab-dev/rc-tabs:build:library:   ✓  Built library in 392ms
@crab-dev/rc-tabs:build:library:      3 modules · 11 files · 49.9 KB
@crab-dev/rc-tabs:build:library:      Output  C:\Users\zhang\Desktop\crab-dev\components\rc-tabs
@crab-dev/rc-tabs:build:library: 
@crab-dev/rc-button:build:library: cache miss, executing 0989afa29c90f9ba
@crab-dev/rc-text-edit:build:library: 
@crab-dev/rc-text-edit:build:library:   ⚡ WAKE / LIBRARY BUILD  v0.1.38
@crab-dev/rc-text-edit:build:library: 
@crab-dev/rc-number-edit:build:library: cache miss, executing 043f72205df2cd67
@crab-dev/rc-notification:build:library: 
@crab-dev/rc-notification:build:library:   ⚡ WAKE / LIBRARY TOKEN  v0.1.38
@crab-dev/rc-notification:build:library: 
@crab-dev/rc-message:build:library: 
@crab-dev/rc-message:build:library:   ⚡ WAKE / LIBRARY TOKEN  v0.1.38
@crab-dev/rc-message:build:library: 
@crab-dev/rc-router:build:library:   ✓  Built library in 752ms
@crab-dev/rc-router:build:library:      10 modules · 30 files · 68.7 KB
@crab-dev/rc-router:build:library:      Output  C:\Users\zhang\Desktop\crab-dev\components\rc-router
@crab-dev/rc-router:build:library: 
@crab-dev/rc-switch:build:library:   ✓  Built library in 773ms
@crab-dev/rc-switch:build:library:      3 modules · 11 files · 26.5 KB
@crab-dev/rc-switch:build:library:      Output  C:\Users\zhang\Desktop\crab-dev\components\rc-switch
@crab-dev/rc-switch:build:library: 
@crab-dev/rc-text-edit:build:library:   ✓  Built library in 596ms
@crab-dev/rc-text-edit:build:library:      3 modules · 10 files · 33.5 KB
@crab-dev/rc-text-edit:build:library:      Output  C:\Users\zhang\Desktop\crab-dev\components\rc-text-edit
@crab-dev/rc-text-edit:build:library: 
@crab-dev/rc-avatar:build:library: cache miss, executing ef14d0c41fb8efb6
@crab-dev/rc-notification:build:library:   ✓  Tokens generated in 378ms
@crab-dev/rc-notification:build:library:      1 files · 3.1 KB
@crab-dev/rc-notification:build:library:      Output  C:\Users\zhang\Desktop\crab-dev\components\rc-notification\src\token.ts
@crab-dev/rc-notification:build:library: 
@crab-dev/rc-message:build:library:   ✓  Tokens generated in 303ms
@crab-dev/rc-message:build:library:      1 files · 4.1 KB
@crab-dev/rc-message:build:library:      Output  C:\Users\zhang\Desktop\crab-dev\components\rc-message\src\token.ts
@crab-dev/rc-message:build:library: 
@crab-dev/rc-checkbox:build:library: 
@crab-dev/rc-checkbox:build:library:   ⚡ WAKE / LIBRARY BUILD  v0.1.38
@crab-dev/rc-checkbox:build:library: 
@crab-dev/rc-flow-diagram:build:library: cache miss, executing b50da30fea296f7f
@crab-dev/rc-bar-chart:build:library: cache miss, executing d3390a3d3560f8f5
@crab-dev/rc-checkbox:build:library:   ✓  Built library in 408ms
@crab-dev/rc-checkbox:build:library:      5 modules · 16 files · 43.7 KB
@crab-dev/rc-checkbox:build:library:      Output  C:\Users\zhang\Desktop\crab-dev\components\rc-checkbox
@crab-dev/rc-checkbox:build:library: 
@crab-dev/rc-tree:build:library: cache miss, executing 4a28e8e3436ff646
@crab-dev/rc-notification:build:library: 
@crab-dev/rc-notification:build:library:   ⚡ WAKE / LIBRARY BUILD  v0.1.38
@crab-dev/rc-notification:build:library: 
@crab-dev/rc-message:build:library: 
@crab-dev/rc-message:build:library:   ⚡ WAKE / LIBRARY BUILD  v0.1.38
@crab-dev/rc-message:build:library: 
@crab-dev/rc-notification:build:library:   ✓  Built library in 505ms
@crab-dev/rc-notification:build:library:      6 modules · 18 files · 39.0 KB
@crab-dev/rc-notification:build:library:      Output  C:\Users\zhang\Desktop\crab-dev\components\rc-notification
@crab-dev/rc-notification:build:library: 
@crab-dev/rc-message:build:library:   ✓  Built library in 664ms
@crab-dev/rc-message:build:library:      5 modules · 16 files · 38.8 KB
@crab-dev/rc-message:build:library:      Output  C:\Users\zhang\Desktop\crab-dev\components\rc-message
@crab-dev/rc-message:build:library: 
@crab-dev/rc-table:build:library: cache miss, executing c7f63becd56a5d76
@crab-dev/rc-split-pane:build:library: 
@crab-dev/rc-split-pane:build:library:   ⚡ WAKE / LIBRARY TOKEN  v0.1.38
@crab-dev/rc-split-pane:build:library: 
@crab-dev/rc-segmented:build:library: 
@crab-dev/rc-segmented:build:library:   ⚡ WAKE / LIBRARY TOKEN  v0.1.38
@crab-dev/rc-segmented:build:library: 
@crab-dev/rc-split-pane:build:library:   ✓  Tokens generated in 72ms
@crab-dev/rc-split-pane:build:library:      1 files · 2.0 KB
@crab-dev/rc-split-pane:build:library:      Output  C:\Users\zhang\Desktop\crab-dev\components\rc-split-pane\src\token.ts
@crab-dev/rc-split-pane:build:library: 
@crab-dev/rc-segmented:build:library:   ✓  Tokens generated in 82ms
@crab-dev/rc-segmented:build:library:      1 files · 7.3 KB
@crab-dev/rc-segmented:build:library:      Output  C:\Users\zhang\Desktop\crab-dev\components\rc-segmented\src\token.ts
@crab-dev/rc-segmented:build:library: 
@crab-dev/rc-avatar:build:library: 
@crab-dev/rc-number-edit:build:library: 
@crab-dev/rc-avatar:build:library:   ⚡ WAKE / LIBRARY TOKEN  v0.1.38
@crab-dev/rc-number-edit:build:library:   ⚡ WAKE / LIBRARY TOKEN  v0.1.38
@crab-dev/rc-avatar:build:library: 
@crab-dev/rc-number-edit:build:library: 
@crab-dev/rc-button:build:library: 
@crab-dev/rc-button:build:library:   ⚡ WAKE / LIBRARY TOKEN  v0.1.38
@crab-dev/rc-button:build:library: 
@crab-dev/rc-avatar:build:library:   ✓  Tokens generated in 67ms
@crab-dev/rc-avatar:build:library:      1 files · 7.5 KB
@crab-dev/rc-avatar:build:library:      Output  C:\Users\zhang\Desktop\crab-dev\components\rc-avatar\src\token.ts
@crab-dev/rc-avatar:build:library: 
@crab-dev/rc-number-edit:build:library:   ✓  Tokens generated in 78ms
@crab-dev/rc-number-edit:build:library:      1 files · 3.7 KB
@crab-dev/rc-number-edit:build:library:      Output  C:\Users\zhang\Desktop\crab-dev\components\rc-number-edit\src\token.ts
@crab-dev/rc-number-edit:build:library: 
@crab-dev/rc-button:build:library:   ✓  Tokens generated in 78ms
@crab-dev/rc-button:build:library:      1 files · 14.0 KB
@crab-dev/rc-button:build:library:      Output  C:\Users\zhang\Desktop\crab-dev\components\rc-button\src\token.ts
@crab-dev/rc-button:build:library: 
@crab-dev/rc-flow-diagram:build:library: 
@crab-dev/rc-flow-diagram:build:library:   ⚡ WAKE / LIBRARY TOKEN  v0.1.38
@crab-dev/rc-flow-diagram:build:library: 
@crab-dev/rc-flow-diagram:build:library:   ✓  Tokens generated in 70ms
@crab-dev/rc-flow-diagram:build:library:      1 files · 1.5 KB
@crab-dev/rc-flow-diagram:build:library:      Output  C:\Users\zhang\Desktop\crab-dev\components\rc-flow-diagram\src\token.ts
@crab-dev/rc-flow-diagram:build:library: 
@crab-dev/rc-segmented:build:library: 
@crab-dev/rc-segmented:build:library:   ⚡ WAKE / LIBRARY BUILD  v0.1.38
@crab-dev/rc-segmented:build:library: 
@crab-dev/rc-split-pane:build:library: 
@crab-dev/rc-split-pane:build:library:   ⚡ WAKE / LIBRARY BUILD  v0.1.38
@crab-dev/rc-split-pane:build:library: 
@crab-dev/rc-bar-chart:build:library: 
@crab-dev/rc-bar-chart:build:library:   ⚡ WAKE / LIBRARY TOKEN  v0.1.38
@crab-dev/rc-bar-chart:build:library: 
@crab-dev/rc-bar-chart:build:library:   ✓  Tokens generated in 69ms
@crab-dev/rc-bar-chart:build:library:      1 files · 8.7 KB
@crab-dev/rc-bar-chart:build:library:      Output  C:\Users\zhang\Desktop\crab-dev\components\rc-bar-chart\src\token.ts
@crab-dev/rc-bar-chart:build:library: 
@crab-dev/rc-segmented:build:library:   ✓  Built library in 323ms
@crab-dev/rc-segmented:build:library:      3 modules · 11 files · 38.2 KB
@crab-dev/rc-segmented:build:library:      Output  C:\Users\zhang\Desktop\crab-dev\components\rc-segmented
@crab-dev/rc-segmented:build:library: 
@crab-dev/rc-tree:build:library: 
@crab-dev/rc-tree:build:library:   ⚡ WAKE / LIBRARY TOKEN  v0.1.38
@crab-dev/rc-tree:build:library: 
@crab-dev/rc-avatar:build:library: 
@crab-dev/rc-avatar:build:library:   ⚡ WAKE / LIBRARY BUILD  v0.1.38
@crab-dev/rc-avatar:build:library: 
@crab-dev/rc-number-edit:build:library: 
@crab-dev/rc-number-edit:build:library:   ⚡ WAKE / LIBRARY BUILD  v0.1.38
@crab-dev/rc-number-edit:build:library: 
@crab-dev/rc-button:build:library: 
@crab-dev/rc-button:build:library:   ⚡ WAKE / LIBRARY BUILD  v0.1.38
@crab-dev/rc-button:build:library: 
@crab-dev/rc-tree:build:library:   ✓  Tokens generated in 119ms
@crab-dev/rc-tree:build:library:      1 files · 6.4 KB
@crab-dev/rc-tree:build:library:      Output  C:\Users\zhang\Desktop\crab-dev\components\rc-tree\src\token.ts
@crab-dev/rc-tree:build:library: 
@crab-dev/rc-split-pane:build:library:   ✓  Built library in 475ms
@crab-dev/rc-split-pane:build:library:      3 modules · 11 files · 18.1 KB
@crab-dev/rc-split-pane:build:library:      Output  C:\Users\zhang\Desktop\crab-dev\components\rc-split-pane
@crab-dev/rc-split-pane:build:library: 
@crab-dev/rc-avatar:build:library:   ✓  Built library in 382ms
@crab-dev/rc-avatar:build:library:      4 modules · 14 files · 46.4 KB
@crab-dev/rc-avatar:build:library:      Output  C:\Users\zhang\Desktop\crab-dev\components\rc-avatar
@crab-dev/rc-avatar:build:library: 
@crab-dev/rc-flow-diagram:build:library: 
@crab-dev/rc-flow-diagram:build:library:   ⚡ WAKE / LIBRARY BUILD  v0.1.38
@crab-dev/rc-flow-diagram:build:library: 
@crab-dev/rc-number-edit:build:library:   ✓  Built library in 613ms
@crab-dev/rc-number-edit:build:library:      7 modules · 19 files · 47.4 KB
@crab-dev/rc-number-edit:build:library:      Output  C:\Users\zhang\Desktop\crab-dev\components\rc-number-edit
@crab-dev/rc-number-edit:build:library: 
@crab-dev/rc-bar-chart:build:library: 
@crab-dev/rc-bar-chart:build:library:   ⚡ WAKE / LIBRARY BUILD  v0.1.38
@crab-dev/rc-bar-chart:build:library: 
@crab-dev/rc-button:build:library:   ✓  Built library in 809ms
@crab-dev/rc-button:build:library:      6 modules · 19 files · 63.7 KB
@crab-dev/rc-button:build:library:      Output  C:\Users\zhang\Desktop\crab-dev\components\rc-button
@crab-dev/rc-button:build:library: 
@crab-dev/rc-tree:build:library: 
@crab-dev/rc-tree:build:library:   ⚡ WAKE / LIBRARY BUILD  v0.1.38
@crab-dev/rc-tree:build:library: 
@crab-dev/rc-realm:build:library: cache miss, executing 932627544d8bcd89
@crab-dev/rc-divider:build:library: cache miss, executing a4cdc6cb6b2e7748
@crab-dev/rc-card:build:library: cache miss, executing 8be89f068efefa4c
@crab-dev/rc-dropdown-container:build:library: cache miss, executing 82d6c3a2c49a2202
@crab-dev/rc-drawer:build:library: cache miss, executing 7026c72a44f9cae3
@crab-dev/rc-flow-diagram:build:library:   ✓  Built library in 757ms
@crab-dev/rc-flow-diagram:build:library:      11 modules · 32 files · 48.6 KB
@crab-dev/rc-flow-diagram:build:library:      Output  C:\Users\zhang\Desktop\crab-dev\components\rc-flow-diagram
@crab-dev/rc-flow-diagram:build:library: 
@crab-dev/rc-table:build:library: 
@crab-dev/rc-table:build:library:   ⚡ WAKE / LIBRARY TOKEN  v0.1.38
@crab-dev/rc-table:build:library: 
@crab-dev/rc-bar-chart:build:library:   ✓  Built library in 723ms
@crab-dev/rc-bar-chart:build:library:      7 modules · 20 files · 105.0 KB
@crab-dev/rc-bar-chart:build:library:      Output  C:\Users\zhang\Desktop\crab-dev\components\rc-bar-chart
@crab-dev/rc-bar-chart:build:library: 
@crab-dev/rc-table:build:library:   ✓  Tokens generated in 520ms
@crab-dev/rc-table:build:library:      1 files · 19.0 KB
@crab-dev/rc-table:build:library:      Output  C:\Users\zhang\Desktop\crab-dev\components\rc-table\src\token.ts
@crab-dev/rc-tree:build:library:   ✓  Built library in 794ms
@crab-dev/rc-table:build:library: 
@crab-dev/rc-tree:build:library:      8 modules · 24 files · 101.1 KB
@crab-dev/rc-tree:build:library:      Output  C:\Users\zhang\Desktop\crab-dev\components\rc-tree
@crab-dev/rc-tree:build:library: 
@crab-dev/rc-table:build:library: 
@crab-dev/rc-table:build:library:   ⚡ WAKE / LIBRARY BUILD  v0.1.38
@crab-dev/rc-table:build:library: 
@crab-dev/rc-table:build:library:   ✓  Built library in 1.88s
@crab-dev/rc-table:build:library:      27 modules · 63 files · 384.2 KB
@crab-dev/rc-table:build:library:      Output  C:\Users\zhang\Desktop\crab-dev\components\rc-table
@crab-dev/rc-table:build:library: 
@crab-dev/rc-realm:build:library: 
@crab-dev/rc-realm:build:library:   ⚡ WAKE / LIBRARY TOKEN  v0.1.38
@crab-dev/rc-realm:build:library: 
@crab-dev/rc-realm:build:library:   ✓  Tokens generated in 57ms
@crab-dev/rc-realm:build:library:      1 files · 678 B
@crab-dev/rc-realm:build:library:      Output  C:\Users\zhang\Desktop\crab-dev\components\rc-realm\src\token.ts
@crab-dev/rc-realm:build:library: 
@crab-dev/rc-divider:build:library: 
@crab-dev/rc-divider:build:library:   ⚡ WAKE / LIBRARY TOKEN  v0.1.38
@crab-dev/rc-divider:build:library: 
@crab-dev/rc-divider:build:library:   ✓  Tokens generated in 46ms
@crab-dev/rc-divider:build:library:      1 files · 3.0 KB
@crab-dev/rc-divider:build:library:      Output  C:\Users\zhang\Desktop\crab-dev\components\rc-divider\src\token.ts
@crab-dev/rc-divider:build:library: 
@crab-dev/rc-card:build:library: 
@crab-dev/rc-card:build:library:   ⚡ WAKE / LIBRARY TOKEN  v0.1.38
@crab-dev/rc-card:build:library: 
@crab-dev/rc-card:build:library:   ✓  Tokens generated in 57ms
@crab-dev/rc-card:build:library:      1 files · 10.3 KB
@crab-dev/rc-card:build:library:      Output  C:\Users\zhang\Desktop\crab-dev\components\rc-card\src\token.ts
@crab-dev/rc-card:build:library: 
@crab-dev/rc-dropdown-container:build:library: 
@crab-dev/rc-dropdown-container:build:library:   ⚡ WAKE / LIBRARY TOKEN  v0.1.38
@crab-dev/rc-dropdown-container:build:library: 
@crab-dev/rc-dropdown-container:build:library:   ✓  Tokens generated in 49ms
@crab-dev/rc-dropdown-container:build:library:      1 files · 1.2 KB
@crab-dev/rc-dropdown-container:build:library:      Output  C:\Users\zhang\Desktop\crab-dev\components\rc-dropdown-container\src\token.ts
@crab-dev/rc-dropdown-container:build:library: 
@crab-dev/rc-drawer:build:library: 
@crab-dev/rc-drawer:build:library:   ⚡ WAKE / LIBRARY TOKEN  v0.1.38
@crab-dev/rc-drawer:build:library: 
@crab-dev/rc-drawer:build:library:   ✓  Tokens generated in 55ms
@crab-dev/rc-drawer:build:library:      1 files · 5.8 KB
@crab-dev/rc-drawer:build:library:      Output  C:\Users\zhang\Desktop\crab-dev\components\rc-drawer\src\token.ts
@crab-dev/rc-drawer:build:library: 
@crab-dev/rc-realm:build:library: 
@crab-dev/rc-realm:build:library:   ⚡ WAKE / LIBRARY BUILD  v0.1.38
@crab-dev/rc-realm:build:library: 
@crab-dev/rc-divider:build:library: 
@crab-dev/rc-divider:build:library:   ⚡ WAKE / LIBRARY BUILD  v0.1.38
@crab-dev/rc-divider:build:library: 
@crab-dev/rc-card:build:library: 
@crab-dev/rc-card:build:library:   ⚡ WAKE / LIBRARY BUILD  v0.1.38
@crab-dev/rc-card:build:library: 
@crab-dev/rc-divider:build:library:   ✓  Built library in 155ms
@crab-dev/rc-divider:build:library:      3 modules · 10 files · 20.2 KB
@crab-dev/rc-divider:build:library:      Output  C:\Users\zhang\Desktop\crab-dev\components\rc-divider
@crab-dev/rc-divider:build:library: 
@crab-dev/rc-dropdown-container:build:library: 
@crab-dev/rc-dropdown-container:build:library:   ⚡ WAKE / LIBRARY BUILD  v0.1.38
@crab-dev/rc-dropdown-container:build:library: 
@crab-dev/rc-drawer:build:library: 
@crab-dev/rc-drawer:build:library:   ⚡ WAKE / LIBRARY BUILD  v0.1.38
@crab-dev/rc-drawer:build:library: 
@crab-dev/rc-realm:build:library:   ✓  Built library in 554ms
@crab-dev/rc-realm:build:library:      10 modules · 27 files · 47.2 KB
@crab-dev/rc-realm:build:library:      Output  C:\Users\zhang\Desktop\crab-dev\components\rc-realm
@crab-dev/rc-realm:build:library: 
@crab-dev/rc-card:build:library:   ✓  Built library in 571ms
@crab-dev/rc-card:build:library:      9 modules · 23 files · 55.0 KB
@crab-dev/rc-card:build:library:      Output  C:\Users\zhang\Desktop\crab-dev\components\rc-card
@crab-dev/rc-card:build:library: 
@crab-dev/rc-dropdown-container:build:library:   ✓  Built library in 610ms
@crab-dev/rc-dropdown-container:build:library:      5 modules · 16 files · 16.1 KB
@crab-dev/rc-dropdown-container:build:library:      Output  C:\Users\zhang\Desktop\crab-dev\components\rc-dropdown-container
@crab-dev/rc-dropdown-container:build:library: 
@crab-dev/rc-drawer:build:library:   ✓  Built library in 491ms
@crab-dev/rc-drawer:build:library:      3 modules · 10 files · 32.3 KB
@crab-dev/rc-drawer:build:library:      Output  C:\Users\zhang\Desktop\crab-dev\components\rc-drawer
@crab-dev/rc-drawer:build:library: 
@crab-dev/rc-date-picker:build:library: cache miss, executing b849d77439edd5f7
@crab-dev/rc-select:build:library: cache miss, executing abcb8ffcaeabdf92
@crab-dev/rc-app-main-layout:build:library: cache miss, executing 4a95960833dbfe3c
@crab-dev/rc-date-picker:build:library: 
@crab-dev/rc-date-picker:build:library:   ⚡ WAKE / LIBRARY TOKEN  v0.1.38
@crab-dev/rc-date-picker:build:library: 
@crab-dev/rc-date-picker:build:library:   ✓  Tokens generated in 43ms
@crab-dev/rc-date-picker:build:library:      1 files · 5.2 KB
@crab-dev/rc-date-picker:build:library:      Output  C:\Users\zhang\Desktop\crab-dev\components\rc-date-picker\src\token.ts
@crab-dev/rc-date-picker:build:library: 
@crab-dev/rc-select:build:library: 
@crab-dev/rc-select:build:library:   ⚡ WAKE / LIBRARY TOKEN  v0.1.38
@crab-dev/rc-select:build:library: 
@crab-dev/rc-select:build:library:   ✓  Tokens generated in 52ms
@crab-dev/rc-select:build:library:      1 files · 11.4 KB
@crab-dev/rc-select:build:library:      Output  C:\Users\zhang\Desktop\crab-dev\components\rc-select\src\token.ts
@crab-dev/rc-select:build:library: 
@crab-dev/rc-app-main-layout:build:library: 
@crab-dev/rc-app-main-layout:build:library:   ⚡ WAKE / LIBRARY TOKEN  v0.1.38
@crab-dev/rc-app-main-layout:build:library: 
@crab-dev/rc-app-main-layout:build:library:   ✓  Tokens generated in 42ms
@crab-dev/rc-app-main-layout:build:library:      1 files · 19.8 KB
@crab-dev/rc-app-main-layout:build:library:      Output  C:\Users\zhang\Desktop\crab-dev\components\rc-app-main-layout\src\token.ts
@crab-dev/rc-app-main-layout:build:library: 
@crab-dev/rc-date-picker:build:library: 
@crab-dev/rc-date-picker:build:library:   ⚡ WAKE / LIBRARY BUILD  v0.1.38
@crab-dev/rc-date-picker:build:library: 
@crab-dev/rc-select:build:library: 
@crab-dev/rc-select:build:library:   ⚡ WAKE / LIBRARY BUILD  v0.1.38
@crab-dev/rc-select:build:library: 
@crab-dev/rc-app-main-layout:build:library: 
@crab-dev/rc-app-main-layout:build:library:   ⚡ WAKE / LIBRARY BUILD  v0.1.38
@crab-dev/rc-app-main-layout:build:library: 
@crab-dev/rc-date-picker:build:library:   ✓  Built library in 716ms
@crab-dev/rc-date-picker:build:library:      20 modules · 53 files · 98.5 KB
@crab-dev/rc-date-picker:build:library:      Output  C:\Users\zhang\Desktop\crab-dev\components\rc-date-picker
@crab-dev/rc-date-picker:build:library: 
@crab-dev/rc-select:build:library:   ✓  Built library in 783ms
@crab-dev/rc-select:build:library:      6 modules · 17 files · 90.1 KB
@crab-dev/rc-select:build:library:      Output  C:\Users\zhang\Desktop\crab-dev\components\rc-select
@crab-dev/rc-select:build:library: 
@crab-dev/rc-form:build:library: cache miss, executing e54a50dffdb9a698
@crab-dev/rc-cron-picker:build:library: cache miss, executing 546d1044fa9f21e8
@crab-dev/rc-pagination:build:library: cache miss, executing 9c667e2bf0d3ece1
@crab-dev/rc-color-picker:build:library: cache miss, executing 3df17248f03e66d0
@crab-dev/rc-app-main-layout:build:library:   ✓  Built library in 1.01s
@crab-dev/rc-app-main-layout:build:library:      12 modules · 35 files · 170.0 KB
@crab-dev/rc-app-main-layout:build:library:      Output  C:\Users\zhang\Desktop\crab-dev\components\rc-app-main-layout
@crab-dev/rc-app-main-layout:build:library: 
@crab-dev/rc-form:build:library: 
@crab-dev/rc-form:build:library:   ⚡ WAKE / LIBRARY TOKEN  v0.1.38
@crab-dev/rc-form:build:library: 
@crab-dev/rc-form:build:library:   ✓  Tokens generated in 61ms
@crab-dev/rc-form:build:library:      1 files · 2.9 KB
@crab-dev/rc-form:build:library:      Output  C:\Users\zhang\Desktop\crab-dev\components\rc-form\src\token.ts
@crab-dev/rc-form:build:library: 
@crab-dev/rc-cron-picker:build:library: 
@crab-dev/rc-cron-picker:build:library:   ⚡ WAKE / LIBRARY TOKEN  v0.1.38
@crab-dev/rc-cron-picker:build:library: 
@crab-dev/rc-pagination:build:library: 
@crab-dev/rc-pagination:build:library:   ⚡ WAKE / LIBRARY TOKEN  v0.1.38
@crab-dev/rc-pagination:build:library: 
@crab-dev/rc-cron-picker:build:library:   ✓  Tokens generated in 42ms
@crab-dev/rc-cron-picker:build:library:      1 files · 4.5 KB
@crab-dev/rc-cron-picker:build:library:      Output  C:\Users\zhang\Desktop\crab-dev\components\rc-cron-picker\src\token.ts
@crab-dev/rc-cron-picker:build:library: 
@crab-dev/rc-pagination:build:library:   ✓  Tokens generated in 38ms
@crab-dev/rc-pagination:build:library:      1 files · 7.8 KB
@crab-dev/rc-pagination:build:library:      Output  C:\Users\zhang\Desktop\crab-dev\components\rc-pagination\src\token.ts
@crab-dev/rc-pagination:build:library: 
@crab-dev/rc-color-picker:build:library: 
@crab-dev/rc-color-picker:build:library:   ⚡ WAKE / LIBRARY TOKEN  v0.1.38
@crab-dev/rc-color-picker:build:library: 
@crab-dev/rc-color-picker:build:library:   ✓  Tokens generated in 39ms
@crab-dev/rc-color-picker:build:library:      1 files · 6.4 KB
@crab-dev/rc-color-picker:build:library:      Output  C:\Users\zhang\Desktop\crab-dev\components\rc-color-picker\src\token.ts
@crab-dev/rc-color-picker:build:library: 
@crab-dev/rc-form:build:library: 
@crab-dev/rc-form:build:library:   ⚡ WAKE / LIBRARY BUILD  v0.1.38
@crab-dev/rc-form:build:library: 
@crab-dev/rc-cron-picker:build:library: 
@crab-dev/rc-cron-picker:build:library:   ⚡ WAKE / LIBRARY BUILD  v0.1.38
@crab-dev/rc-cron-picker:build:library: 
@crab-dev/rc-pagination:build:library: 
@crab-dev/rc-pagination:build:library:   ⚡ WAKE / LIBRARY BUILD  v0.1.38
@crab-dev/rc-pagination:build:library: 
@crab-dev/rc-color-picker:build:library: 
@crab-dev/rc-color-picker:build:library:   ⚡ WAKE / LIBRARY BUILD  v0.1.38
@crab-dev/rc-color-picker:build:library: 
@crab-dev/rc-form:build:library:   ✓  Built library in 398ms
@crab-dev/rc-form:build:library:      10 modules · 27 files · 50.0 KB
@crab-dev/rc-form:build:library:      Output  C:\Users\zhang\Desktop\crab-dev\components\rc-form
@crab-dev/rc-form:build:library: 
@crab-dev/rc-pagination:build:library:   ✓  Built library in 308ms
@crab-dev/rc-pagination:build:library:      3 modules · 11 files · 52.1 KB
@crab-dev/rc-pagination:build:library:      Output  C:\Users\zhang\Desktop\crab-dev\components\rc-pagination
@crab-dev/rc-pagination:build:library: 
@crab-dev/rc-dialog:build:library: cache miss, executing 70f5f82568f16342
@crab-dev/rc-table-pro:build:library: cache miss, executing 93ec12b0eb06e7df
@crab-dev/rc-cron-picker:build:library:   ✓  Built library in 549ms
@crab-dev/rc-cron-picker:build:library:      7 modules · 20 files · 73.9 KB
@crab-dev/rc-cron-picker:build:library:      Output  C:\Users\zhang\Desktop\crab-dev\components\rc-cron-picker
@crab-dev/rc-cron-picker:build:library: 
@crab-dev/rc-color-picker:build:library:   ✓  Built library in 707ms
@crab-dev/rc-color-picker:build:library:      9 modules · 24 files · 65.3 KB
@crab-dev/rc-color-picker:build:library:      Output  C:\Users\zhang\Desktop\crab-dev\components\rc-color-picker
@crab-dev/rc-color-picker:build:library: 
@crab-dev/rc-dialog:build:library: 
@crab-dev/rc-dialog:build:library:   ⚡ WAKE / LIBRARY TOKEN  v0.1.38
@crab-dev/rc-dialog:build:library: 
@crab-dev/rc-dialog:build:library:   ✓  Tokens generated in 29ms
@crab-dev/rc-dialog:build:library:      1 files · 3.1 KB
@crab-dev/rc-dialog:build:library:      Output  C:\Users\zhang\Desktop\crab-dev\components\rc-dialog\src\token.ts
@crab-dev/rc-dialog:build:library: 
@crab-dev/rc-table-pro:build:library: 
@crab-dev/rc-table-pro:build:library:   ⚡ WAKE / LIBRARY TOKEN  v0.1.38
@crab-dev/rc-table-pro:build:library: 
@crab-dev/rc-table-pro:build:library:   ✓  Tokens generated in 33ms
@crab-dev/rc-table-pro:build:library:      1 files · 6.4 KB
@crab-dev/rc-table-pro:build:library:      Output  C:\Users\zhang\Desktop\crab-dev\components\rc-table-pro\src\token.ts
@crab-dev/rc-table-pro:build:library: 
@crab-dev/rc-dialog:build:library: 
@crab-dev/rc-dialog:build:library:   ⚡ WAKE / LIBRARY BUILD  v0.1.38
@crab-dev/rc-dialog:build:library: 
@crab-dev/rc-table-pro:build:library: 
@crab-dev/rc-table-pro:build:library:   ⚡ WAKE / LIBRARY BUILD  v0.1.38
@crab-dev/rc-table-pro:build:library: 
@crab-dev/rc-dialog:build:library:   ✓  Built library in 198ms
@crab-dev/rc-dialog:build:library:      4 modules · 13 files · 28.9 KB
@crab-dev/rc-dialog:build:library:      Output  C:\Users\zhang\Desktop\crab-dev\components\rc-dialog
@crab-dev/rc-dialog:build:library: 
@crab-dev/rc-table-pro:build:library:   ✓  Built library in 515ms
@crab-dev/rc-table-pro:build:library:      9 modules · 23 files · 131.7 KB
@crab-dev/rc-table-pro:build:library:      Output  C:\Users\zhang\Desktop\crab-dev\components\rc-table-pro
@crab-dev/rc-table-pro:build:library: 

 Tasks:    52 successful, 52 total
Cached:    0 cached, 52 total
  Time:    56.409s 

