✓ 静态 Demo 元数据支持 TSX、satisfies 和常量断言，拒绝动态值
✓ API 提取保留工具类型、方法泛型、说明和弃用标记
✓ API 类型校验接受复杂类型并拒绝不完整语法或额外声明
✓ 映射类型的键保留为局部参数，不生成同名占位声明
✓ Button 文档使用单列宽预览
✓ Select 文档使用单列紧凑预览
✓ 从联合 Props 合并公共字段、变体类型和源码说明
✓ docgen 为空或类型串列时使用源码 API，并为缺失说明提供明确占位
✓ 逐属性合并源码与 docgen，并保留跨文件继承的合法属性
✓ 生成的 API 适配接口可解析，并由 Wake 原生 API 建立属性索引
✓ Demo 标题、描述和分组写入 Wake 可提取的静态标题
✓ API source 必须存在且位于组件 src 目录
✓ 检查模式报告孤儿 API，生成模式删除孤儿 API
✓ 教程要求完整步骤、唯一 ID 与互斥示例来源
✓ 源码必须独立并默认导出，拒绝隐藏辅助文件与无效语法
✓ 生成数据保留实际源码，使用动态导入并防止路径越界
✓ 教学步骤可搜索，隐藏索引不生成无效目录锚点
✓ 教学文字中的 JSX 与表达式不会成为 MDX 运行代码
✓ 组件教学页保留旧工作台、API 和进阶示例入口
✓ 孤儿教学页面只清理生成文件，保留手写实战入口
✓ 首页关键代码与完整源码来自同一运行文件，缺少标记时拒绝生成
✓ 站点、教学示例和预览组件不得另写库中已有的基础交互控件
✓ 组件目录完整保留分类锚点、入口和步骤，常用组件先于基础工具
生成器测试完成：23 项通过。
检查完成：52 个组件页，55 份教程，117 个教学示例，246 个唯一 Demo，0 个文件变化。
PASS docs/site/__tests__/palette.test.ts
  ✓ 基准主色和页面画布与约定的 sRGB 色板等价
  ✓ light 状态叠加后的链接、中性操作与容器配对满足 4.5:1
  ✓ light / error 反馈文字、图标与实心按钮覆盖默认、悬停和按压
  ✓ light / success 反馈文字、图标与实心按钮覆盖默认、悬停和按压
  ✓ light / warning 反馈文字、图标与实心按钮覆盖默认、悬停和按压
  ✓ light / info 反馈文字、图标与实心按钮覆盖默认、悬停和按压
  ✓ dark 状态叠加后的链接、中性操作与容器配对满足 4.5:1
  ✓ dark / error 反馈文字、图标与实心按钮覆盖默认、悬停和按压
  ✓ dark / success 反馈文字、图标与实心按钮覆盖默认、悬停和按压
  ✓ dark / warning 反馈文字、图标与实心按钮覆盖默认、悬停和按压
  ✓ dark / info 反馈文字、图标与实心按钮覆盖默认、悬停和按压
PASS docs/site/design/__tests__/contract.test.ts
  ✓ light 正文、选中及按钮文字满足 4.5:1，边界与焦点满足 3:1
  ✓ dark 正文、选中及按钮文字满足 4.5:1，边界与焦点满足 3:1
  ✓ 搜索宽容处理空白与大小写，并与状态求交集
  ✓ 表单拒绝空白姓名与无效邮箱，保存时规范化输出
Test Suites: 2 passed, 0 failed, 2 total
Tests:       15 passed, 0 failed, 0 pending, 15 total
Wake coverage
File	Lines	Functions	Blocks
All files	100.00% (189/189)	100.00% (14/14)	23.29% (17/73)
docs/site/__tests__/colorAssertions.ts	100.00% (48/48)	100.00% (9/9)	83.33% (15/18)
docs/site/design/data.ts	100.00% (28/28)	100.00% (5/5)	50.00% (2/4)
docs/site/design/tokens.ts	100.00% (24/24)	100.00% (0/0)	0.00% (0/3)
docs/site/palette.ts	100.00% (89/89)	100.00% (0/0)	0.00% (0/48)
Seed:        1789377961935943528
Time:        4569 ms
