• turbo 2.10.12
 WARNING  Circular package dependency detected: @crab-dev/rc-masonry, @crab-dev/rc-spin, @crab-dev/rc-button, @crab-dev/rc-component-preview, @crab-dev/rc-menu

   • Packages in scope: @crab-dev/rc-app-main-layout, @crab-dev/rc-tabs
   • Running build:library, lint, typecheck in 2 packages
   • Remote caching disabled

@crab-dev/rc-tabs:lint: cache miss, executing d76997baeb85ad8f
@crab-dev/rc-app-main-layout:lint: cache miss, executing fb79504fca07f78a
@crab-dev/rc-token-global:build:library: cache hit, replaying logs 92ddcf2ed13c3f61
@crab-dev/rc-token-global:build:library: 
@crab-dev/rc-token-global:build:library:   ⚡ WAKE / LIBRARY TOKEN  v0.1.45
@crab-dev/rc-token-global:build:library: 
@crab-dev/rc-token-global:build:library:   ✓  Tokens generated in 15ms
@crab-dev/rc-token-global:build:library:      1 files · 31.7 KB
@crab-dev/rc-token-global:build:library:      Output  C:\Users\zhang\Desktop\crab-dev\components\rc-token-global\src\token.ts
@crab-dev/rc-token-global:build:library: 
@crab-dev/rc-token-global:build:library: 
@crab-dev/rc-token-global:build:library:   ⚡ WAKE / LIBRARY BUILD  v0.1.45
@crab-dev/rc-token-global:build:library: 
@crab-dev/rc-token-global:build:library:   ✓  Built library in 114ms
@crab-dev/rc-token-global:build:library:      2 modules · 6 files · 72.2 KB
@crab-dev/rc-token-global:build:library:      Output  C:\Users\zhang\Desktop\crab-dev\components\rc-token-global
@crab-dev/rc-token-global:build:library: 
@crab-dev/rc-hooks:build:library: cache hit, replaying logs 9d972de01222e823
@crab-dev/rc-hooks:build:library: 
@crab-dev/rc-hooks:build:library:   ⚡ WAKE / LIBRARY BUILD  v0.1.45
@crab-dev/rc-hooks:build:library: 
@crab-dev/rc-hooks:build:library:   ✓  Built library in 125ms
@crab-dev/rc-hooks:build:library:      15 modules · 45 files · 30.6 KB
@crab-dev/rc-hooks:build:library:      Output  C:\Users\zhang\Desktop\crab-dev\components\rc-hooks
@crab-dev/rc-hooks:build:library: 
@crab-dev/rc-token-semantic:build:library: cache hit, replaying logs d7f927a019d17a37
@crab-dev/rc-token-semantic:build:library: 
@crab-dev/rc-token-semantic:build:library:   ⚡ WAKE / LIBRARY TOKEN  v0.1.45
@crab-dev/rc-token-semantic:build:library: 
@crab-dev/rc-token-semantic:build:library:   ✓  Tokens generated in 25ms
@crab-dev/rc-token-semantic:build:library:      1 files · 77.2 KB
@crab-dev/rc-token-semantic:build:library:      Output  C:\Users\zhang\Desktop\crab-dev\components\rc-token-semantic\src\token.ts
@crab-dev/rc-token-semantic:build:library: 
@crab-dev/rc-token-semantic:build:library: 
@crab-dev/rc-token-semantic:build:library:   ⚡ WAKE / LIBRARY BUILD  v0.1.45
@crab-dev/rc-token-semantic:build:library: 
@crab-dev/rc-token-semantic:build:library:   ✓  Built library in 258ms
@crab-dev/rc-token-semantic:build:library:      5 modules · 16 files · 229.1 KB
@crab-dev/rc-token-semantic:build:library:      Output  C:\Users\zhang\Desktop\crab-dev\components\rc-token-semantic
@crab-dev/rc-token-semantic:build:library: 
@crab-dev/rc-theme:build:library: cache hit, replaying logs 3b86af0a5d0a8265
@crab-dev/rc-theme:build:library: 
@crab-dev/rc-theme:build:library:   ⚡ WAKE / LIBRARY BUILD  v0.1.45
@crab-dev/rc-theme:build:library: 
@crab-dev/rc-theme:build:library:   ✓  Built library in 340ms
@crab-dev/rc-theme:build:library:      3 modules · 8 files · 31.4 KB
@crab-dev/rc-theme:build:library:      Output  C:\Users\zhang\Desktop\crab-dev\components\rc-theme
@crab-dev/rc-theme:build:library: 
@crab-dev/rc-component-preview:build:library: cache hit, replaying logs 23e200c0812e41dd
@crab-dev/rc-masonry:build:library: cache hit, replaying logs de3e7ab0c5327fcc
@crab-dev/rc-component-preview:build:library: 
@crab-dev/rc-component-preview:build:library:   ⚡ WAKE / LIBRARY TOKEN  v0.1.45
@crab-dev/rc-component-preview:build:library: 
@crab-dev/rc-component-preview:build:library:   ✓  Tokens generated in 47ms
@crab-dev/rc-component-preview:build:library:      1 files · 16.8 KB
@crab-dev/rc-component-preview:build:library:      Output  C:\Users\zhang\Desktop\crab-dev\components\rc-component-preview\src\token.ts
@crab-dev/rc-component-preview:build:library: 
@crab-dev/rc-component-preview:build:library: 
@crab-dev/rc-component-preview:build:library:   ⚡ WAKE / LIBRARY BUILD  v0.1.45
@crab-dev/rc-component-preview:build:library: 
@crab-dev/rc-component-preview:build:library:   ✓  Built library in 416ms
@crab-dev/rc-component-preview:build:library:      5 modules · 14 files · 72.2 KB
@crab-dev/rc-component-preview:build:library:      Output  C:\Users\zhang\Desktop\crab-dev\components\rc-component-preview
@crab-dev/rc-component-preview:build:library: 
@crab-dev/rc-masonry:build:library: 
@crab-dev/rc-masonry:build:library:   ⚡ WAKE / LIBRARY TOKEN  v0.1.45
@crab-dev/rc-masonry:build:library: 
@crab-dev/rc-masonry:build:library:   ✓  Tokens generated in 42ms
@crab-dev/rc-masonry:build:library:      1 files · 906 B
@crab-dev/rc-masonry:build:library:      Output  C:\Users\zhang\Desktop\crab-dev\components\rc-masonry\src\token.ts
@crab-dev/rc-masonry:build:library: 
@crab-dev/rc-masonry:build:library: 
@crab-dev/rc-masonry:build:library:   ⚡ WAKE / LIBRARY BUILD  v0.1.45
@crab-dev/rc-masonry:build:library: 
@crab-dev/rc-masonry:build:library:   ✓  Built library in 147ms
@crab-dev/rc-masonry:build:library:      3 modules · 11 files · 11.2 KB
@crab-dev/rc-masonry:build:library:      Output  C:\Users\zhang\Desktop\crab-dev\components\rc-masonry
@crab-dev/rc-masonry:build:library: 
@crab-dev/rc-spin:build:library: cache hit, replaying logs 54412e13c2d96bf9
@crab-dev/rc-spin:build:library: 
@crab-dev/rc-spin:build:library:   ⚡ WAKE / LIBRARY TOKEN  v0.1.45
@crab-dev/rc-spin:build:library: 
@crab-dev/rc-spin:build:library:   ✓  Tokens generated in 52ms
@crab-dev/rc-spin:build:library:      1 files · 6.4 KB
@crab-dev/rc-spin:build:library:      Output  C:\Users\zhang\Desktop\crab-dev\components\rc-spin\src\token.ts
@crab-dev/rc-spin:build:library: 
@crab-dev/rc-spin:build:library: 
@crab-dev/rc-spin:build:library:   ⚡ WAKE / LIBRARY BUILD  v0.1.45
@crab-dev/rc-spin:build:library: 
@crab-dev/rc-spin:build:library:   ✓  Built library in 260ms
@crab-dev/rc-spin:build:library:      6 modules · 20 files · 37.1 KB
@crab-dev/rc-spin:build:library:      Output  C:\Users\zhang\Desktop\crab-dev\components\rc-spin
@crab-dev/rc-spin:build:library: 
@crab-dev/rc-menu:build:library: cache hit, replaying logs a47bb1dd209546c0
@crab-dev/rc-config-provider:build:library: cache hit, replaying logs 1917531618ba34e9
@crab-dev/rc-menu:build:library: 
@crab-dev/rc-menu:build:library:   ⚡ WAKE / LIBRARY TOKEN  v0.1.45
@crab-dev/rc-config-provider:build:library: 
@crab-dev/rc-config-provider:build:library:   ⚡ WAKE / LIBRARY BUILD  v0.1.45
@crab-dev/rc-menu:build:library: 
@crab-dev/rc-menu:build:library:   ✓  Tokens generated in 61ms
@crab-dev/rc-config-provider:build:library: 
@crab-dev/rc-config-provider:build:library:   ✓  Built library in 258ms
@crab-dev/rc-menu:build:library:      1 files · 23.0 KB
@crab-dev/rc-menu:build:library:      Output  C:\Users\zhang\Desktop\crab-dev\components\rc-menu\src\token.ts
@crab-dev/rc-config-provider:build:library:      3 modules · 10 files · 6.0 KB
@crab-dev/rc-config-provider:build:library:      Output  C:\Users\zhang\Desktop\crab-dev\components\rc-config-provider
@crab-dev/rc-config-provider:build:library: 
@crab-dev/rc-menu:build:library: 
@crab-dev/rc-menu:build:library: 
@crab-dev/rc-menu:build:library:   ⚡ WAKE / LIBRARY BUILD  v0.1.45
@crab-dev/rc-menu:build:library: 
@crab-dev/rc-menu:build:library:   ✓  Built library in 635ms
@crab-dev/rc-menu:build:library:      14 modules · 33 files · 126.5 KB
@crab-dev/rc-menu:build:library:      Output  C:\Users\zhang\Desktop\crab-dev\components\rc-menu
@crab-dev/rc-menu:build:library: 
@crab-dev/rc-tabs:build:library: cache miss, executing 0a932548ce503089
@crab-dev/rc-tabs:typecheck: cache miss, executing 5e62b724c9c27189
@crab-dev/rc-skeleton:build:library: cache hit, replaying logs 062a3c7a0376aa2e
@crab-dev/rc-skeleton:build:library: 
@crab-dev/rc-skeleton:build:library:   ⚡ WAKE / LIBRARY TOKEN  v0.1.45
@crab-dev/rc-skeleton:build:library: 
@crab-dev/rc-skeleton:build:library:   ✓  Tokens generated in 1.09s
@crab-dev/rc-skeleton:build:library:      1 files · 5.5 KB
@crab-dev/rc-skeleton:build:library:      Output  C:\Users\zhang\Desktop\crab-dev\components\rc-skeleton\src\token.ts
@crab-dev/rc-skeleton:build:library: 
@crab-dev/rc-skeleton:build:library: 
@crab-dev/rc-skeleton:build:library:   ⚡ WAKE / LIBRARY BUILD  v0.1.45
@crab-dev/rc-skeleton:build:library: 
@crab-dev/rc-skeleton:build:library:   ✓  Built library in 186ms
@crab-dev/rc-skeleton:build:library:      3 modules · 11 files · 28.5 KB
@crab-dev/rc-skeleton:build:library:      Output  C:\Users\zhang\Desktop\crab-dev\components\rc-skeleton
@crab-dev/rc-skeleton:build:library: 
@crab-dev/rc-button:build:library: cache hit, replaying logs ca76d68eae26e30f
@crab-dev/rc-button:build:library: 
@crab-dev/rc-button:build:library:   ⚡ WAKE / LIBRARY TOKEN  v0.1.45
@crab-dev/rc-button:build:library: 
@crab-dev/rc-button:build:library:   ✓  Tokens generated in 27ms
@crab-dev/rc-button:build:library:      1 files · 42.6 KB
@crab-dev/rc-button:build:library:      Output  C:\Users\zhang\Desktop\crab-dev\components\rc-button\src\token.ts
@crab-dev/rc-button:build:library: 
@crab-dev/rc-button:build:library: 
@crab-dev/rc-button:build:library:   ⚡ WAKE / LIBRARY BUILD  v0.1.45
@crab-dev/rc-button:build:library: 
@crab-dev/rc-button:build:library:   ✓  Built library in 206ms
@crab-dev/rc-button:build:library:      6 modules · 19 files · 164.7 KB
@crab-dev/rc-button:build:library:      Output  C:\Users\zhang\Desktop\crab-dev\components\rc-button
@crab-dev/rc-button:build:library: 
@crab-dev/rc-breadcrumbs:build:library: cache hit, replaying logs fa2685f439800080
@crab-dev/rc-drawer:build:library: cache hit, replaying logs d92daa0ca78fd156
@crab-dev/rc-breadcrumbs:build:library: 
@crab-dev/rc-breadcrumbs:build:library:   ⚡ WAKE / LIBRARY TOKEN  v0.1.45
@crab-dev/rc-breadcrumbs:build:library: 
@crab-dev/rc-breadcrumbs:build:library:   ✓  Tokens generated in 49ms
@crab-dev/rc-breadcrumbs:build:library:      1 files · 3.9 KB
@crab-dev/rc-breadcrumbs:build:library:      Output  C:\Users\zhang\Desktop\crab-dev\components\rc-breadcrumbs\src\token.ts
@crab-dev/rc-breadcrumbs:build:library: 
@crab-dev/rc-breadcrumbs:build:library: 
@crab-dev/rc-breadcrumbs:build:library:   ⚡ WAKE / LIBRARY BUILD  v0.1.45
@crab-dev/rc-breadcrumbs:build:library: 
@crab-dev/rc-breadcrumbs:build:library:   ✓  Built library in 224ms
@crab-dev/rc-breadcrumbs:build:library:      3 modules · 11 files · 21.3 KB
@crab-dev/rc-breadcrumbs:build:library:      Output  C:\Users\zhang\Desktop\crab-dev\components\rc-breadcrumbs
@crab-dev/rc-breadcrumbs:build:library: 
@crab-dev/rc-drawer:build:library: 
@crab-dev/rc-drawer:build:library:   ⚡ WAKE / LIBRARY TOKEN  v0.1.45
@crab-dev/rc-drawer:build:library: 
@crab-dev/rc-drawer:build:library:   ✓  Tokens generated in 52ms
@crab-dev/rc-drawer:build:library:      1 files · 7.6 KB
@crab-dev/rc-drawer:build:library:      Output  C:\Users\zhang\Desktop\crab-dev\components\rc-drawer\src\token.ts
@crab-dev/rc-drawer:build:library: 
@crab-dev/rc-drawer:build:library: 
@crab-dev/rc-drawer:build:library:   ⚡ WAKE / LIBRARY BUILD  v0.1.45
@crab-dev/rc-drawer:build:library: 
@crab-dev/rc-drawer:build:library:   ✓  Built library in 131ms
@crab-dev/rc-drawer:build:library:      3 modules · 10 files · 38.0 KB
@crab-dev/rc-drawer:build:library:      Output  C:\Users\zhang\Desktop\crab-dev\components\rc-drawer
@crab-dev/rc-drawer:build:library: 
@crab-dev/rc-tabs:build:library: 
@crab-dev/rc-tabs:build:library:   ⚡ WAKE / LIBRARY TOKEN  v0.1.45
@crab-dev/rc-tabs:build:library: 
@crab-dev/rc-tabs:build:library:   ✓  Tokens generated in 29ms
@crab-dev/rc-tabs:build:library:      1 files · 14.2 KB
@crab-dev/rc-tabs:build:library:      Output  C:\Users\zhang\Desktop\crab-dev\components\rc-tabs\src\token.ts
@crab-dev/rc-tabs:build:library: 
@crab-dev/rc-tabs:build:library: 
@crab-dev/rc-tabs:build:library:   ⚡ WAKE / LIBRARY BUILD  v0.1.45
@crab-dev/rc-tabs:build:library: 
@crab-dev/rc-tabs:build:library:   ✗  Wake failed [WAKE_LIBRARY_TYPE]
@crab-dev/rc-tabs:build:library:      invalid type declaration in `\\?\C:\Users\zhang\Desktop\crab-dev\components\rc-tabs\src\useTabIndicator.ts`: public function needs an explicit return type at byte 235..2338
@crab-dev/rc-tabs:build:library:      Path  C:\Users\zhang\Desktop\crab-dev\components\rc-tabs\src\index.ts
@crab-dev/rc-tabs:build:library: 
@crab-dev/rc-tabs#build:library:  ERROR  command (C:\Users\zhang\Desktop\crab-dev\components\rc-tabs) C:\Users\zhang\AppData\Local\Temp\xfs-0b30125c\yarn.cmd run build:library exited (1)

 Tasks:    14 successful, 17 total
Cached:    13 cached, 17 total
  Time:    3.746s 
Failed:    @crab-dev/rc-tabs#build:library

 ERROR  run failed: command  exited (1)
