TypeScript 7.1.0-dev / native PnP / 568cafc40c37
• turbo 2.10.12
 WARNING  Circular package dependency detected: @crab-dev/rc-masonry, @crab-dev/rc-spin, @crab-dev/rc-button, @crab-dev/rc-component-preview, @crab-dev/rc-menu

   • Packages in scope: @crab-dev/rc-alert, @crab-dev/rc-app-main-layout, @crab-dev/rc-auto-sizer, @crab-dev/rc-avatar, @crab-dev/rc-badge, @crab-dev/rc-bar-chart, @crab-dev/rc-breadcrumbs, @crab-dev/rc-button, @crab-dev/rc-canvas, @crab-dev/rc-card, @crab-dev/rc-checkbox, @crab-dev/rc-color-picker, @crab-dev/rc-component-preview, @crab-dev/rc-cron-picker, @crab-dev/rc-date-picker, @crab-dev/rc-dialog, @crab-dev/rc-divider, @crab-dev/rc-drawer, @crab-dev/rc-dropdown-container, @crab-dev/rc-empty, @crab-dev/rc-flow-diagram, @crab-dev/rc-form, @crab-dev/rc-hooks, @crab-dev/rc-line-edit, @crab-dev/rc-masonry, @crab-dev/rc-menu, @crab-dev/rc-message, @crab-dev/rc-notification, @crab-dev/rc-number-edit, @crab-dev/rc-pagination, @crab-dev/rc-prose, @crab-dev/rc-radio, @crab-dev/rc-realm, @crab-dev/rc-router, @crab-dev/rc-segmented, @crab-dev/rc-select, @crab-dev/rc-skeleton, @crab-dev/rc-slider, @crab-dev/rc-spin, @crab-dev/rc-split-pane, @crab-dev/rc-switch, @crab-dev/rc-table, @crab-dev/rc-table-pro, @crab-dev/rc-tabs, @crab-dev/rc-tag, @crab-dev/rc-text-edit, @crab-dev/rc-theme, @crab-dev/rc-token-global, @crab-dev/rc-token-semantic, @crab-dev/rc-tooltip, @crab-dev/rc-tree, @crab-dev/rc-virtual, @crab-dev/standards-eslint-preset, @crab-dev/standards-typescript-preset, @crab-dev/website
   • Running typecheck in 55 packages
   • Remote caching disabled

@crab-dev/standards-typescript-preset:typecheck: cache miss, executing 0d0c31cedfcc6b1c
@crab-dev/rc-hooks:typecheck: cache miss, executing eee30c1c0fe1952a
@crab-dev/rc-token-global:typecheck: cache miss, executing bb2ba25a646543f5
@crab-dev/rc-token-global:build:library: cache hit, replaying logs 5ed870420fa7abe1
@crab-dev/rc-token-global:build:library: 
@crab-dev/rc-token-global:build:library:   ⚡ WAKE / LIBRARY TOKEN  v0.1.43
@crab-dev/rc-token-global:build:library: 
@crab-dev/rc-token-global:build:library:   ✓  Tokens generated in 9ms
@crab-dev/rc-token-global:build:library:      1 files · 15.9 KB
@crab-dev/rc-token-global:build:library:      Output  C:\Users\zhang\Desktop\crab-dev\components\rc-token-global\src\token.ts
@crab-dev/rc-token-global:build:library: 
@crab-dev/rc-token-global:build:library: 
@crab-dev/rc-token-global:build:library:   ⚡ WAKE / LIBRARY BUILD  v0.1.43
@crab-dev/rc-token-global:build:library: 
@crab-dev/rc-token-global:build:library:   ✓  Built library in 71ms
@crab-dev/rc-token-global:build:library:      2 modules · 6 files · 37.1 KB
@crab-dev/rc-token-global:build:library:      Output  C:\Users\zhang\Desktop\crab-dev\components\rc-token-global
@crab-dev/rc-token-global:build:library: 
@crab-dev/rc-token-semantic:typecheck: cache miss, executing 414f117f05f8e8ad
@crab-dev/rc-hooks:build:library: cache hit, replaying logs 4a05e68f4662c66c
@crab-dev/rc-hooks:build:library: 
@crab-dev/rc-hooks:build:library:   ⚡ WAKE / LIBRARY BUILD  v0.1.43
@crab-dev/rc-hooks:build:library: 
@crab-dev/rc-hooks:build:library:   ✓  Built library in 138ms
@crab-dev/rc-hooks:build:library:      13 modules · 39 files · 25.0 KB
@crab-dev/rc-hooks:build:library:      Output  C:\Users\zhang\Desktop\crab-dev\components\rc-hooks
@crab-dev/rc-hooks:build:library: 
@crab-dev/rc-token-semantic:build:library: cache hit, replaying logs 345f1ca4d25c2d55
@crab-dev/rc-token-semantic:build:library: 
@crab-dev/rc-token-semantic:build:library:   ⚡ WAKE / LIBRARY TOKEN  v0.1.43
@crab-dev/rc-token-semantic:build:library: 
@crab-dev/rc-token-semantic:build:library:   ✓  Tokens generated in 61ms
@crab-dev/rc-token-semantic:build:library:      1 files · 24.7 KB
@crab-dev/rc-token-semantic:build:library:      Output  C:\Users\zhang\Desktop\crab-dev\components\rc-token-semantic\src\token.ts
@crab-dev/rc-token-semantic:build:library: 
@crab-dev/rc-token-semantic:build:library: 
@crab-dev/rc-token-semantic:build:library:   ⚡ WAKE / LIBRARY BUILD  v0.1.43
@crab-dev/rc-token-semantic:build:library: 
@crab-dev/rc-token-semantic:build:library:   ✓  Built library in 226ms
@crab-dev/rc-token-semantic:build:library:      4 modules · 13 files · 89.6 KB
@crab-dev/rc-token-semantic:build:library:      Output  C:\Users\zhang\Desktop\crab-dev\components\rc-token-semantic
@crab-dev/rc-token-semantic:build:library: 
@crab-dev/rc-theme:typecheck: cache miss, executing 706a831f7d022b62
@crab-dev/rc-theme:build:library: cache hit, replaying logs 9d27a8be08635c99
@crab-dev/rc-component-preview:build:library: cache hit, replaying logs 61a51dd6b081362e
@crab-dev/rc-theme:build:library: 
@crab-dev/rc-theme:build:library:   ⚡ WAKE / LIBRARY BUILD  v0.1.43
@crab-dev/rc-theme:build:library: 
@crab-dev/rc-theme:build:library:   ✓  Built library in 150ms
@crab-dev/rc-theme:build:library:      3 modules · 8 files · 22.9 KB
@crab-dev/rc-theme:build:library:      Output  C:\Users\zhang\Desktop\crab-dev\components\rc-theme
@crab-dev/rc-theme:build:library: 
@crab-dev/rc-component-preview:build:library: 
@crab-dev/rc-component-preview:build:library:   ⚡ WAKE / LIBRARY TOKEN  v0.1.43
@crab-dev/rc-component-preview:build:library: 
@crab-dev/rc-component-preview:build:library:   ✓  Tokens generated in 50ms
@crab-dev/rc-component-preview:build:library:      1 files · 15.2 KB
@crab-dev/rc-component-preview:build:library:      Output  C:\Users\zhang\Desktop\crab-dev\components\rc-component-preview\src\token.ts
@crab-dev/rc-component-preview:build:library: 
@crab-dev/rc-component-preview:build:library: 
@crab-dev/rc-component-preview:build:library:   ⚡ WAKE / LIBRARY BUILD  v0.1.43
@crab-dev/rc-component-preview:build:library: 
@crab-dev/rc-component-preview:build:library:   ✓  Built library in 234ms
@crab-dev/rc-component-preview:build:library:      5 modules · 14 files · 67.8 KB
@crab-dev/rc-spin:build:library: cache hit, replaying logs a6adf68d1ef3197a
@crab-dev/rc-component-preview:build:library:      Output  C:\Users\zhang\Desktop\crab-dev\components\rc-component-preview
@crab-dev/rc-component-preview:build:library: 
@crab-dev/rc-spin:build:library: 
@crab-dev/rc-spin:build:library:   ⚡ WAKE / LIBRARY TOKEN  v0.1.43
@crab-dev/rc-spin:build:library: 
@crab-dev/rc-masonry:build:library: cache hit, replaying logs 405874b1477cc3ad
@crab-dev/rc-spin:build:library:   ✓  Tokens generated in 64ms
@crab-dev/rc-spin:build:library:      1 files · 4.6 KB
@crab-dev/rc-spin:build:library:      Output  C:\Users\zhang\Desktop\crab-dev\components\rc-spin\src\token.ts
@crab-dev/rc-spin:build:library: 
@crab-dev/rc-spin:build:library: 
@crab-dev/rc-spin:build:library:   ⚡ WAKE / LIBRARY BUILD  v0.1.43
@crab-dev/rc-spin:build:library: 
@crab-dev/rc-spin:build:library:   ✓  Built library in 183ms
@crab-dev/rc-spin:build:library:      5 modules · 17 files · 27.7 KB
@crab-dev/rc-spin:build:library:      Output  C:\Users\zhang\Desktop\crab-dev\components\rc-spin
@crab-dev/rc-spin:build:library: 
@crab-dev/rc-masonry:build:library: 
@crab-dev/rc-masonry:build:library:   ⚡ WAKE / LIBRARY TOKEN  v0.1.43
@crab-dev/rc-masonry:build:library: 
@crab-dev/rc-masonry:build:library:   ✓  Tokens generated in 98ms
@crab-dev/rc-masonry:build:library:      1 files · 633 B
@crab-dev/rc-masonry:build:library:      Output  C:\Users\zhang\Desktop\crab-dev\components\rc-masonry\src\token.ts
@crab-dev/rc-masonry:build:library: 
@crab-dev/rc-masonry:build:library: 
@crab-dev/rc-masonry:build:library:   ⚡ WAKE / LIBRARY BUILD  v0.1.43
@crab-dev/rc-masonry:build:library: 
@crab-dev/rc-masonry:build:library:   ✓  Built library in 61ms
@crab-dev/rc-masonry:build:library:      3 modules · 11 files · 10.4 KB
@crab-dev/rc-masonry:build:library:      Output  C:\Users\zhang\Desktop\crab-dev\components\rc-masonry
@crab-dev/rc-masonry:build:library: 
@crab-dev/rc-menu:typecheck: cache miss, executing f00a347f4d959f48
@crab-dev/rc-menu:build:library: cache hit, replaying logs 599dfcdea0ed5270
@crab-dev/rc-menu:build:library: 
@crab-dev/rc-menu:build:library:   ⚡ WAKE / LIBRARY TOKEN  v0.1.43
@crab-dev/rc-menu:build:library: 
@crab-dev/rc-menu:build:library:   ✓  Tokens generated in 63ms
@crab-dev/rc-menu:build:library:      1 files · 19.1 KB
@crab-dev/rc-menu:build:library:      Output  C:\Users\zhang\Desktop\crab-dev\components\rc-menu\src\token.ts
@crab-dev/rc-menu:build:library: 
@crab-dev/rc-menu:build:library: 
@crab-dev/rc-menu:build:library:   ⚡ WAKE / LIBRARY BUILD  v0.1.43
@crab-dev/rc-menu:build:library: 
@crab-dev/rc-menu:build:library:   ✓  Built library in 301ms
@crab-dev/rc-menu:build:library:      13 modules · 31 files · 106.8 KB
@crab-dev/rc-menu:build:library:      Output  C:\Users\zhang\Desktop\crab-dev\components\rc-menu
@crab-dev/rc-menu:build:library: 
@crab-dev/rc-router:typecheck: cache miss, executing ee5ddd7870a1b866
@crab-dev/rc-auto-sizer:typecheck: cache miss, executing 179ed5c9ae43f2f6
@crab-dev/rc-breadcrumbs:build:library: cache hit, replaying logs 0b337359c839a539
@crab-dev/rc-breadcrumbs:build:library: 
@crab-dev/rc-breadcrumbs:build:library:   ⚡ WAKE / LIBRARY TOKEN  v0.1.43
@crab-dev/rc-breadcrumbs:build:library: 
@crab-dev/rc-breadcrumbs:build:library:   ✓  Tokens generated in 51ms
@crab-dev/rc-breadcrumbs:build:library:      1 files · 2.2 KB
@crab-dev/rc-breadcrumbs:build:library:      Output  C:\Users\zhang\Desktop\crab-dev\components\rc-breadcrumbs\src\token.ts
@crab-dev/rc-breadcrumbs:build:library: 
@crab-dev/rc-breadcrumbs:build:library: 
@crab-dev/rc-breadcrumbs:build:library:   ⚡ WAKE / LIBRARY BUILD  v0.1.43
@crab-dev/rc-breadcrumbs:build:library: 
@crab-dev/rc-breadcrumbs:build:library:   ✓  Built library in 244ms
@crab-dev/rc-breadcrumbs:build:library:      3 modules · 11 files · 14.8 KB
@crab-dev/rc-breadcrumbs:build:library:      Output  C:\Users\zhang\Desktop\crab-dev\components\rc-breadcrumbs
@crab-dev/rc-breadcrumbs:build:library: 
@crab-dev/rc-notification:build:library: cache hit, replaying logs 0e11e7ccf296e4fb
@crab-dev/rc-notification:build:library: 
@crab-dev/rc-notification:build:library:   ⚡ WAKE / LIBRARY TOKEN  v0.1.43
@crab-dev/rc-notification:build:library: 
@crab-dev/rc-notification:build:library:   ✓  Tokens generated in 59ms
@crab-dev/rc-notification:build:library:      1 files · 3.1 KB
@crab-dev/rc-notification:build:library:      Output  C:\Users\zhang\Desktop\crab-dev\components\rc-notification\src\token.ts
@crab-dev/rc-notification:build:library: 
@crab-dev/rc-notification:build:library: 
@crab-dev/rc-notification:build:library:   ⚡ WAKE / LIBRARY BUILD  v0.1.43
@crab-dev/rc-notification:build:library: 
@crab-dev/rc-notification:build:library:   ✓  Built library in 147ms
@crab-dev/rc-notification:build:library:      6 modules · 18 files · 39.1 KB
@crab-dev/rc-notification:build:library:      Output  C:\Users\zhang\Desktop\crab-dev\components\rc-notification
@crab-dev/rc-notification:build:library: 
@crab-dev/rc-tooltip:build:library: cache hit, replaying logs ab77189b83082245
@crab-dev/rc-tooltip:build:library: 
@crab-dev/rc-tooltip:build:library:   ⚡ WAKE / LIBRARY TOKEN  v0.1.43
@crab-dev/rc-tooltip:build:library: 
@crab-dev/rc-tooltip:build:library:   ✓  Tokens generated in 52ms
@crab-dev/rc-tooltip:build:library:      1 files · 2.1 KB
@crab-dev/rc-tooltip:build:library:      Output  C:\Users\zhang\Desktop\crab-dev\components\rc-tooltip\src\token.ts
@crab-dev/rc-tooltip:build:library: 
@crab-dev/rc-tooltip:build:library: 
@crab-dev/rc-tooltip:build:library:   ⚡ WAKE / LIBRARY BUILD  v0.1.43
@crab-dev/rc-tooltip:build:library: 
@crab-dev/rc-tooltip:build:library:   ✓  Built library in 89ms
@crab-dev/rc-tooltip:build:library:      3 modules · 11 files · 15.9 KB
@crab-dev/rc-tooltip:build:library:      Output  C:\Users\zhang\Desktop\crab-dev\components\rc-tooltip
@crab-dev/rc-tooltip:build:library: 
@crab-dev/rc-message:build:library: cache hit, replaying logs 1a8bd9a8684632c7
@crab-dev/rc-message:build:library: 
@crab-dev/rc-message:build:library:   ⚡ WAKE / LIBRARY TOKEN  v0.1.43
@crab-dev/rc-message:build:library: 
@crab-dev/rc-message:build:library:   ✓  Tokens generated in 61ms
@crab-dev/rc-message:build:library:      1 files · 4.1 KB
@crab-dev/rc-message:build:library:      Output  C:\Users\zhang\Desktop\crab-dev\components\rc-message\src\token.ts
@crab-dev/rc-message:build:library: 
@crab-dev/rc-message:build:library: 
@crab-dev/rc-message:build:library:   ⚡ WAKE / LIBRARY BUILD  v0.1.43
@crab-dev/rc-message:build:library: 
@crab-dev/rc-message:build:library:   ✓  Built library in 186ms
@crab-dev/rc-message:build:library:      5 modules · 16 files · 39.0 KB
@crab-dev/rc-message:build:library:      Output  C:\Users\zhang\Desktop\crab-dev\components\rc-message
@crab-dev/rc-message:build:library: 
@crab-dev/rc-prose:build:library: cache hit, replaying logs bbdcc1d33c36c783
@crab-dev/rc-prose:build:library: 
@crab-dev/rc-prose:build:library:   ⚡ WAKE / LIBRARY TOKEN  v0.1.43
@crab-dev/rc-prose:build:library: 
@crab-dev/rc-prose:build:library:   ✓  Tokens generated in 49ms
@crab-dev/rc-prose:build:library:      1 files · 14.1 KB
@crab-dev/rc-prose:build:library:      Output  C:\Users\zhang\Desktop\crab-dev\components\rc-prose\src\token.ts
@crab-dev/rc-prose:build:library: 
@crab-dev/rc-prose:build:library: 
@crab-dev/rc-prose:build:library:   ⚡ WAKE / LIBRARY BUILD  v0.1.43
@crab-dev/rc-prose:build:library: 
@crab-dev/rc-prose:build:library:   ✓  Built library in 77ms
@crab-dev/rc-prose:build:library:      3 modules · 11 files · 63.1 KB
@crab-dev/rc-prose:build:library:      Output  C:\Users\zhang\Desktop\crab-dev\components\rc-prose
@crab-dev/rc-prose:build:library: 
@crab-dev/rc-split-pane:build:library: cache hit, replaying logs ffe40050fe70e559
@crab-dev/rc-split-pane:build:library: 
@crab-dev/rc-split-pane:build:library:   ⚡ WAKE / LIBRARY TOKEN  v0.1.43
@crab-dev/rc-split-pane:build:library: 
@crab-dev/rc-split-pane:build:library:   ✓  Tokens generated in 63ms
@crab-dev/rc-split-pane:build:library:      1 files · 2.0 KB
@crab-dev/rc-split-pane:build:library:      Output  C:\Users\zhang\Desktop\crab-dev\components\rc-split-pane\src\token.ts
@crab-dev/rc-split-pane:build:library: 
@crab-dev/rc-split-pane:build:library: 
@crab-dev/rc-split-pane:build:library:   ⚡ WAKE / LIBRARY BUILD  v0.1.43
@crab-dev/rc-split-pane:build:library: 
@crab-dev/rc-split-pane:build:library:   ✓  Built library in 120ms
@crab-dev/rc-split-pane:build:library:      3 modules · 11 files · 18.3 KB
@crab-dev/rc-split-pane:build:library:      Output  C:\Users\zhang\Desktop\crab-dev\components\rc-split-pane
@crab-dev/rc-split-pane:build:library: 
@crab-dev/rc-tabs:build:library: cache hit, replaying logs 204743bf8ec96f43
@crab-dev/rc-button:build:library: cache hit, replaying logs 77e5e0295e4165f3
@crab-dev/rc-tabs:build:library: 
@crab-dev/rc-tabs:build:library:   ⚡ WAKE / LIBRARY TOKEN  v0.1.43
@crab-dev/rc-tabs:build:library: 
@crab-dev/rc-tabs:build:library:   ✓  Tokens generated in 45ms
@crab-dev/rc-tabs:build:library:      1 files · 9.0 KB
@crab-dev/rc-tabs:build:library:      Output  C:\Users\zhang\Desktop\crab-dev\components\rc-tabs\src\token.ts
@crab-dev/rc-tabs:build:library: 
@crab-dev/rc-tabs:build:library: 
@crab-dev/rc-tabs:build:library:   ⚡ WAKE / LIBRARY BUILD  v0.1.43
@crab-dev/rc-tabs:build:library: 
@crab-dev/rc-tabs:build:library:   ✓  Built library in 223ms
@crab-dev/rc-tabs:build:library:      3 modules · 11 files · 50.2 KB
@crab-dev/rc-tabs:build:library:      Output  C:\Users\zhang\Desktop\crab-dev\components\rc-tabs
@crab-dev/rc-tabs:build:library: 
@crab-dev/rc-button:build:library: 
@crab-dev/rc-button:build:library:   ⚡ WAKE / LIBRARY TOKEN  v0.1.43
@crab-dev/rc-button:build:library: 
@crab-dev/rc-button:build:library:   ✓  Tokens generated in 36ms
@crab-dev/rc-button:build:library:      1 files · 16.5 KB
@crab-dev/rc-button:build:library:      Output  C:\Users\zhang\Desktop\crab-dev\components\rc-button\src\token.ts
@crab-dev/rc-button:build:library: 
@crab-dev/rc-button:build:library: 
@crab-dev/rc-button:build:library:   ⚡ WAKE / LIBRARY BUILD  v0.1.43
@crab-dev/rc-button:build:library: 
@crab-dev/rc-button:build:library:   ✓  Built library in 156ms
@crab-dev/rc-button:build:library:      6 modules · 19 files · 75.4 KB
@crab-dev/rc-button:build:library:      Output  C:\Users\zhang\Desktop\crab-dev\components\rc-button
@crab-dev/rc-button:build:library: 
@crab-dev/rc-segmented:build:library: cache hit, replaying logs b7021c06732f6d17
@crab-dev/rc-segmented:build:library: 
@crab-dev/rc-segmented:build:library:   ⚡ WAKE / LIBRARY TOKEN  v0.1.43
@crab-dev/rc-segmented:build:library: 
@crab-dev/rc-segmented:build:library:   ✓  Tokens generated in 52ms
@crab-dev/rc-segmented:build:library:      1 files · 7.6 KB
@crab-dev/rc-segmented:build:library:      Output  C:\Users\zhang\Desktop\crab-dev\components\rc-segmented\src\token.ts
@crab-dev/rc-segmented:build:library: 
@crab-dev/rc-segmented:build:library: 
@crab-dev/rc-segmented:build:library:   ⚡ WAKE / LIBRARY BUILD  v0.1.43
@crab-dev/rc-segmented:build:library: 
@crab-dev/rc-segmented:build:library:   ✓  Built library in 137ms
@crab-dev/rc-segmented:build:library:      3 modules · 11 files · 39.0 KB
@crab-dev/rc-segmented:build:library:      Output  C:\Users\zhang\Desktop\crab-dev\components\rc-segmented
@crab-dev/rc-segmented:build:library: 
@crab-dev/rc-tabs:typecheck: cache miss, executing 196155a1aa680f8f
@crab-dev/rc-router:build:library: cache hit, replaying logs 2b055df7678225ad
@crab-dev/rc-router:build:library: 
@crab-dev/rc-router:build:library:   ⚡ WAKE / LIBRARY BUILD  v0.1.43
@crab-dev/rc-router:build:library: 
@crab-dev/rc-router:build:library:   ✓  Built library in 138ms
@crab-dev/rc-router:build:library:      10 modules · 30 files · 68.6 KB
@crab-dev/rc-router:build:library:      Output  C:\Users\zhang\Desktop\crab-dev\components\rc-router
@crab-dev/rc-router:build:library: 
@crab-dev/rc-checkbox:build:library: cache hit, replaying logs 2f47b98f95f750ba
@crab-dev/rc-checkbox:build:library: 
@crab-dev/rc-checkbox:build:library:   ⚡ WAKE / LIBRARY TOKEN  v0.1.43
@crab-dev/rc-checkbox:build:library: 
@crab-dev/rc-checkbox:build:library:   ✓  Tokens generated in 109ms
@crab-dev/rc-checkbox:build:library:      1 files · 12.1 KB
@crab-dev/rc-checkbox:build:library:      Output  C:\Users\zhang\Desktop\crab-dev\components\rc-checkbox\src\token.ts
@crab-dev/rc-checkbox:build:library: 
@crab-dev/rc-checkbox:build:library: 
@crab-dev/rc-checkbox:build:library:   ⚡ WAKE / LIBRARY BUILD  v0.1.43
@crab-dev/rc-checkbox:build:library: 
@crab-dev/rc-checkbox:build:library:   ✓  Built library in 233ms
@crab-dev/rc-checkbox:build:library:      5 modules · 16 files · 49.9 KB
@crab-dev/rc-checkbox:build:library:      Output  C:\Users\zhang\Desktop\crab-dev\components\rc-checkbox
@crab-dev/rc-checkbox:build:library: 
@crab-dev/rc-skeleton:build:library: cache hit, replaying logs 9197118061e9b918
@crab-dev/rc-skeleton:build:library: 
@crab-dev/rc-skeleton:build:library:   ⚡ WAKE / LIBRARY TOKEN  v0.1.43
@crab-dev/rc-skeleton:build:library: 
@crab-dev/rc-skeleton:build:library:   ✓  Tokens generated in 112ms
@crab-dev/rc-skeleton:build:library:      1 files · 5.1 KB
@crab-dev/rc-skeleton:build:library:      Output  C:\Users\zhang\Desktop\crab-dev\components\rc-skeleton\src\token.ts
@crab-dev/rc-skeleton:build:library: 
@crab-dev/rc-skeleton:build:library: 
@crab-dev/rc-skeleton:build:library:   ⚡ WAKE / LIBRARY BUILD  v0.1.43
@crab-dev/rc-skeleton:build:library: 
@crab-dev/rc-skeleton:build:library:   ✓  Built library in 64ms
@crab-dev/rc-skeleton:build:library:      3 modules · 11 files · 26.7 KB
@crab-dev/rc-skeleton:build:library:      Output  C:\Users\zhang\Desktop\crab-dev\components\rc-skeleton
@crab-dev/rc-skeleton:build:library: 
@crab-dev/rc-radio:build:library: cache hit, replaying logs 268b8e1d11bb2e80
@crab-dev/rc-radio:build:library: 
@crab-dev/rc-radio:build:library:   ⚡ WAKE / LIBRARY TOKEN  v0.1.43
@crab-dev/rc-radio:build:library: 
@crab-dev/rc-radio:build:library:   ✓  Tokens generated in 70ms
@crab-dev/rc-radio:build:library:      1 files · 8.9 KB
@crab-dev/rc-radio:build:library:      Output  C:\Users\zhang\Desktop\crab-dev\components\rc-radio\src\token.ts
@crab-dev/rc-radio:build:library: 
@crab-dev/rc-radio:build:library: 
@crab-dev/rc-radio:build:library:   ⚡ WAKE / LIBRARY BUILD  v0.1.43
@crab-dev/rc-radio:build:library: 
@crab-dev/rc-radio:build:library:   ✓  Built library in 172ms
@crab-dev/rc-radio:build:library:      5 modules · 16 files · 39.0 KB
@crab-dev/rc-radio:build:library:      Output  C:\Users\zhang\Desktop\crab-dev\components\rc-radio
@crab-dev/rc-radio:build:library: 
@crab-dev/rc-masonry:typecheck: cache miss, executing 0f1c72693eed22ad
@crab-dev/rc-canvas:typecheck: cache miss, executing 33d79d1acac82c09
@crab-dev/rc-alert:typecheck: cache miss, executing 70c4f6c454a2683c
@crab-dev/rc-badge:typecheck: cache miss, executing 651b978cbf2a4334
@crab-dev/rc-slider:build:library: cache hit, replaying logs e09e417a9c593d7c
@crab-dev/rc-slider:build:library: 
@crab-dev/rc-slider:build:library:   ⚡ WAKE / LIBRARY TOKEN  v0.1.43
@crab-dev/rc-slider:build:library: 
@crab-dev/rc-slider:build:library:   ✓  Tokens generated in 48ms
@crab-dev/rc-slider:build:library:      1 files · 2.4 KB
@crab-dev/rc-slider:build:library:      Output  C:\Users\zhang\Desktop\crab-dev\components\rc-slider\src\token.ts
@crab-dev/rc-slider:build:library: 
@crab-dev/rc-slider:build:library: 
@crab-dev/rc-slider:build:library:   ⚡ WAKE / LIBRARY BUILD  v0.1.43
@crab-dev/rc-slider:build:library: 
@crab-dev/rc-slider:build:library:   ✓  Built library in 82ms
@crab-dev/rc-slider:build:library:      4 modules · 13 files · 19.5 KB
@crab-dev/rc-slider:build:library:      Output  C:\Users\zhang\Desktop\crab-dev\components\rc-slider
@crab-dev/rc-slider:build:library: 
@crab-dev/rc-notification:typecheck: cache miss, executing ee9e8858be0a4ab3
@crab-dev/rc-switch:typecheck: cache miss, executing fb43d2a8b33083be
@crab-dev/rc-checkbox:typecheck: cache miss, executing fc84c40cd9ef7a0a
@crab-dev/rc-tag:build:library: cache hit, replaying logs be75ef74aca8a496
@crab-dev/rc-tag:build:library: 
@crab-dev/rc-tag:build:library:   ⚡ WAKE / LIBRARY TOKEN  v0.1.43
@crab-dev/rc-tag:build:library: 
@crab-dev/rc-tag:build:library:   ✓  Tokens generated in 69ms
@crab-dev/rc-tag:build:library:      1 files · 7.3 KB
@crab-dev/rc-tag:build:library:      Output  C:\Users\zhang\Desktop\crab-dev\components\rc-tag\src\token.ts
@crab-dev/rc-tag:build:library: 
@crab-dev/rc-tag:build:library: 
@crab-dev/rc-tag:build:library:   ⚡ WAKE / LIBRARY BUILD  v0.1.43
@crab-dev/rc-tag:build:library: 
@crab-dev/rc-tag:build:library:   ✓  Built library in 120ms
@crab-dev/rc-tag:build:library:      4 modules · 14 files · 36.1 KB
@crab-dev/rc-tag:build:library:      Output  C:\Users\zhang\Desktop\crab-dev\components\rc-tag
@crab-dev/rc-tag:build:library: 
@crab-dev/rc-segmented:typecheck: cache miss, executing c5a7f3f0ad464fba
@crab-dev/rc-canvas:build:library: cache hit, replaying logs d1c5622f32eb80b5
@crab-dev/rc-canvas:build:library: 
@crab-dev/rc-canvas:build:library:   ⚡ WAKE / LIBRARY TOKEN  v0.1.43
@crab-dev/rc-canvas:build:library: 
@crab-dev/rc-canvas:build:library:   ✓  Tokens generated in 58ms
@crab-dev/rc-canvas:build:library:      1 files · 4.8 KB
@crab-dev/rc-canvas:build:library:      Output  C:\Users\zhang\Desktop\crab-dev\components\rc-canvas\src\token.ts
@crab-dev/rc-canvas:build:library: 
@crab-dev/rc-canvas:build:library: 
@crab-dev/rc-canvas:build:library:   ⚡ WAKE / LIBRARY BUILD  v0.1.43
@crab-dev/rc-canvas:build:library: 
@crab-dev/rc-canvas:build:library:   ✓  Built library in 814ms
@crab-dev/rc-canvas:build:library:      39 modules · 107 files · 339.4 KB
@crab-dev/rc-canvas:build:library:      Output  C:\Users\zhang\Desktop\crab-dev\components\rc-canvas
@crab-dev/rc-canvas:build:library: 
@crab-dev/rc-tag:typecheck: cache miss, executing e08bd5143bef5ec8
@crab-dev/rc-auto-sizer:build:library: cache hit, replaying logs 8c91d01c3c666d81
@crab-dev/rc-auto-sizer:build:library: 
@crab-dev/rc-auto-sizer:build:library:   ⚡ WAKE / LIBRARY BUILD  v0.1.43
@crab-dev/rc-auto-sizer:build:library: 
@crab-dev/rc-auto-sizer:build:library:   ✓  Built library in 159ms
@crab-dev/rc-auto-sizer:build:library:      2 modules · 8 files · 5.1 KB
@crab-dev/rc-auto-sizer:build:library:      Output  C:\Users\zhang\Desktop\crab-dev\components\rc-auto-sizer
@crab-dev/rc-auto-sizer:build:library: 
@crab-dev/rc-message:typecheck: cache miss, executing 9df6f3f8ab81c354
@crab-dev/rc-virtual:typecheck: cache miss, executing 2bc25c87fbe76bf1
@crab-dev/rc-skeleton:typecheck: cache miss, executing 8d61690de0ca80d2
@crab-dev/rc-split-pane:typecheck: cache miss, executing 1971791c0163ae01
@crab-dev/rc-slider:typecheck: cache miss, executing 3fee7a5f420718fd
@crab-dev/rc-alert:build:library: cache hit, replaying logs 8172a3474212f19a
@crab-dev/rc-alert:build:library: 
@crab-dev/rc-alert:build:library:   ⚡ WAKE / LIBRARY TOKEN  v0.1.43
@crab-dev/rc-alert:build:library: 
@crab-dev/rc-alert:build:library:   ✓  Tokens generated in 64ms
@crab-dev/rc-alert:build:library:      1 files · 7.2 KB
@crab-dev/rc-alert:build:library:      Output  C:\Users\zhang\Desktop\crab-dev\components\rc-alert\src\token.ts
@crab-dev/rc-alert:build:library: 
@crab-dev/rc-alert:build:library: 
@crab-dev/rc-alert:build:library:   ⚡ WAKE / LIBRARY BUILD  v0.1.43
@crab-dev/rc-alert:build:library: 
@crab-dev/rc-alert:build:library:   ✓  Built library in 76ms
@crab-dev/rc-alert:build:library:      4 modules · 13 files · 36.6 KB
@crab-dev/rc-alert:build:library:      Output  C:\Users\zhang\Desktop\crab-dev\components\rc-alert
@crab-dev/rc-alert:build:library: 
@crab-dev/rc-radio:typecheck: cache miss, executing 11d4dff46e374f31
@crab-dev/rc-badge:build:library: cache hit, replaying logs 5ccefd52f858b11d
@crab-dev/rc-badge:build:library: 
@crab-dev/rc-badge:build:library:   ⚡ WAKE / LIBRARY TOKEN  v0.1.43
@crab-dev/rc-badge:build:library: 
@crab-dev/rc-badge:build:library:   ✓  Tokens generated in 60ms
@crab-dev/rc-badge:build:library:      1 files · 5.5 KB
@crab-dev/rc-badge:build:library:      Output  C:\Users\zhang\Desktop\crab-dev\components\rc-badge\src\token.ts
@crab-dev/rc-badge:build:library: 
@crab-dev/rc-badge:build:library: 
@crab-dev/rc-badge:build:library:   ⚡ WAKE / LIBRARY BUILD  v0.1.43
@crab-dev/rc-badge:build:library: 
@crab-dev/rc-badge:build:library:   ✓  Built library in 74ms
@crab-dev/rc-badge:build:library:      3 modules · 11 files · 30.9 KB
@crab-dev/rc-badge:build:library:      Output  C:\Users\zhang\Desktop\crab-dev\components\rc-badge
@crab-dev/rc-badge:build:library: 
@crab-dev/rc-prose:typecheck: cache miss, executing 3a0fcd52a839db6e
@crab-dev/rc-virtual:build:library: cache hit, replaying logs 307d9fa921a455f0
@crab-dev/rc-virtual:build:library: 
@crab-dev/rc-virtual:build:library:   ⚡ WAKE / LIBRARY TOKEN  v0.1.43
@crab-dev/rc-virtual:build:library: 
@crab-dev/rc-virtual:build:library:   ✓  Tokens generated in 56ms
@crab-dev/rc-virtual:build:library:      1 files · 1003 B
@crab-dev/rc-virtual:build:library:      Output  C:\Users\zhang\Desktop\crab-dev\components\rc-virtual\src\token.ts
@crab-dev/rc-virtual:build:library: 
@crab-dev/rc-virtual:build:library: 
@crab-dev/rc-virtual:build:library:   ⚡ WAKE / LIBRARY BUILD  v0.1.43
@crab-dev/rc-virtual:build:library: 
@crab-dev/rc-virtual:build:library:   ✓  Built library in 207ms
@crab-dev/rc-virtual:build:library:      7 modules · 18 files · 55.6 KB
@crab-dev/rc-virtual:build:library:      Output  C:\Users\zhang\Desktop\crab-dev\components\rc-virtual
@crab-dev/rc-virtual:build:library: 
@crab-dev/rc-tooltip:typecheck: cache miss, executing b7f75487861d0287
@crab-dev/rc-breadcrumbs:typecheck: cache miss, executing 19f1d80bfb01d229
@crab-dev/rc-empty:typecheck: cache miss, executing 5d64585bb6e3cd92
@crab-dev/rc-switch:build:library: cache hit, replaying logs 48a9545794292cfb
@crab-dev/rc-switch:build:library: 
@crab-dev/rc-switch:build:library:   ⚡ WAKE / LIBRARY TOKEN  v0.1.43
@crab-dev/rc-switch:build:library: 
@crab-dev/rc-switch:build:library:   ✓  Tokens generated in 41ms
@crab-dev/rc-switch:build:library:      1 files · 8.3 KB
@crab-dev/rc-switch:build:library:      Output  C:\Users\zhang\Desktop\crab-dev\components\rc-switch\src\token.ts
@crab-dev/rc-switch:build:library: 
@crab-dev/rc-switch:build:library: 
@crab-dev/rc-switch:build:library:   ⚡ WAKE / LIBRARY BUILD  v0.1.43
@crab-dev/rc-switch:build:library: 
@crab-dev/rc-switch:build:library:   ✓  Built library in 129ms
@crab-dev/rc-switch:build:library:      3 modules · 11 files · 32.9 KB
@crab-dev/rc-switch:build:library:      Output  C:\Users\zhang\Desktop\crab-dev\components\rc-switch
@crab-dev/rc-switch:build:library: 
@crab-dev/rc-empty:build:library: cache hit, replaying logs 34c7d01ecc450c68
@crab-dev/rc-empty:build:library: 
@crab-dev/rc-empty:build:library:   ⚡ WAKE / LIBRARY TOKEN  v0.1.43
@crab-dev/rc-empty:build:library: 
@crab-dev/rc-empty:build:library:   ✓  Tokens generated in 61ms
@crab-dev/rc-empty:build:library:      1 files · 2.5 KB
@crab-dev/rc-empty:build:library:      Output  C:\Users\zhang\Desktop\crab-dev\components\rc-empty\src\token.ts
@crab-dev/rc-empty:build:library: 
@crab-dev/rc-empty:build:library: 
@crab-dev/rc-empty:build:library:   ⚡ WAKE / LIBRARY BUILD  v0.1.43
@crab-dev/rc-empty:build:library: 
@crab-dev/rc-empty:build:library:   ✓  Built library in 86ms
@crab-dev/rc-empty:build:library:      6 modules · 17 files · 20.6 KB
@crab-dev/rc-empty:build:library:      Output  C:\Users\zhang\Desktop\crab-dev\components\rc-empty
@crab-dev/rc-empty:build:library: 
@crab-dev/rc-button:typecheck: cache miss, executing c8eca78cd7c83fb2
@crab-dev/rc-spin:typecheck: cache miss, executing af49609067925410
@crab-dev/rc-component-preview:typecheck: cache miss, executing 044d77aa5b1ee85e
@crab-dev/rc-text-edit:build:library: cache hit, replaying logs 5c2f4b196c021fa8
@crab-dev/rc-text-edit:build:library: 
@crab-dev/rc-text-edit:build:library:   ⚡ WAKE / LIBRARY TOKEN  v0.1.43
@crab-dev/rc-text-edit:build:library: 
@crab-dev/rc-text-edit:build:library:   ✓  Tokens generated in 29ms
@crab-dev/rc-text-edit:build:library:      1 files · 10.1 KB
@crab-dev/rc-text-edit:build:library:      Output  C:\Users\zhang\Desktop\crab-dev\components\rc-text-edit\src\token.ts
@crab-dev/rc-text-edit:build:library: 
@crab-dev/rc-text-edit:build:library: 
@crab-dev/rc-text-edit:build:library:   ⚡ WAKE / LIBRARY BUILD  v0.1.43
@crab-dev/rc-text-edit:build:library: 
@crab-dev/rc-text-edit:build:library:   ✓  Built library in 98ms
@crab-dev/rc-text-edit:build:library:      3 modules · 10 files · 41.5 KB
@crab-dev/rc-text-edit:build:library:      Output  C:\Users\zhang\Desktop\crab-dev\components\rc-text-edit
@crab-dev/rc-text-edit:build:library: 
@crab-dev/rc-drawer:build:library: cache hit, replaying logs a7f1680a18a856fe
@crab-dev/rc-drawer:build:library: 
@crab-dev/rc-drawer:build:library:   ⚡ WAKE / LIBRARY TOKEN  v0.1.43
@crab-dev/rc-drawer:build:library: 
@crab-dev/rc-drawer:build:library:   ✓  Tokens generated in 51ms
@crab-dev/rc-drawer:build:library:      1 files · 5.8 KB
@crab-dev/rc-drawer:build:library:      Output  C:\Users\zhang\Desktop\crab-dev\components\rc-drawer\src\token.ts
@crab-dev/rc-drawer:build:library: 
@crab-dev/rc-drawer:build:library: 
@crab-dev/rc-drawer:build:library:   ⚡ WAKE / LIBRARY BUILD  v0.1.43
@crab-dev/rc-drawer:build:library: 
@crab-dev/rc-drawer:build:library:   ✓  Built library in 73ms
@crab-dev/rc-drawer:build:library:      3 modules · 10 files · 33.9 KB
@crab-dev/rc-drawer:build:library:      Output  C:\Users\zhang\Desktop\crab-dev\components\rc-drawer
@crab-dev/rc-drawer:build:library: 
@crab-dev/rc-divider:build:library: cache hit, replaying logs dcccc50217c275f6
@crab-dev/rc-divider:build:library: 
@crab-dev/rc-divider:build:library:   ⚡ WAKE / LIBRARY TOKEN  v0.1.43
@crab-dev/rc-divider:build:library: 
@crab-dev/rc-divider:build:library:   ✓  Tokens generated in 48ms
@crab-dev/rc-divider:build:library:      1 files · 3.0 KB
@crab-dev/rc-divider:build:library:      Output  C:\Users\zhang\Desktop\crab-dev\components\rc-divider\src\token.ts
@crab-dev/rc-divider:build:library: 
@crab-dev/rc-divider:build:library: 
@crab-dev/rc-divider:build:library:   ⚡ WAKE / LIBRARY BUILD  v0.1.43
@crab-dev/rc-divider:build:library: 
@crab-dev/rc-divider:build:library:   ✓  Built library in 58ms
@crab-dev/rc-divider:build:library:      3 modules · 10 files · 20.2 KB
@crab-dev/rc-divider:build:library:      Output  C:\Users\zhang\Desktop\crab-dev\components\rc-divider
@crab-dev/rc-divider:build:library: 
@crab-dev/rc-line-edit:build:library: cache hit, replaying logs 4e19aed43eb3c597
@crab-dev/rc-line-edit:build:library: 
@crab-dev/rc-line-edit:build:library:   ⚡ WAKE / LIBRARY TOKEN  v0.1.43
@crab-dev/rc-line-edit:build:library: 
@crab-dev/rc-line-edit:build:library:   ✓  Tokens generated in 42ms
@crab-dev/rc-line-edit:build:library:      1 files · 10.1 KB
@crab-dev/rc-line-edit:build:library:      Output  C:\Users\zhang\Desktop\crab-dev\components\rc-line-edit\src\token.ts
@crab-dev/rc-line-edit:build:library: 
@crab-dev/rc-line-edit:build:library: 
@crab-dev/rc-line-edit:build:library:   ⚡ WAKE / LIBRARY BUILD  v0.1.43
@crab-dev/rc-line-edit:build:library: 
@crab-dev/rc-line-edit:build:library:   ✓  Built library in 120ms
@crab-dev/rc-line-edit:build:library:      3 modules · 10 files · 42.7 KB
@crab-dev/rc-line-edit:build:library:      Output  C:\Users\zhang\Desktop\crab-dev\components\rc-line-edit
@crab-dev/rc-line-edit:build:library: 
@crab-dev/rc-line-edit:typecheck: cache miss, executing 883568f3b70c86d3
@crab-dev/rc-drawer:typecheck: cache miss, executing 8801a0ae34f90614
@crab-dev/rc-text-edit:typecheck: cache miss, executing 888af049162869fa
@crab-dev/rc-divider:typecheck: cache miss, executing 7704c0bec3e7a1ed
@crab-dev/rc-flow-diagram:typecheck: cache miss, executing b0f998cb3cec5d55
@crab-dev/rc-flow-diagram:build:library: cache hit, replaying logs 7363676cb81c9667
@crab-dev/rc-flow-diagram:build:library: 
@crab-dev/rc-flow-diagram:build:library:   ⚡ WAKE / LIBRARY TOKEN  v0.1.43
@crab-dev/rc-flow-diagram:build:library: 
@crab-dev/rc-flow-diagram:build:library:   ✓  Tokens generated in 67ms
@crab-dev/rc-flow-diagram:build:library:      1 files · 1.6 KB
@crab-dev/rc-flow-diagram:build:library:      Output  C:\Users\zhang\Desktop\crab-dev\components\rc-flow-diagram\src\token.ts
@crab-dev/rc-flow-diagram:build:library: 
@crab-dev/rc-flow-diagram:build:library: 
@crab-dev/rc-flow-diagram:build:library:   ⚡ WAKE / LIBRARY BUILD  v0.1.43
@crab-dev/rc-flow-diagram:build:library: 
@crab-dev/rc-flow-diagram:build:library:   ✓  Built library in 216ms
@crab-dev/rc-flow-diagram:build:library:      11 modules · 32 files · 48.5 KB
@crab-dev/rc-flow-diagram:build:library:      Output  C:\Users\zhang\Desktop\crab-dev\components\rc-flow-diagram
@crab-dev/rc-flow-diagram:build:library: 
@crab-dev/rc-realm:typecheck: cache miss, executing 8316b8448a06c168
@crab-dev/rc-realm:build:library: cache hit, replaying logs 3e999dfa78a337d1
@crab-dev/rc-realm:build:library: 
@crab-dev/rc-realm:build:library:   ⚡ WAKE / LIBRARY TOKEN  v0.1.43
@crab-dev/rc-realm:build:library: 
@crab-dev/rc-realm:build:library:   ✓  Tokens generated in 50ms
@crab-dev/rc-realm:build:library:      1 files · 672 B
@crab-dev/rc-realm:build:library:      Output  C:\Users\zhang\Desktop\crab-dev\components\rc-realm\src\token.ts
@crab-dev/rc-realm:build:library: 
@crab-dev/rc-realm:build:library: 
@crab-dev/rc-realm:build:library:   ⚡ WAKE / LIBRARY BUILD  v0.1.43
@crab-dev/rc-realm:build:library: 
@crab-dev/rc-realm:build:library:   ✓  Built library in 206ms
@crab-dev/rc-realm:build:library:      10 modules · 27 files · 47.2 KB
@crab-dev/rc-realm:build:library:      Output  C:\Users\zhang\Desktop\crab-dev\components\rc-realm
@crab-dev/rc-realm:build:library: 
@crab-dev/rc-avatar:typecheck: cache miss, executing 4fc498f211c29d9d
@crab-dev/rc-avatar:build:library: cache hit, replaying logs e31872b7e5b3c664
@crab-dev/rc-avatar:build:library: 
@crab-dev/rc-avatar:build:library:   ⚡ WAKE / LIBRARY TOKEN  v0.1.43
@crab-dev/rc-avatar:build:library: 
@crab-dev/rc-avatar:build:library:   ✓  Tokens generated in 58ms
@crab-dev/rc-avatar:build:library:      1 files · 7.5 KB
@crab-dev/rc-avatar:build:library:      Output  C:\Users\zhang\Desktop\crab-dev\components\rc-avatar\src\token.ts
@crab-dev/rc-avatar:build:library: 
@crab-dev/rc-avatar:build:library: 
@crab-dev/rc-avatar:build:library:   ⚡ WAKE / LIBRARY BUILD  v0.1.43
@crab-dev/rc-avatar:build:library: 
@crab-dev/rc-avatar:build:library:   ✓  Built library in 158ms
@crab-dev/rc-avatar:build:library:      4 modules · 14 files · 46.5 KB
@crab-dev/rc-avatar:build:library:      Output  C:\Users\zhang\Desktop\crab-dev\components\rc-avatar
@crab-dev/rc-avatar:build:library: 
@crab-dev/rc-tree:typecheck: cache miss, executing 5a69efa12d7e3554
@crab-dev/rc-tree:build:library: cache hit, replaying logs 8a305d577c55ea91
@crab-dev/rc-tree:build:library: 
@crab-dev/rc-tree:build:library:   ⚡ WAKE / LIBRARY TOKEN  v0.1.43
@crab-dev/rc-tree:build:library: 
@crab-dev/rc-tree:build:library:   ✓  Tokens generated in 44ms
@crab-dev/rc-tree:build:library:      1 files · 6.5 KB
@crab-dev/rc-tree:build:library:      Output  C:\Users\zhang\Desktop\crab-dev\components\rc-tree\src\token.ts
@crab-dev/rc-tree:build:library: 
@crab-dev/rc-tree:build:library: 
@crab-dev/rc-tree:build:library:   ⚡ WAKE / LIBRARY BUILD  v0.1.43
@crab-dev/rc-tree:build:library: 
@crab-dev/rc-tree:build:library:   ✓  Built library in 233ms
@crab-dev/rc-tree:build:library:      8 modules · 24 files · 101.4 KB
@crab-dev/rc-tree:build:library:      Output  C:\Users\zhang\Desktop\crab-dev\components\rc-tree
@crab-dev/rc-tree:build:library: 
@crab-dev/rc-bar-chart:typecheck: cache miss, executing 37525068b162cb16
@crab-dev/rc-bar-chart:build:library: cache hit, replaying logs b65a188ba821360a
@crab-dev/rc-bar-chart:build:library: 
@crab-dev/rc-bar-chart:build:library:   ⚡ WAKE / LIBRARY TOKEN  v0.1.43
@crab-dev/rc-bar-chart:build:library: 
@crab-dev/rc-bar-chart:build:library:   ✓  Tokens generated in 40ms
@crab-dev/rc-bar-chart:build:library:      1 files · 8.8 KB
@crab-dev/rc-bar-chart:build:library:      Output  C:\Users\zhang\Desktop\crab-dev\components\rc-bar-chart\src\token.ts
@crab-dev/rc-bar-chart:build:library: 
@crab-dev/rc-bar-chart:build:library: 
@crab-dev/rc-bar-chart:build:library:   ⚡ WAKE / LIBRARY BUILD  v0.1.43
@crab-dev/rc-bar-chart:build:library: 
@crab-dev/rc-bar-chart:build:library:   ✓  Built library in 179ms
@crab-dev/rc-bar-chart:build:library:      7 modules · 20 files · 105.2 KB
@crab-dev/rc-bar-chart:build:library:      Output  C:\Users\zhang\Desktop\crab-dev\components\rc-bar-chart
@crab-dev/rc-bar-chart:build:library: 
@crab-dev/rc-app-main-layout:build:library: cache hit, replaying logs 6a80ab4f8adfb437
@crab-dev/rc-app-main-layout:build:library: 
@crab-dev/rc-app-main-layout:build:library:   ⚡ WAKE / LIBRARY TOKEN  v0.1.43
@crab-dev/rc-app-main-layout:build:library: 
@crab-dev/rc-app-main-layout:build:library:   ✓  Tokens generated in 54ms
@crab-dev/rc-app-main-layout:build:library:      1 files · 19.8 KB
@crab-dev/rc-app-main-layout:build:library:      Output  C:\Users\zhang\Desktop\crab-dev\components\rc-app-main-layout\src\token.ts
@crab-dev/rc-app-main-layout:build:library: 
@crab-dev/rc-app-main-layout:build:library: 
@crab-dev/rc-app-main-layout:build:library:   ⚡ WAKE / LIBRARY BUILD  v0.1.43
@crab-dev/rc-app-main-layout:build:library: 
@crab-dev/rc-app-main-layout:build:library:   ✓  Built library in 305ms
@crab-dev/rc-app-main-layout:build:library:      12 modules · 35 files · 170.4 KB
@crab-dev/rc-app-main-layout:build:library:      Output  C:\Users\zhang\Desktop\crab-dev\components\rc-app-main-layout
@crab-dev/rc-app-main-layout:build:library: 
@crab-dev/rc-app-main-layout:typecheck: cache miss, executing d00bfa3b2ddd8a50
@crab-dev/rc-dropdown-container:typecheck: cache miss, executing 6bb318a0bbb89fc8
@crab-dev/rc-number-edit:typecheck: cache miss, executing 15c0d7557ee2a67a
@crab-dev/rc-dropdown-container:build:library: cache hit, replaying logs 63f909551958fd0e
@crab-dev/rc-dropdown-container:build:library: 
@crab-dev/rc-dropdown-container:build:library:   ⚡ WAKE / LIBRARY TOKEN  v0.1.43
@crab-dev/rc-dropdown-container:build:library: 
@crab-dev/rc-dropdown-container:build:library:   ✓  Tokens generated in 45ms
@crab-dev/rc-dropdown-container:build:library:      1 files · 1.5 KB
@crab-dev/rc-dropdown-container:build:library:      Output  C:\Users\zhang\Desktop\crab-dev\components\rc-dropdown-container\src\token.ts
@crab-dev/rc-dropdown-container:build:library: 
@crab-dev/rc-dropdown-container:build:library: 
@crab-dev/rc-dropdown-container:build:library:   ⚡ WAKE / LIBRARY BUILD  v0.1.43
@crab-dev/rc-dropdown-container:build:library: 
@crab-dev/rc-dropdown-container:build:library:   ✓  Built library in 69ms
@crab-dev/rc-dropdown-container:build:library:      5 modules · 16 files · 17.2 KB
@crab-dev/rc-dropdown-container:build:library:      Output  C:\Users\zhang\Desktop\crab-dev\components\rc-dropdown-container
@crab-dev/rc-dropdown-container:build:library: 
@crab-dev/rc-number-edit:build:library: cache hit, replaying logs a9d4153946f7f494
@crab-dev/rc-number-edit:build:library: 
@crab-dev/rc-number-edit:build:library:   ⚡ WAKE / LIBRARY TOKEN  v0.1.43
@crab-dev/rc-number-edit:build:library: 
@crab-dev/rc-number-edit:build:library:   ✓  Tokens generated in 46ms
@crab-dev/rc-number-edit:build:library:      1 files · 4.0 KB
@crab-dev/rc-number-edit:build:library:      Output  C:\Users\zhang\Desktop\crab-dev\components\rc-number-edit\src\token.ts
@crab-dev/rc-number-edit:build:library: 
@crab-dev/rc-number-edit:build:library: 
@crab-dev/rc-number-edit:build:library:   ⚡ WAKE / LIBRARY BUILD  v0.1.43
@crab-dev/rc-number-edit:build:library: 
@crab-dev/rc-number-edit:build:library:   ✓  Built library in 163ms
@crab-dev/rc-number-edit:build:library:      7 modules · 19 files · 48.9 KB
@crab-dev/rc-number-edit:build:library:      Output  C:\Users\zhang\Desktop\crab-dev\components\rc-number-edit
@crab-dev/rc-number-edit:build:library: 
@crab-dev/rc-card:typecheck: cache miss, executing a563730fb893de30
@crab-dev/rc-card:build:library: cache hit, replaying logs 2b6b594df9d39c51
@crab-dev/rc-card:build:library: 
@crab-dev/rc-card:build:library:   ⚡ WAKE / LIBRARY TOKEN  v0.1.43
@crab-dev/rc-card:build:library: 
@crab-dev/rc-card:build:library:   ✓  Tokens generated in 53ms
@crab-dev/rc-card:build:library:      1 files · 10.4 KB
@crab-dev/rc-card:build:library:      Output  C:\Users\zhang\Desktop\crab-dev\components\rc-card\src\token.ts
@crab-dev/rc-card:build:library: 
@crab-dev/rc-card:build:library: 
@crab-dev/rc-card:build:library:   ⚡ WAKE / LIBRARY BUILD  v0.1.43
@crab-dev/rc-card:build:library: 
@crab-dev/rc-card:build:library:   ✓  Built library in 134ms
@crab-dev/rc-card:build:library:      9 modules · 23 files · 55.0 KB
@crab-dev/rc-card:build:library:      Output  C:\Users\zhang\Desktop\crab-dev\components\rc-card
@crab-dev/rc-card:build:library: 
@crab-dev/rc-select:typecheck: cache miss, executing 586dc1ea4f20990b
@crab-dev/rc-select:build:library: cache hit, replaying logs 352839b6b082ae6f
@crab-dev/rc-select:build:library: 
@crab-dev/rc-select:build:library:   ⚡ WAKE / LIBRARY TOKEN  v0.1.43
@crab-dev/rc-select:build:library: 
@crab-dev/rc-select:build:library:   ✓  Tokens generated in 55ms
@crab-dev/rc-select:build:library:      1 files · 11.4 KB
@crab-dev/rc-select:build:library:      Output  C:\Users\zhang\Desktop\crab-dev\components\rc-select\src\token.ts
@crab-dev/rc-select:build:library: 
@crab-dev/rc-select:build:library: 
@crab-dev/rc-select:build:library:   ⚡ WAKE / LIBRARY BUILD  v0.1.43
@crab-dev/rc-select:build:library: 
@crab-dev/rc-select:build:library:   ✓  Built library in 296ms
@crab-dev/rc-select:build:library:      6 modules · 17 files · 90.5 KB
@crab-dev/rc-select:build:library:      Output  C:\Users\zhang\Desktop\crab-dev\components\rc-select
@crab-dev/rc-select:build:library: 
@crab-dev/rc-date-picker:typecheck: cache miss, executing 7da884319e60b557
@crab-dev/rc-date-picker:build:library: cache hit, replaying logs 9ad6e6dc9af81f82
@crab-dev/rc-date-picker:build:library: 
@crab-dev/rc-date-picker:build:library:   ⚡ WAKE / LIBRARY TOKEN  v0.1.43
@crab-dev/rc-date-picker:build:library: 
@crab-dev/rc-date-picker:build:library:   ✓  Tokens generated in 41ms
@crab-dev/rc-date-picker:build:library:      1 files · 5.9 KB
@crab-dev/rc-date-picker:build:library:      Output  C:\Users\zhang\Desktop\crab-dev\components\rc-date-picker\src\token.ts
@crab-dev/rc-date-picker:build:library: 
@crab-dev/rc-date-picker:build:library: 
@crab-dev/rc-date-picker:build:library:   ⚡ WAKE / LIBRARY BUILD  v0.1.43
@crab-dev/rc-date-picker:build:library: 
@crab-dev/rc-date-picker:build:library:   ✓  Built library in 386ms
@crab-dev/rc-date-picker:build:library:      21 modules · 56 files · 104.1 KB
@crab-dev/rc-date-picker:build:library:      Output  C:\Users\zhang\Desktop\crab-dev\components\rc-date-picker
@crab-dev/rc-date-picker:build:library: 
@crab-dev/rc-cron-picker:typecheck: cache miss, executing a1ceffa5db9bcfb0
@crab-dev/rc-pagination:typecheck: cache miss, executing 41fd9c5a93e762bc
@crab-dev/rc-form:typecheck: cache miss, executing 16d85ee8a80be7c2
@crab-dev/rc-table:typecheck: cache miss, executing d6bd3aa77c933d83
@crab-dev/rc-form:build:library: cache hit, replaying logs 74b439286659906c
@crab-dev/rc-form:build:library: 
@crab-dev/rc-form:build:library:   ⚡ WAKE / LIBRARY TOKEN  v0.1.43
@crab-dev/rc-form:build:library: 
@crab-dev/rc-form:build:library:   ✓  Tokens generated in 65ms
@crab-dev/rc-form:build:library:      1 files · 2.9 KB
@crab-dev/rc-form:build:library:      Output  C:\Users\zhang\Desktop\crab-dev\components\rc-form\src\token.ts
@crab-dev/rc-form:build:library: 
@crab-dev/rc-form:build:library: 
@crab-dev/rc-form:build:library:   ⚡ WAKE / LIBRARY BUILD  v0.1.43
@crab-dev/rc-form:build:library: 
@crab-dev/rc-form:build:library:   ✓  Built library in 181ms
@crab-dev/rc-form:build:library:      10 modules · 27 files · 50.0 KB
@crab-dev/rc-form:build:library:      Output  C:\Users\zhang\Desktop\crab-dev\components\rc-form
@crab-dev/rc-form:build:library: 
@crab-dev/rc-cron-picker:build:library: cache hit, replaying logs 0620f61ae908d473
@crab-dev/rc-cron-picker:build:library: 
@crab-dev/rc-cron-picker:build:library:   ⚡ WAKE / LIBRARY TOKEN  v0.1.43
@crab-dev/rc-cron-picker:build:library: 
@crab-dev/rc-cron-picker:build:library:   ✓  Tokens generated in 46ms
@crab-dev/rc-cron-picker:build:library:      1 files · 4.6 KB
@crab-dev/rc-cron-picker:build:library:      Output  C:\Users\zhang\Desktop\crab-dev\components\rc-cron-picker\src\token.ts
@crab-dev/rc-cron-picker:build:library: 
@crab-dev/rc-cron-picker:build:library: 
@crab-dev/rc-cron-picker:build:library:   ⚡ WAKE / LIBRARY BUILD  v0.1.43
@crab-dev/rc-cron-picker:build:library: 
@crab-dev/rc-cron-picker:build:library:   ✓  Built library in 221ms
@crab-dev/rc-cron-picker:build:library:      7 modules · 20 files · 74.1 KB
@crab-dev/rc-cron-picker:build:library:      Output  C:\Users\zhang\Desktop\crab-dev\components\rc-cron-picker
@crab-dev/rc-cron-picker:build:library: 
@crab-dev/rc-color-picker:build:library: cache hit, replaying logs b8ec29d029435f30
@crab-dev/rc-color-picker:build:library: 
@crab-dev/rc-color-picker:build:library:   ⚡ WAKE / LIBRARY TOKEN  v0.1.43
@crab-dev/rc-color-picker:build:library: 
@crab-dev/rc-color-picker:build:library:   ✓  Tokens generated in 46ms
@crab-dev/rc-color-picker:build:library:      1 files · 6.4 KB
@crab-dev/rc-color-picker:build:library:      Output  C:\Users\zhang\Desktop\crab-dev\components\rc-color-picker\src\token.ts
@crab-dev/rc-color-picker:build:library: 
@crab-dev/rc-color-picker:build:library: 
@crab-dev/rc-color-picker:build:library:   ⚡ WAKE / LIBRARY BUILD  v0.1.43
@crab-dev/rc-color-picker:build:library: 
@crab-dev/rc-color-picker:build:library:   ✓  Built library in 203ms
@crab-dev/rc-color-picker:build:library:      9 modules · 24 files · 65.4 KB
@crab-dev/rc-color-picker:build:library:      Output  C:\Users\zhang\Desktop\crab-dev\components\rc-color-picker
@crab-dev/rc-color-picker:build:library: 
@crab-dev/rc-pagination:build:library: cache hit, replaying logs f648324b4b19c4e5
@crab-dev/rc-pagination:build:library: 
@crab-dev/rc-pagination:build:library:   ⚡ WAKE / LIBRARY TOKEN  v0.1.43
@crab-dev/rc-pagination:build:library: 
@crab-dev/rc-pagination:build:library:   ✓  Tokens generated in 32ms
@crab-dev/rc-pagination:build:library:      1 files · 7.8 KB
@crab-dev/rc-pagination:build:library:      Output  C:\Users\zhang\Desktop\crab-dev\components\rc-pagination\src\token.ts
@crab-dev/rc-pagination:build:library: 
@crab-dev/rc-pagination:build:library: 
@crab-dev/rc-pagination:build:library:   ⚡ WAKE / LIBRARY BUILD  v0.1.43
@crab-dev/rc-pagination:build:library: 
@crab-dev/rc-pagination:build:library:   ✓  Built library in 162ms
@crab-dev/rc-pagination:build:library:      3 modules · 11 files · 52.3 KB
@crab-dev/rc-pagination:build:library:      Output  C:\Users\zhang\Desktop\crab-dev\components\rc-pagination
@crab-dev/rc-pagination:build:library: 
@crab-dev/rc-table:build:library: cache hit, replaying logs a76bd4faa254fa44
@crab-dev/rc-table:build:library: 
@crab-dev/rc-table:build:library:   ⚡ WAKE / LIBRARY TOKEN  v0.1.43
@crab-dev/rc-table:build:library: 
@crab-dev/rc-table:build:library:   ✓  Tokens generated in 47ms
@crab-dev/rc-table:build:library:      1 files · 24.3 KB
@crab-dev/rc-table:build:library:      Output  C:\Users\zhang\Desktop\crab-dev\components\rc-table\src\token.ts
@crab-dev/rc-table:build:library: 
@crab-dev/rc-table:build:library: 
@crab-dev/rc-table:build:library:   ⚡ WAKE / LIBRARY BUILD  v0.1.43
@crab-dev/rc-table:build:library: 
@crab-dev/rc-table:build:library:   ✓  Built library in 795ms
@crab-dev/rc-table:build:library:      28 modules · 66 files · 410.0 KB
@crab-dev/rc-table:build:library:      Output  C:\Users\zhang\Desktop\crab-dev\components\rc-table
@crab-dev/rc-table:build:library: 
@crab-dev/rc-color-picker:typecheck: cache miss, executing f93ef53939217343
@crab-dev/rc-dialog:typecheck: cache miss, executing f489bc445ee44eb9
@crab-dev/rc-dialog:build:library: cache hit, replaying logs d939a3d229d32a89
@crab-dev/rc-dialog:build:library: 
@crab-dev/rc-dialog:build:library:   ⚡ WAKE / LIBRARY TOKEN  v0.1.43
@crab-dev/rc-dialog:build:library: 
@crab-dev/rc-dialog:build:library:   ✓  Tokens generated in 40ms
@crab-dev/rc-dialog:build:library:      1 files · 4.5 KB
@crab-dev/rc-dialog:build:library:      Output  C:\Users\zhang\Desktop\crab-dev\components\rc-dialog\src\token.ts
@crab-dev/rc-dialog:build:library: 
@crab-dev/rc-dialog:build:library: 
@crab-dev/rc-dialog:build:library:   ⚡ WAKE / LIBRARY BUILD  v0.1.43
@crab-dev/rc-dialog:build:library: 
@crab-dev/rc-dialog:build:library:   ✓  Built library in 106ms
@crab-dev/rc-dialog:build:library:      4 modules · 13 files · 37.0 KB
@crab-dev/rc-dialog:build:library:      Output  C:\Users\zhang\Desktop\crab-dev\components\rc-dialog
@crab-dev/rc-dialog:build:library: 
@crab-dev/rc-table-pro:typecheck: cache miss, executing a15c0041a27ca337
@crab-dev/rc-table-pro:build:library: cache hit, replaying logs b32b38f014523310
@crab-dev/rc-table-pro:build:library: 
@crab-dev/rc-table-pro:build:library:   ⚡ WAKE / LIBRARY TOKEN  v0.1.43
@crab-dev/rc-table-pro:build:library: 
@crab-dev/rc-table-pro:build:library:   ✓  Tokens generated in 41ms
@crab-dev/rc-table-pro:build:library:      1 files · 6.5 KB
@crab-dev/rc-table-pro:build:library:      Output  C:\Users\zhang\Desktop\crab-dev\components\rc-table-pro\src\token.ts
@crab-dev/rc-table-pro:build:library: 
@crab-dev/rc-table-pro:build:library: 
@crab-dev/rc-table-pro:build:library:   ⚡ WAKE / LIBRARY BUILD  v0.1.43
@crab-dev/rc-table-pro:build:library: 
@crab-dev/rc-table-pro:build:library:   ✓  Built library in 397ms
@crab-dev/rc-table-pro:build:library:      9 modules · 23 files · 132.1 KB
@crab-dev/rc-table-pro:build:library:      Output  C:\Users\zhang\Desktop\crab-dev\components\rc-table-pro
@crab-dev/rc-table-pro:build:library: 
@crab-dev/website:typecheck: cache miss, executing 427f92e81d7fa463

 Tasks:    106 successful, 106 total
Cached:    52 cached, 106 total
  Time:    18.627s 

