
  ⚡ WAKE / BUNDLE  v0.1.45

  ✓  Bundled in 193ms
     8 modules · 1 files · 307.5 KB

生成完成：54 个组件页，57 份教程，126 个教学示例，263 个唯一 Demo，0 个文件变化。

  ⚡ WAKE / DOCS DEV  v0.1.45

  ↻  Rebuilding…
  ✓  Updated  ·  0 modules  ·  3344 cache hits  1.50s
  ✓  Development server ready
     Local  http://127.0.0.1:5173/
     3344 modules · 732 chunks · 0 assets
     Press Ctrl-C to stop

  ↻  Rebuilding after 1 file change…
  ✓  Updated  ·  0 modules  ·  4209 cache hits  698ms
生成完成：54 个组件页，57 份教程，126 个教学示例，263 个唯一 Demo，0 个文件变化。
生成完成：54 个组件页，57 份教程，126 个教学示例，263 个唯一 Demo，0 个文件变化。
生成完成：54 个组件页，57 份教程，126 个教学示例，263 个唯一 Demo，0 个文件变化。
生成完成：54 个组件页，57 份教程，126 个教学示例，263 个唯一 Demo，0 个文件变化。
  ↻  Rebuilding after 1 file change…
  ✓  Updated  ·  1 module  ·  4208 cache hits  836ms
  ↻  Rebuilding after 1 file change…
  ✓  Updated  ·  3 modules  ·  4206 cache hits  1.24s
生成完成：54 个组件页，57 份教程，126 个教学示例，263 个唯一 Demo，0 个文件变化。
生成完成：54 个组件页，57 份教程，126 个教学示例，263 个唯一 Demo，0 个文件变化。
生成完成：54 个组件页，57 份教程，126 个教学示例，263 个唯一 Demo，0 个文件变化。
  ↻  Rebuilding after 1 file change…
  ✓  Updated  ·  0 modules  ·  4209 cache hits  583ms
  ↻  Rebuilding after 1 file change…
  ✓  Updated  ·  0 modules  ·  4209 cache hits  644ms
  ↻  Rebuilding after 1 file change…
  ✓  Updated  ·  0 modules  ·  3344 cache hits  1.79s
  ↻  Rebuilding after 1 file change…
生成完成：54 个组件页，57 份教程，126 个教学示例，263 个唯一 Demo，1 个文件变化。
  ✓  Updated  ·  0 modules  ·  3344 cache hits  1.79s
  ↻  Rebuilding after 1 file change…
生成完成：54 个组件页，57 份教程，126 个教学示例，263 个唯一 Demo，1 个文件变化。
  ✓  Updated  ·  3 modules  ·  3341 cache hits  1.74s
  ↻  Rebuilding after 2 file changes…
  ✓  Updated  ·  4 modules  ·  3340 cache hits  1.65s
  ↻  Rebuilding after 1 file change…
  ✓  Updated  ·  0 modules  ·  3344 cache hits  1.30s
  ↻  Rebuilding after 1 file change…
  ✓  Updated  ·  1 module  ·  3343 cache hits  1.35s
生成完成：54 个组件页，57 份教程，126 个教学示例，263 个唯一 Demo，0 个文件变化。
  ↻  Rebuilding after 54 file changes…
  ✓  Updated  ·  56 modules  ·  3288 cache hits  1.57s
  ↻  Rebuilding after 3 file changes…
生成完成：54 个组件页，57 份教程，126 个教学示例，263 个唯一 Demo，54 个文件变化。
  ✓  Updated  ·  0 modules  ·  3344 cache hits  1.96s
生成完成：54 个组件页，57 份教程，126 个教学示例，263 个唯一 Demo，0 个文件变化。
生成完成：54 个组件页，57 份教程，126 个教学示例，263 个唯一 Demo，0 个文件变化。
生成完成：54 个组件页，57 份教程，126 个教学示例，263 个唯一 Demo，0 个文件变化。
  ↻  Rebuilding after 54 file changes…
  ✓  Updated  ·  56 modules  ·  3288 cache hits  2.28s
  ↻  Rebuilding after 3 file changes…
生成完成：54 个组件页，57 份教程，126 个教学示例，263 个唯一 Demo，0 个文件变化。
生成完成：54 个组件页，57 份教程，126 个教学示例，263 个唯一 Demo，1 个文件变化。
  ✓  Updated  ·  0 modules  ·  3344 cache hits  2.79s
生成完成：54 个组件页，57 份教程，126 个教学示例，263 个唯一 Demo，0 个文件变化。
  ↻  Rebuilding after 1 file change…
  ✓  Updated  ·  2 modules  ·  3342 cache hits  2.76s
  ↻  Rebuilding after 1 file change…
生成完成：54 个组件页，57 份教程，126 个教学示例，263 个唯一 Demo，2 个文件变化。
  ✓  Updated  ·  0 modules  ·  4209 cache hits  1.50s
  ↻  Rebuilding after 2 file changes…
  ✓  Updated  ·  3 modules  ·  3341 cache hits  3.49s
生成完成：54 个组件页，57 份教程，126 个教学示例，263 个唯一 Demo，0 个文件变化。
生成完成：54 个组件页，57 份教程，126 个教学示例，263 个唯一 Demo，0 个文件变化。
  ↻  Rebuilding after 1 file change…
  ✓  Updated  ·  0 modules  ·  4209 cache hits  1.06s
  ↻  Rebuilding after 3 file changes…
  ✓  Updated  ·  0 modules  ·  3344 cache hits  2.66s
  ↻  Rebuilding after 3 file changes…
  ✓  Updated  ·  0 modules  ·  3344 cache hits  2.26s
  ↻  Rebuilding after 6 file changes…
  ✓  Updated  ·  0 modules  ·  3344 cache hits  2.10s
  ↻  Rebuilding after 2 file changes…
  ✓  Updated  ·  0 modules  ·  4209 cache hits  1.53s
