
  ⚡ WAKE / BUNDLE  v0.1.45

  ✓  Bundled in 197ms
     8 modules · 1 files · 307.5 KB

生成完成：54 个组件页，57 份教程，126 个教学示例，263 个唯一 Demo，0 个文件变化。

  ⚡ WAKE / DOCS DEV  v0.1.45

  ↻  Rebuilding…
  ✓  Updated  ·  0 modules  ·  3344 cache hits  1.50s
  ✓  Development server ready
     Local  http://127.0.0.1:5173/
     3344 modules · 732 chunks · 0 assets
     Press Ctrl-C to stop

  ↻  Rebuilding after 1 file change…
  ✓  Updated  ·  0 modules  ·  4209 cache hits  874ms
生成完成：54 个组件页，57 份教程，126 个教学示例，263 个唯一 Demo，1 个文件变化。
  ↻  Rebuilding after 1 file change…
  ✓  Updated  ·  2 modules  ·  3342 cache hits  1.45s
  ↻  Rebuilding after 1 file change…
  ✓  Updated  ·  0 modules  ·  4209 cache hits  857ms
  ↻  Rebuilding after 3 file changes…
  ✓  Updated  ·  0 modules  ·  3344 cache hits  2.28s
生成完成：54 个组件页，57 份教程，126 个教学示例，263 个唯一 Demo，0 个文件变化。
生成完成：54 个组件页，57 份教程，126 个教学示例，263 个唯一 Demo，0 个文件变化。
  ↻  Rebuilding after 3 file changes…
生成完成：54 个组件页，57 份教程，126 个教学示例，263 个唯一 Demo，0 个文件变化。
生成完成：54 个组件页，57 份教程，126 个教学示例，263 个唯一 Demo，0 个文件变化。
  ✓  Updated  ·  0 modules  ·  3344 cache hits  3.06s
  ↻  Rebuilding after 1 file change…
  ✓  Updated  ·  1 module  ·  4208 cache hits  902ms
  ↻  Rebuilding after 1 file change…
  ✓  Updated  ·  1 module  ·  4208 cache hits  660ms
  ↻  Rebuilding after 24 file changes…
  ✓  Updated  ·  0 modules  ·  3344 cache hits  1.45s
  ↻  Rebuilding after 1 file change…
  ✓  Updated  ·  1 module  ·  4208 cache hits  672ms
  ↻  Rebuilding after 1 file change…
  ✓  Updated  ·  0 modules  ·  4209 cache hits  794ms
  ↻  Rebuilding after 1 file change…
生成完成：54 个组件页，57 份教程，126 个教学示例，263 个唯一 Demo，1 个文件变化。
  ✓  Updated  ·  0 modules  ·  4209 cache hits  758ms
  ↻  Rebuilding after 1 file change…
  ✓  Updated  ·  2 modules  ·  3342 cache hits  1.33s
  ↻  Rebuilding after 1 file change…
  ✓  Updated  ·  0 modules  ·  4209 cache hits  567ms
  ↻  Rebuilding after 1 file change…
  ✓  Updated  ·  1 module  ·  4208 cache hits  725ms
  ↻  Rebuilding after 1 file change…
  ✓  Updated  ·  1 module  ·  4208 cache hits  649ms
  ↻  Rebuilding after 1 file change…
  ✓  Updated  ·  1 module  ·  4208 cache hits  631ms
  ↻  Rebuilding after 2 file changes…
  ✓  Updated  ·  0 modules  ·  4209 cache hits  986ms
