
  ⚡ WAKE / BUNDLE  v0.1.45

  ✓  Bundled in 208ms
     8 modules · 1 files · 307.5 KB

生成完成：54 个组件页，57 份教程，126 个教学示例，263 个唯一 Demo，0 个文件变化。

  ⚡ WAKE / DOCS DEV  v0.1.45

  ↻  Rebuilding…
  ✓  Updated  ·  0 modules  ·  3344 cache hits  1.50s
  ✓  Development server ready
     Local  http://127.0.0.1:5173/
     3344 modules · 732 chunks · 0 assets
     Press Ctrl-C to stop

  ↻  Rebuilding after 1 file change…
  ✓  Updated  ·  1 module  ·  4208 cache hits  619ms
  ↻  Rebuilding after 1 file change…
  ✓  Updated  ·  1 module  ·  4208 cache hits  670ms
  ↻  Rebuilding after 1 file change…
  ✓  Updated  ·  0 modules  ·  4209 cache hits  563ms
  ↻  Rebuilding after 1 file change…
  ✓  Updated  ·  0 modules  ·  4209 cache hits  636ms
  ↻  Rebuilding after 2 file changes…
  ✓  Updated  ·  0 modules  ·  4209 cache hits  836ms
