
  ⚡ WAKE / BUNDLE  v0.1.45

  ✓  Bundled in 173ms
     8 modules · 1 files · 307.5 KB

生成完成：54 个组件页，57 份教程，126 个教学示例，263 个唯一 Demo，0 个文件变化。

  ⚡ WAKE / DOCS DEV  v0.1.45

  ↻  Rebuilding…
  ✓  Updated  ·  0 modules  ·  3344 cache hits  1.58s
  ✓  Development server ready
     Local  http://127.0.0.1:5173/
     3344 modules · 732 chunks · 0 assets
     Press Ctrl-C to stop

  ↻  Rebuilding after 1 file change…
  ✓  Updated  ·  0 modules  ·  3344 cache hits  1.77s
  ↻  Rebuilding after 1 file change…
  ✓  Updated  ·  0 modules  ·  4209 cache hits  623ms
  ↻  Rebuilding after 3 file changes…
  ✓  Updated  ·  0 modules  ·  3344 cache hits  1.34s
生成完成：54 个组件页，57 份教程，126 个教学示例，263 个唯一 Demo，0 个文件变化。
生成完成：54 个组件页，57 份教程，126 个教学示例，263 个唯一 Demo，0 个文件变化。
生成完成：54 个组件页，57 份教程，126 个教学示例，263 个唯一 Demo，0 个文件变化。
  ↻  Rebuilding after 3 file changes…
  ✓  Updated  ·  0 modules  ·  3344 cache hits  1.37s
生成完成：54 个组件页，57 份教程，126 个教学示例，263 个唯一 Demo，0 个文件变化。
  ↻  Rebuilding after 21 file changes…
生成完成：54 个组件页，57 份教程，126 个教学示例，263 个唯一 Demo，0 个文件变化。
  ✓  Updated  ·  0 modules  ·  3344 cache hits  2.15s
生成完成：54 个组件页，57 份教程，126 个教学示例，263 个唯一 Demo，0 个文件变化。
  ↻  Rebuilding after 3 file changes…
  ✓  Updated  ·  0 modules  ·  3344 cache hits  2.58s
  ↻  Rebuilding after 1 file change…
生成完成：54 个组件页，57 份教程，126 个教学示例，263 个唯一 Demo，1 个文件变化。
  ✓  Updated  ·  0 modules  ·  4209 cache hits  850ms
  ↻  Rebuilding after 1 file change…
  ✓  Updated  ·  1 module  ·  3343 cache hits  1.32s
  ↻  Rebuilding after 1 file change…
生成完成：54 个组件页，57 份教程，126 个教学示例，263 个唯一 Demo，0 个文件变化。
  ✓  Updated  ·  0 modules  ·  3344 cache hits  1.61s
  ↻  Rebuilding after 2 file changes…
  ✓  Updated  ·  0 modules  ·  4209 cache hits  785ms
  ↻  Rebuilding after 1 file change…
  ✓  Updated  ·  0 modules  ·  3344 cache hits  1.88s
  ↻  Rebuilding after 1 file change…
  ✓  Updated  ·  0 modules  ·  4209 cache hits  1.08s
  ↻  Rebuilding after 2 file changes…
  ✓  Updated  ·  2 modules  ·  4207 cache hits  793ms
  ↻  Rebuilding after 1 file change…
  ✓  Updated  ·  0 modules  ·  4209 cache hits  837ms
  ↻  Rebuilding after 1 file change…
  ✗  ERROR [WAKE0301]: 无法从 `C:\Users\zhang\Desktop\crab-dev\components\rc-date-picker\src\panels\timePickerPanel.tsx` 解析依赖 `./timePickerDial.js`
      --> C:\Users\zhang\Desktop\crab-dev\components\rc-date-picker\src\panels\timePickerPanel.tsx:5:1
       |
     5 | import TimePickerDial from './timePickerDial.js';
       | ^^^^^^^^^^^^^^^^^^^^^^^^^^^^^^^^^^^^^^^^^^^^^^^^^ 此依赖
       = note: 无法从 `C:\Users\zhang\Desktop\crab-dev\components\rc-date-picker\src\panels` 解析模块 `./timePickerDial.js`
       = note: Docs workspace: rc-date-picker
  ↻  Rebuilding after 1 file change…
  ✓  Updated  ·  2179 modules  ·  2032 cache hits  2.04s
  ↻  Rebuilding after 1 file change…
  ✓  Updated  ·  1 module  ·  4210 cache hits  731ms
  ↻  Rebuilding after 1 file change…
  ✓  Updated  ·  1 module  ·  4210 cache hits  688ms
  ↻  Rebuilding after 3 file changes…
  ✓  Updated  ·  5 modules  ·  4206 cache hits  952ms
  ↻  Rebuilding after 1 file change…
  ✓  Updated  ·  0 modules  ·  4211 cache hits  609ms
  ↻  Rebuilding after 1 file change…
  ✓  Updated  ·  1 module  ·  4210 cache hits  735ms
  ↻  Rebuilding after 1 file change…
  ✓  Updated  ·  1 module  ·  4210 cache hits  650ms
生成完成：54 个组件页，57 份教程，126 个教学示例，263 个唯一 Demo，0 个文件变化。
生成完成：54 个组件页，57 份教程，126 个教学示例，263 个唯一 Demo，0 个文件变化。
  ↻  Rebuilding after 1 file change…
  ✓  Updated  ·  1 module  ·  4210 cache hits  718ms
  ↻  Rebuilding after 1 file change…
  ✓  Updated  ·  0 modules  ·  4211 cache hits  697ms
  ↻  Rebuilding after 1 file change…
  ✓  Updated  ·  1 module  ·  4210 cache hits  1.08s
  ↻  Rebuilding after 2 file changes…
  ✓  Updated  ·  0 modules  ·  4211 cache hits  589ms
  ↻  Rebuilding after 1 file change…
  ✓  Updated  ·  0 modules  ·  4211 cache hits  733ms
  ↻  Rebuilding after 1 file change…
  ✓  Updated  ·  0 modules  ·  4211 cache hits  818ms
生成完成：54 个组件页，57 份教程，126 个教学示例，263 个唯一 Demo，0 个文件变化。
组件文档增量生成失败： Error: rc-date-picker: Demo 未分组：timePickerDial.demo.tsx
    at organizeDemos (file:///C:/Users/zhang/Desktop/crab-dev/.website/scripts/generate-component-docs.mjs:831:15)
    at generateDocs (file:///C:/Users/zhang/Desktop/crab-dev/.website/scripts/generate-component-docs.mjs:1255:32)
    at async regenerate (file:///C:/Users/zhang/Desktop/crab-dev/.website/scripts/docs-dev.mjs:49:9)
    at async regenerate (file:///C:/Users/zhang/Desktop/crab-dev/.website/scripts/docs-dev.mjs:56:13)
  ↻  Rebuilding after 2 file changes…
组件文档增量生成失败： Error: rc-date-picker: Demo 未分组：timePickerDial.demo.tsx
    at organizeDemos (file:///C:/Users/zhang/Desktop/crab-dev/.website/scripts/generate-component-docs.mjs:831:15)
    at generateDocs (file:///C:/Users/zhang/Desktop/crab-dev/.website/scripts/generate-component-docs.mjs:1255:32)
    at async regenerate (file:///C:/Users/zhang/Desktop/crab-dev/.website/scripts/docs-dev.mjs:49:9)
  ✓  Updated  ·  3988 modules  ·  225 cache hits  3.19s
  ↻  Rebuilding after 1 file change…
组件文档增量生成失败： Error: rc-date-picker: Demo 未分组：timePickerDial.demo.tsx
    at organizeDemos (file:///C:/Users/zhang/Desktop/crab-dev/.website/scripts/generate-component-docs.mjs:831:15)
    at generateDocs (file:///C:/Users/zhang/Desktop/crab-dev/.website/scripts/generate-component-docs.mjs:1255:32)
    at async regenerate (file:///C:/Users/zhang/Desktop/crab-dev/.website/scripts/docs-dev.mjs:49:9)
  ✓  Updated  ·  0 modules  ·  4213 cache hits  802ms
组件文档增量生成失败： Error: rc-date-picker: Demo 未分组：timePickerDial.demo.tsx
    at organizeDemos (file:///C:/Users/zhang/Desktop/crab-dev/.website/scripts/generate-component-docs.mjs:831:15)
    at generateDocs (file:///C:/Users/zhang/Desktop/crab-dev/.website/scripts/generate-component-docs.mjs:1255:32)
    at async regenerate (file:///C:/Users/zhang/Desktop/crab-dev/.website/scripts/docs-dev.mjs:49:9)
  ↻  Rebuilding after 2 file changes…
  ✓  Updated  ·  0 modules  ·  4213 cache hits  1.80s
