
  ⚡ WAKE / BUNDLE  v0.1.45

  ✓  Bundled in 202ms
     8 modules · 1 files · 307.5 KB

生成完成：54 个组件页，57 份教程，126 个教学示例，263 个唯一 Demo，0 个文件变化。

  ⚡ WAKE / DOCS DEV  v0.1.45

  ↻  Rebuilding…
  ✓  Updated  ·  0 modules  ·  3344 cache hits  1.76s
  ✓  Development server ready
     Local  http://127.0.0.1:5173/
     3344 modules · 732 chunks · 0 assets
     Press Ctrl-C to stop

  ↻  Rebuilding after 4 file changes…
  ✓  Updated  ·  0 modules  ·  3344 cache hits  1.51s
  ↻  Rebuilding after 1 file change…
  ✓  Updated  ·  1 module  ·  3343 cache hits  1.36s
  ↻  Rebuilding after 21 file changes…
  ✓  Updated  ·  0 modules  ·  3344 cache hits  1.52s
  ↻  Rebuilding after 3 file changes…
  ✓  Updated  ·  0 modules  ·  3344 cache hits  1.59s
生成完成：54 个组件页，57 份教程，126 个教学示例，263 个唯一 Demo，0 个文件变化。
生成完成：54 个组件页，57 份教程，126 个教学示例，263 个唯一 Demo，0 个文件变化。
  ↻  Rebuilding after 5 file changes…
生成完成：54 个组件页，57 份教程，126 个教学示例，263 个唯一 Demo，0 个文件变化。
  ✓  Updated  ·  2 modules  ·  3342 cache hits  1.36s
  ↻  Rebuilding after 1 file change…
  ✓  Updated  ·  0 modules  ·  4203 cache hits  742ms
  ↻  Rebuilding after 3 file changes…
  ✓  Updated  ·  0 modules  ·  3344 cache hits  1.59s
  ↻  Rebuilding after 1 file change…
  ✓  Updated  ·  1 module  ·  4208 cache hits  785ms
  ↻  Rebuilding after 1 file change…
  ✓  Updated  ·  1 module  ·  4208 cache hits  717ms
  ↻  Rebuilding after 1 file change…
  ✓  Updated  ·  1 module  ·  4208 cache hits  674ms
  ↻  Rebuilding after 1 file change…
  ✓  Updated  ·  1 module  ·  4208 cache hits  1.02s
  ↻  Rebuilding after 1 file change…
  ✓  Updated  ·  1 module  ·  4208 cache hits  781ms
  ↻  Rebuilding after 1 file change…
  ✓  Updated  ·  0 modules  ·  4209 cache hits  610ms
  ↻  Rebuilding after 1 file change…
  ✓  Updated  ·  0 modules  ·  4209 cache hits  1.04s
  ↻  Rebuilding after 3 file changes…
  ✓  Updated  ·  0 modules  ·  3344 cache hits  1.81s
  ↻  Rebuilding after 2 file changes…
  ✓  Updated  ·  0 modules  ·  4209 cache hits  1.05s
  ↻  Rebuilding after 1 file change…
  ✓  Updated  ·  5 modules  ·  3339 cache hits  1.81s
  ↻  Rebuilding after 1 file change…
  ✓  Updated  ·  0 modules  ·  3344 cache hits  1.58s
  ↻  Rebuilding after 1 file change…
  ✓  Updated  ·  0 modules  ·  4209 cache hits  609ms
