
  ⚡ WAKE / BUNDLE  v0.1.45

  ✓  Bundled in 200ms
     8 modules · 1 files · 307.5 KB

生成完成：54 个组件页，57 份教程，126 个教学示例，264 个唯一 Demo，0 个文件变化。

  ⚡ WAKE / DOCS DEV  v0.1.45

  ↻  Rebuilding…
  ✓  Updated  ·  0 modules  ·  3346 cache hits  2.20s
  ✓  Development server ready
     Local  http://127.0.0.1:5173/
     3346 modules · 732 chunks · 0 assets
     Press Ctrl-C to stop

  ↻  Rebuilding after 2 file changes…
  ✓  Updated  ·  0 modules  ·  4213 cache hits  1.11s
  ↻  Rebuilding after 1 file change…
  ✓  Updated  ·  0 modules  ·  4213 cache hits  573ms
  ↻  Rebuilding after 3 file changes…
  ✓  Updated  ·  1 module  ·  3345 cache hits  1.66s
生成完成：54 个组件页，57 份教程，126 个教学示例，264 个唯一 Demo，0 个文件变化。
生成完成：54 个组件页，57 份教程，126 个教学示例，264 个唯一 Demo，0 个文件变化。
生成完成：54 个组件页，57 份教程，126 个教学示例，264 个唯一 Demo，0 个文件变化。
  ↻  Rebuilding after 3 file changes…
  ✓  Updated  ·  0 modules  ·  3346 cache hits  1.99s
  ↻  Rebuilding after 28 file changes…
生成完成：54 个组件页，57 份教程，126 个教学示例，264 个唯一 Demo，0 个文件变化。
  ✓  Updated  ·  0 modules  ·  3346 cache hits  1.82s
生成完成：54 个组件页，57 份教程，126 个教学示例，264 个唯一 Demo，0 个文件变化。
  ↻  Rebuilding after 1 file change…
  ✓  Updated  ·  1 module  ·  4212 cache hits  666ms
  ↻  Rebuilding after 1 file change…
  ✓  Updated  ·  1 module  ·  4212 cache hits  968ms
  ↻  Rebuilding after 1 file change…
  ✓  Updated  ·  1 module  ·  4212 cache hits  723ms
  ↻  Rebuilding after 1 file change…
  ✓  Updated  ·  1 module  ·  4212 cache hits  586ms
  ↻  Rebuilding after 1 file change…
  ✓  Updated  ·  1 module  ·  4212 cache hits  671ms
  ↻  Rebuilding after 1 file change…
  ✓  Updated  ·  0 modules  ·  4213 cache hits  651ms
  ↻  Rebuilding after 1 file change…
  ✓  Updated  ·  0 modules  ·  4213 cache hits  642ms
  ↻  Rebuilding after 1 file change…
  ✓  Updated  ·  1 module  ·  4212 cache hits  667ms
  ↻  Rebuilding after 1 file change…
  ✓  Updated  ·  0 modules  ·  4213 cache hits  642ms
  ↻  Rebuilding after 1 file change…
  ✓  Updated  ·  0 modules  ·  4213 cache hits  527ms
  ↻  Rebuilding after 1 file change…
  ✓  Updated  ·  1 module  ·  4212 cache hits  875ms
生成完成：54 个组件页，57 份教程，126 个教学示例，264 个唯一 Demo，0 个文件变化。
  ↻  Rebuilding after 1 file change…
  ✓  Updated  ·  0 modules  ·  4213 cache hits  561ms
  ↻  Rebuilding after 1 file change…
生成完成：54 个组件页，57 份教程，126 个教学示例，264 个唯一 Demo，1 个文件变化。
  ✓  Updated  ·  0 modules  ·  4213 cache hits  680ms
  ↻  Rebuilding after 1 file change…
生成完成：54 个组件页，57 份教程，126 个教学示例，264 个唯一 Demo，2 个文件变化。
  ✓  Updated  ·  2 modules  ·  3344 cache hits  1.64s
  ↻  Rebuilding after 2 file changes…
生成完成：54 个组件页，57 份教程，126 个教学示例，264 个唯一 Demo，1 个文件变化。
  ✓  Updated  ·  4 modules  ·  3342 cache hits  1.54s
  ↻  Rebuilding after 2 file changes…
生成完成：54 个组件页，57 份教程，126 个教学示例，264 个唯一 Demo，0 个文件变化。
  ✓  Updated  ·  5 modules  ·  4208 cache hits  625ms
  ↻  Rebuilding after 2 file changes…
  ✓  Updated  ·  0 modules  ·  3346 cache hits  1.16s
  ↻  Rebuilding after 1 file change…
  ✓  Updated  ·  0 modules  ·  4213 cache hits  531ms
