
  ⚡ WAKE / BUNDLE  v0.1.45

  ✓  Bundled in 455ms
     8 modules · 1 files · 307.5 KB

生成完成：54 个组件页，57 份教程，126 个教学示例，264 个唯一 Demo，0 个文件变化。

  ⚡ WAKE / DOCS DEV  v0.1.45

  ↻  Rebuilding…
  ✓  Updated  ·  0 modules  ·  3346 cache hits  2.16s
  ✓  Development server ready
     Local  http://127.0.0.1:5173/
     3346 modules · 732 chunks · 0 assets
     Press Ctrl-C to stop

生成完成：54 个组件页，57 份教程，126 个教学示例，264 个唯一 Demo，0 个文件变化。
生成完成：54 个组件页，57 份教程，126 个教学示例，264 个唯一 Demo，0 个文件变化。
  ↻  Rebuilding after 1 file change…
  ✓  Updated  ·  1 module  ·  4212 cache hits  627ms
  ↻  Rebuilding after 1 file change…
  ✓  Updated  ·  1 module  ·  4212 cache hits  637ms
  ↻  Rebuilding after 1 file change…
  ✓  Updated  ·  1 module  ·  3345 cache hits  1.45s
  ↻  Rebuilding after 1 file change…
  ✓  Updated  ·  0 modules  ·  3346 cache hits  1.20s
  ↻  Rebuilding after 1 file change…
  ✓  Updated  ·  0 modules  ·  3346 cache hits  1.43s
  ↻  Rebuilding after 1 file change…
  ✓  Updated  ·  1 module  ·  3345 cache hits  1.56s
  ↻  Rebuilding after 1 file change…
生成完成：54 个组件页，57 份教程，126 个教学示例，264 个唯一 Demo，1 个文件变化。
组件文档增量生成失败： [Error: UNKNOWN: unknown error, open 'C:\Users\zhang\Desktop\crab-dev\.website\docs\components\rc-table-pro.mdx'] {
  errno: -4094,
  code: 'UNKNOWN',
  syscall: 'open',
  path: 'C:\\Users\\zhang\\Desktop\\crab-dev\\.website\\docs\\components\\rc-table-pro.mdx'
}
  ✓  Updated  ·  2 modules  ·  3344 cache hits  1.62s
  ↻  Rebuilding after 2 file changes…
  ✓  Updated  ·  0 modules  ·  3346 cache hits  1.21s
  ↻  Rebuilding after 1 file change…
  ✓  Updated  ·  0 modules  ·  3346 cache hits  1.36s
  ↻  Rebuilding after 2 file changes…
生成完成：54 个组件页，57 份教程，126 个教学示例，264 个唯一 Demo，1 个文件变化。
  ✓  Updated  ·  0 modules  ·  3346 cache hits  1.31s
  ↻  Rebuilding after 1 file change…
  ✓  Updated  ·  2 modules  ·  3344 cache hits  1.20s
  ↻  Rebuilding after 54 file changes…
  ✓  Updated  ·  2419 modules  ·  671 cache hits  2.28s
生成完成：54 个组件页，57 份教程，126 个教学示例，264 个唯一 Demo，54 个文件变化。
生成完成：54 个组件页，57 份教程，126 个教学示例，264 个唯一 Demo，0 个文件变化。
  ↻  Rebuilding after 54 file changes…
  ✓  Updated  ·  2419 modules  ·  927 cache hits  4.53s
  ↻  Rebuilding after 4 file changes…
  ✓  Updated  ·  0 modules  ·  3346 cache hits  1.62s
生成完成：54 个组件页，57 份教程，126 个教学示例，264 个唯一 Demo，0 个文件变化。
