
  ⚡ WAKE / BUNDLE  v0.1.45

  ✓  Bundled in 168ms
     8 modules · 1 files · 307.5 KB

生成完成：54 个组件页，57 份教程，126 个教学示例，264 个唯一 Demo，3 个文件变化。

  ⚡ WAKE / DOCS DEV  v0.1.45

  ↻  Rebuilding…
  ✓  Updated  ·  0 modules  ·  3346 cache hits  1.72s
  ✓  Development server ready
     Local  http://127.0.0.1:5173/
     3346 modules · 732 chunks · 0 assets
     Press Ctrl-C to stop

  ↻  Rebuilding after 3 file changes…
生成完成：54 个组件页，57 份教程，126 个教学示例，264 个唯一 Demo，0 个文件变化。
  ✓  Updated  ·  0 modules  ·  3346 cache hits  1.90s
生成完成：54 个组件页，57 份教程，126 个教学示例，264 个唯一 Demo，0 个文件变化。
  ↻  Rebuilding after 3 file changes…
生成完成：54 个组件页，57 份教程，126 个教学示例，264 个唯一 Demo，0 个文件变化。
  ✓  Updated  ·  0 modules  ·  3346 cache hits  1.69s
生成完成：54 个组件页，57 份教程，126 个教学示例，264 个唯一 Demo，0 个文件变化。
生成完成：54 个组件页，57 份教程，126 个教学示例，264 个唯一 Demo，0 个文件变化。
生成完成：54 个组件页，57 份教程，126 个教学示例，264 个唯一 Demo，0 个文件变化。
生成完成：54 个组件页，57 份教程，126 个教学示例，264 个唯一 Demo，0 个文件变化。
  ↻  Rebuilding after 1 file change…
  ✓  Updated  ·  1 module  ·  4212 cache hits  781ms
生成完成：54 个组件页，57 份教程，126 个教学示例，264 个唯一 Demo，0 个文件变化。
  ↻  Rebuilding after 1 file change…
生成完成：54 个组件页，57 份教程，126 个教学示例，264 个唯一 Demo，1 个文件变化。
  ✓  Updated  ·  0 modules  ·  4213 cache hits  789ms
生成完成：54 个组件页，57 份教程，126 个教学示例，264 个唯一 Demo，0 个文件变化。
  ↻  Rebuilding after 1 file change…
生成完成：54 个组件页，57 份教程，126 个教学示例，264 个唯一 Demo，0 个文件变化。
  ✓  Updated  ·  3 modules  ·  3343 cache hits  2.00s
  ↻  Rebuilding after 1 file change…
  ✓  Updated  ·  0 modules  ·  3346 cache hits  1.69s
  ↻  Rebuilding after 1 file change…
  ✓  Updated  ·  1 module  ·  4212 cache hits  665ms
  ↻  Rebuilding after 1 file change…
  ✓  Updated  ·  1 module  ·  4212 cache hits  739ms
  ↻  Rebuilding after 1 file change…
  ✓  Updated  ·  1 module  ·  4212 cache hits  565ms
生成完成：54 个组件页，57 份教程，126 个教学示例，264 个唯一 Demo，0 个文件变化。
  ↻  Rebuilding after 21 file changes…
  ✓  Updated  ·  0 modules  ·  3346 cache hits  2.24s
  ↻  Rebuilding after 3 file changes…
  ✓  Updated  ·  0 modules  ·  3346 cache hits  1.87s
生成完成：54 个组件页，57 份教程，126 个教学示例，264 个唯一 Demo，0 个文件变化。
  ↻  Rebuilding after 1 file change…
生成完成：54 个组件页，57 份教程，126 个教学示例，264 个唯一 Demo，1 个文件变化。
  ✓  Updated  ·  2 modules  ·  4211 cache hits  1.10s
  ↻  Rebuilding after 1 file change…
生成完成：54 个组件页，57 份教程，126 个教学示例，264 个唯一 Demo，0 个文件变化。
生成完成：54 个组件页，57 份教程，126 个教学示例，264 个唯一 Demo，1 个文件变化。
  ✓  Updated  ·  1 module  ·  3345 cache hits  2.07s
  ↻  Rebuilding after 1 file change…
  ✓  Updated  ·  1 module  ·  3345 cache hits  1.93s
  ↻  Rebuilding after 1 file change…
  ✓  Updated  ·  2 modules  ·  4211 cache hits  1.40s
  ↻  Rebuilding after 1 file change…
  ✓  Updated  ·  0 modules  ·  4213 cache hits  639ms
  ↻  Rebuilding after 2 file changes…
  ✓  Updated  ·  0 modules  ·  4213 cache hits  1.24s
生成完成：54 个组件页，57 份教程，126 个教学示例，264 个唯一 Demo，0 个文件变化。
  ↻  Rebuilding after 2 file changes…
  ✓  Updated  ·  0 modules  ·  4213 cache hits  836ms
