✓ 静态 Demo 元数据支持 TSX、satisfies 和常量断言，拒绝动态值
✓ API 提取保留工具类型、方法泛型、说明和弃用标记
✓ API 类型校验接受复杂类型并拒绝不完整语法或额外声明
✓ 映射类型的键保留为局部参数，不生成同名占位声明
✓ Button 文档使用单列宽预览
✓ Select 文档使用单列紧凑预览
✓ 从联合 Props 合并公共字段、变体类型和源码说明
✓ docgen 为空或类型串列时使用源码 API，并为缺失说明提供明确占位
✓ 逐属性合并源码与 docgen，并保留跨文件继承的合法属性
✓ 生成的 API 适配接口可解析，并由 Wake 原生 API 建立属性索引
✓ Demo 标题、描述和分组写入 Wake 可提取的静态标题
✓ API source 必须存在且位于组件 src 目录
✓ 检查模式报告孤儿 API，生成模式删除孤儿 API
✓ 组件新手指南要求完整场景、概念、无障碍和官方依据
✓ 教程要求完整步骤、唯一 ID 与互斥示例来源
✓ 源码必须独立并默认导出，拒绝隐藏辅助文件与无效语法
✓ 生成数据保留实际源码，使用动态导入并防止路径越界
✓ 教学步骤可搜索，隐藏索引不生成无效目录锚点
✓ 教学文字中的 JSX 与表达式不会成为 MDX 运行代码
✓ 组件教学页保留旧工作台、API 和进阶示例入口
✓ 完整组件页在基础示例前显示新手指南，并直接展开全部 Demo
✓ 孤儿教学页面只清理生成文件，保留手写实战入口
✓ 首页关键代码与完整源码来自同一运行文件，缺少标记时拒绝生成
✓ 站点、教学示例和预览组件不得另写库中已有的基础交互控件
✓ Demo 学习说明从实际组件、属性、事件和状态中提取
✓ Radio 页面分离场景、最小用法与状态试验，保留两个 API 和搜索索引
✓ 组件概览保留分类锚点与入口，为每张卡片提供用途介绍与对应示意图
✓ 全部组件概览都有用途介绍和唯一的静态示意图，示意图不产生交互或额外焦点
✓ 站点样式模板的 CSS 规则保持完整，不让无效闭括号吞掉后续选择器
✓ 全局令牌目录完整覆盖原始定义并保留非标准键和零值
✓ 全局令牌参考页保留章节层级与原有示例锚点且不重复包装
生成器测试完成：31 项通过。
检查完成：54 个组件页，57 份教程，126 个教学示例，263 个唯一 Demo，0 个文件变化。
PASS docs/site/__tests__/componentDemos.test.tsx
  ✓ 使用精确 Demo URL、隔离 sandbox 和可访问标题
  ✓ 进入预加载区域后才挂载 iframe
  ✓ 只接受对应 iframe 的 resize 消息
  ✓ ready 后同步主题并解除 busy 状态
  ✓ 在 iframe layout 阶段发送的 ready 消息不会丢失
  ✓ 加载超时后提供重试并重新创建演示
  ✓ 重试时清理上一次加载尝试的超时计时器
  ✓ 将单个 Demo 的运行错误隔离在对应预览中
  ✓ 未知或无 Demo 的组件显示稳定回退
  ✓ 按分组组织 Demo 并为宽预览输出明确布局标记
PASS docs/site/__tests__/documentNavigation.test.tsx
  ✓ 分类从现有导航数据划分，组件目录不混入实战
  ✓ 章节保留原始深链接并排除下级标题，不隐藏正文
  ✓ 窄屏仅保留一份可折叠目录，跳转保留正文和部署前缀
  ✓ 宽窄布局切换移动目录但保留正文中的输入与实例
PASS docs/site/__tests__/homeComponentShowcase.test.tsx
  ✓ 可见标签命名复合控件，组名不混入选项名称
  ✓ 支持输入、开关、局部主题和品牌色反馈
PASS docs/site/__tests__/learningHome.test.tsx
  ✓ 提供核心标题、CTA、分类导航和实战入口
PASS docs/site/__tests__/lineEditPage.test.tsx
  ✓ 外观切换保留内容，清除同步预览并返回输入焦点
  ✓ 错误文字关联到邮箱，密码切换不改变内容，禁用状态保留说明
PASS docs/site/__tests__/palette.test.ts
  ✓ 公共紫色保持既有站点品牌的 sRGB 等价值
  ✓ 站点使用公共主题的前景、表面与选中配对
  ✓ light 状态叠加后的链接、中性操作与容器配对满足 4.5:1
  ✓ light / error 反馈文字、图标与实心按钮覆盖默认、悬停和按压
  ✓ light / success 反馈文字、图标与实心按钮覆盖默认、悬停和按压
  ✓ light / warning 反馈文字、图标与实心按钮覆盖默认、悬停和按压
  ✓ light / info 反馈文字、图标与实心按钮覆盖默认、悬停和按压
  ✓ dark 状态叠加后的链接、中性操作与容器配对满足 4.5:1
  ✓ dark / error 反馈文字、图标与实心按钮覆盖默认、悬停和按压
  ✓ dark / success 反馈文字、图标与实心按钮覆盖默认、悬停和按压
  ✓ dark / warning 反馈文字、图标与实心按钮覆盖默认、悬停和按压
  ✓ dark / info 反馈文字、图标与实心按钮覆盖默认、悬停和按压
PASS docs/site/__tests__/radioPage.test.tsx
  ✓ 通知选项互斥，选择结果同步到预览
  ✓ 试验区禁用真实控件，校验关联到输入并在选择后恢复
PASS docs/site/__tests__/tokenReference.test.tsx
  ✓ 色阶通过方向键切换，保持单个 Tab 入口并更新详情
  ✓ 引用与变量名分别复制，切换样本后清除旧反馈
  ✓ 复制实际公共表达式并就近报告成功
  ✓ 拒绝复制后保留表达式并允许重试
  ✓ 主动播放与反向操作保持单一目标状态
PASS docs/site/__tests__/tutorial.test.tsx
  ✓ 只加载当前步骤，源码与预览同步切换，返回时恢复初值
  ✓ 重置只重新挂载当前示例，不跳回第一步
  ✓ 模块失败后保留教学正文和源码，并可重新加载
PASS docs/site/__tests__/ui.test.tsx
  ✓ 搜索输入延后挂载时，每次打开都能直接输入
  ✓ 跳过导航入口聚焦当前正文并具有对应锚点
  ✓ 正文旧链接补部署前缀并保留查询和锚点，不改示例内部链接
  ✓ 导航保留部署前缀、修饰键与 Wake 回调
  ✓ 导航收起时保留动画容器并立即移除其中的交互
  ✓ 桌面侧栏常驻，重复点击、Escape 与页面跳转均不收起
  ✓ 顶栏将搜索、移动菜单和主题操作交回 Wake
  ✓ 页内目录保留三级标题并定位当前段落
  ✓ 移动导航选择页面后等待抽屉关闭完成再聚焦正文
  ✓ 移动抽屉切换到桌面时退出模态并恢复主导航焦点
  ✓ 移动导航取消时关闭抽屉且不抢正文焦点
  ✓ 搜索键盘选择不越界，选择页面后在关闭完成时恢复正文焦点
  ✓ 搜索空结果按 Enter 不选择页面，取消关闭不抢正文焦点
  ✓ 清除搜索将关键词交回 Wake，并恢复输入焦点
  ✓ 示例搜索结果分开名称、说明与来源，保留完整无障碍描述
  ✓ 搜索更新与错误状态不会打开过期结果
  ✓ 章节目录保留完整名称和长标题提示，并调用 Wake 目录导航
  ✓ 复制失败保留可选源码和重试入口
  ✓ 代码块为高亮节点建立独立行，并在节点数量不匹配时保留公开源码
  ✓ API 空结果与继承信息、警告同时保留
  ✓ 页面错误使用 Wake 提供的重试操作
  ✓ 全屏退出期间 preview 始终只挂载一次
Test Suites: 10 passed, 0 failed, 10 total
Tests:       63 passed, 0 failed, 0 pending, 63 total
Wake coverage
File	Lines	Functions	Blocks
All files	85.14% (2698/3169)	83.96% (246/293)	16.35% (314/1921)
docs/_generated/globalTokenReference.ts	100.00% (256/256)	100.00% (0/0)	0.00% (0/271)
docs/_generated_tutorials/home.ts	100.00% (2/2)	100.00% (0/0)	100.00% (0/0)
docs/examples/home/profile.tsx	0.00% (0/236)	100.00% (0/0)	100.00% (0/0)
docs/examples/rc-line-edit/step-1.tsx	100.00% (25/25)	80.00% (4/5)	31.25% (5/16)
docs/examples/rc-line-edit/step-3.tsx	100.00% (20/20)	33.33% (1/3)	0.00% (0/7)
docs/examples/rc-radio/step-1.tsx	100.00% (60/60)	100.00% (3/3)	0.00% (0/37)
docs/examples/rc-radio/step-3.tsx	100.00% (56/56)	75.00% (6/8)	41.46% (17/41)
docs/site/__tests__/colorAssertions.ts	94.44% (68/72)	92.86% (13/14)	82.61% (19/23)
docs/site/catalog/display.tsx	100.00% (19/19)	100.00% (1/1)	100.00% (0/0)
docs/site/catalog/foundation.tsx	100.00% (10/10)	100.00% (1/1)	100.00% (0/0)
docs/site/catalog/input.tsx	100.00% (16/16)	100.00% (6/6)	100.00% (14/14)
docs/site/catalog/preview.tsx	88.89% (16/18)	50.00% (1/2)	100.00% (0/0)
docs/site/catalog/shapes.tsx	33.33% (4/12)	33.33% (2/6)	100.00% (0/0)
docs/site/catalog/structure.tsx	100.00% (20/20)	100.00% (9/9)	100.00% (17/17)
docs/site/catalogStyles.ts	100.00% (51/51)	100.00% (0/0)	0.00% (0/93)
docs/site/componentDemoFrame.tsx	90.95% (201/221)	100.00% (33/33)	59.38% (38/64)
docs/site/componentDemos.tsx	94.57% (87/92)	100.00% (10/10)	14.81% (4/27)
docs/site/documentNavigation.tsx	100.00% (74/74)	100.00% (25/25)	90.48% (38/42)
docs/site/documentStyles.ts	100.00% (102/102)	100.00% (0/0)	0.00% (0/214)
docs/site/homeComponentShowcase.tsx	98.96% (191/193)	37.50% (6/16)	4.65% (2/43)
docs/site/homeStyles.ts	100.00% (115/115)	100.00% (0/0)	0.00% (0/202)
docs/site/learningHome.tsx	64.08% (66/103)	71.43% (5/7)	0.00% (0/15)
docs/site/liveExample.tsx	51.81% (43/83)	88.89% (8/9)	23.08% (3/13)
docs/site/palette.ts	100.00% (71/71)	100.00% (0/0)	0.00% (0/5)
docs/site/paletteStyles.ts	100.00% (6/6)	100.00% (0/0)	0.00% (0/3)
docs/site/siteContext.ts	100.00% (15/15)	100.00% (4/4)	0.00% (0/5)
docs/site/siteIcon.tsx	100.00% (11/11)	100.00% (3/3)	66.67% (6/9)
docs/site/siteStyles.ts	100.00% (169/169)	100.00% (0/0)	0.00% (0/356)
docs/site/themeSwitch.tsx	93.75% (45/48)	91.67% (11/12)	53.33% (8/15)
docs/site/tokenReference.tsx	97.85% (91/93)	91.67% (22/24)	68.85% (42/61)
docs/site/tokenReferenceStyles.ts	100.00% (67/67)	100.00% (0/0)	0.00% (0/93)
docs/site/tutorial.tsx	81.62% (151/185)	71.43% (10/14)	13.85% (9/65)
docs/site/ui.tsx	87.96% (570/648)	79.49% (62/78)	54.12% (92/170)
Seed:        1790217477322605588
Time:        52753 ms
