// Jest Snapshot v1, https://jestjs.io/docs/snapshot-testing

exports[`AutoScanWebpackPlugin should generate auto scan with Webpack configuration 1`] = `
"import { lazy } from "react";

const _____src___tests___AutoScanWebpackPlugin_TestDirectoryStructure_A_A1_ts = import("@@/./src/__tests__/AutoScanWebpackPlugin/TestDirectoryStructure/A/A1.ts");
const _____src___tests___AutoScanWebpackPlugin_TestDirectoryStructure_A_AA_AA1_ts = import("@@/./src/__tests__/AutoScanWebpackPlugin/TestDirectoryStructure/A/AA/AA1.ts");
const _____src___tests___AutoScanWebpackPlugin_TestDirectoryStructure_A_ts = import("@@/./src/__tests__/AutoScanWebpackPlugin/TestDirectoryStructure/A.ts");
const _____src___tests___AutoScanWebpackPlugin_TestDirectoryStructure_B_mdx = import("@@/./src/__tests__/AutoScanWebpackPlugin/TestDirectoryStructure/B.mdx");
const _____src___tests___AutoScanWebpackPlugin_TestDirectoryStructure_C_md = import("@@/./src/__tests__/AutoScanWebpackPlugin/TestDirectoryStructure/C.md");
const _____src___tests___AutoScanWebpackPlugin_TestDirectoryStructure_D_mdx = import("@@/./src/__tests__/AutoScanWebpackPlugin/TestDirectoryStructure/D.mdx");
const _____src___tests___AutoScanWebpackPlugin_TestDirectoryStructure_E_mdx = import("@@/./src/__tests__/AutoScanWebpackPlugin/TestDirectoryStructure/E.mdx");

const components = [
        { name:"_____src___tests___AutoScanWebpackPlugin_TestDirectoryStructure_A_A1_ts", component: _____src___tests___AutoScanWebpackPlugin_TestDirectoryStructure_A_A1_ts, path: "/src/__tests__/AutoScanWebpackPlugin/TestDirectoryStructure/A/A1.ts", frontmatter: null, source: null},
        { name:"_____src___tests___AutoScanWebpackPlugin_TestDirectoryStructure_A_AA_AA1_ts", component: _____src___tests___AutoScanWebpackPlugin_TestDirectoryStructure_A_AA_AA1_ts, path: "/src/__tests__/AutoScanWebpackPlugin/TestDirectoryStructure/A/AA/AA1.ts", frontmatter: null, source: null},
        { name:"_____src___tests___AutoScanWebpackPlugin_TestDirectoryStructure_A_ts", component: _____src___tests___AutoScanWebpackPlugin_TestDirectoryStructure_A_ts, path: "/src/__tests__/AutoScanWebpackPlugin/TestDirectoryStructure/A.ts", frontmatter: {"name":"zhangj","version":"0.0.1"}, source: null},
        { name:"_____src___tests___AutoScanWebpackPlugin_TestDirectoryStructure_B_mdx", component: _____src___tests___AutoScanWebpackPlugin_TestDirectoryStructure_B_mdx, path: "/src/__tests__/AutoScanWebpackPlugin/TestDirectoryStructure/B.mdx", frontmatter: {"title":"Test MDX","version":"1.0.0"}, source: null},
        { name:"_____src___tests___AutoScanWebpackPlugin_TestDirectoryStructure_C_md", component: _____src___tests___AutoScanWebpackPlugin_TestDirectoryStructure_C_md, path: "/src/__tests__/AutoScanWebpackPlugin/TestDirectoryStructure/C.md", frontmatter: {"title":"Test MD"}, source: null},
        { name:"_____src___tests___AutoScanWebpackPlugin_TestDirectoryStructure_D_mdx", component: _____src___tests___AutoScanWebpackPlugin_TestDirectoryStructure_D_mdx, path: "/src/__tests__/AutoScanWebpackPlugin/TestDirectoryStructure/D.mdx", frontmatter: null, source: null},
        { name:"_____src___tests___AutoScanWebpackPlugin_TestDirectoryStructure_E_mdx", component: _____src___tests___AutoScanWebpackPlugin_TestDirectoryStructure_E_mdx, path: "/src/__tests__/AutoScanWebpackPlugin/TestDirectoryStructure/E.mdx", frontmatter: null, source: null}
    ];

export default components;"
`;

exports[`AutoScanWebpackPlugin should generate auto scan with Webpack configuration 2`] = `
"import { lazy } from "react";
const _____src___tests___AutoScanWebpackPlugin_TestDirectoryStructure_A_A1_ts_source = import("./src/__tests__/AutoScanWebpackPlugin/TestDirectoryStructure/A/A1.ts.raw");
const _____src___tests___AutoScanWebpackPlugin_TestDirectoryStructure_A_AA_AA1_ts_source = import("./src/__tests__/AutoScanWebpackPlugin/TestDirectoryStructure/A/AA/AA1.ts.raw");
const _____src___tests___AutoScanWebpackPlugin_TestDirectoryStructure_A_ts_source = import("./src/__tests__/AutoScanWebpackPlugin/TestDirectoryStructure/A.ts.raw");

const _____src___tests___AutoScanWebpackPlugin_TestDirectoryStructure_A_A1_ts = import("@@/./src/__tests__/AutoScanWebpackPlugin/TestDirectoryStructure/A/A1.ts");
const _____src___tests___AutoScanWebpackPlugin_TestDirectoryStructure_A_AA_AA1_ts = import("@@/./src/__tests__/AutoScanWebpackPlugin/TestDirectoryStructure/A/AA/AA1.ts");
const _____src___tests___AutoScanWebpackPlugin_TestDirectoryStructure_A_ts = import("@@/./src/__tests__/AutoScanWebpackPlugin/TestDirectoryStructure/A.ts");

const components = [
        { name:"_____src___tests___AutoScanWebpackPlugin_TestDirectoryStructure_A_A1_ts", component: _____src___tests___AutoScanWebpackPlugin_TestDirectoryStructure_A_A1_ts, path: "/src/__tests__/AutoScanWebpackPlugin/TestDirectoryStructure/A/A1.ts", frontmatter: null, source: _____src___tests___AutoScanWebpackPlugin_TestDirectoryStructure_A_A1_ts_source},
        { name:"_____src___tests___AutoScanWebpackPlugin_TestDirectoryStructure_A_AA_AA1_ts", component: _____src___tests___AutoScanWebpackPlugin_TestDirectoryStructure_A_AA_AA1_ts, path: "/src/__tests__/AutoScanWebpackPlugin/TestDirectoryStructure/A/AA/AA1.ts", frontmatter: null, source: _____src___tests___AutoScanWebpackPlugin_TestDirectoryStructure_A_AA_AA1_ts_source},
        { name:"_____src___tests___AutoScanWebpackPlugin_TestDirectoryStructure_A_ts", component: _____src___tests___AutoScanWebpackPlugin_TestDirectoryStructure_A_ts, path: "/src/__tests__/AutoScanWebpackPlugin/TestDirectoryStructure/A.ts", frontmatter: {"name":"zhangj","version":"0.0.1"}, source: _____src___tests___AutoScanWebpackPlugin_TestDirectoryStructure_A_ts_source}
    ];

export default components;"
`;
