✓ 静态 Demo 元数据支持 TSX、satisfies 和常量断言，拒绝动态值
✓ API 提取保留工具类型、方法泛型、说明和弃用标记
✓ API 类型校验接受复杂类型并拒绝不完整语法或额外声明
✓ 映射类型的键保留为局部参数，不生成同名占位声明
✓ Button 文档使用单列宽预览
✓ Select 文档使用单列紧凑预览
✓ 从联合 Props 合并公共字段、变体类型和源码说明
✓ docgen 为空或类型串列时使用源码 API，并为缺失说明提供明确占位
✓ 逐属性合并源码与 docgen，并保留跨文件继承的合法属性
✓ 生成的 API 适配接口可解析，并由 Wake 原生 API 建立属性索引
✓ Demo 标题、描述和分组写入 Wake 可提取的静态标题
✓ API source 必须存在且位于组件 src 目录
✓ 检查模式报告孤儿 API，生成模式删除孤儿 API
✓ 教程要求完整步骤、唯一 ID 与互斥示例来源
✓ 源码必须独立并默认导出，拒绝隐藏辅助文件与无效语法
✓ 生成数据保留实际源码，使用动态导入并防止路径越界
✓ 教学步骤可搜索，隐藏索引不生成无效目录锚点
✓ 教学文字中的 JSX 与表达式不会成为 MDX 运行代码
✓ 组件教学页保留旧工作台、API 和进阶示例入口
✓ 孤儿教学页面只清理生成文件，保留手写实战入口
✓ 首页关键代码与完整源码来自同一运行文件，缺少标记时拒绝生成
✓ 站点、教学示例和预览组件不得另写库中已有的基础交互控件
✓ Radio 页面分离场景、最小用法与状态试验，保留两个 API 和搜索索引
✓ 组件概览保留分类锚点与入口，为每张卡片提供用途介绍与对应示意图
✓ 全部组件概览都有用途介绍和唯一的静态示意图，示意图不产生交互或额外焦点
✓ 站点样式模板的 CSS 规则保持完整，不让无效闭括号吞掉后续选择器
✓ 全局令牌目录完整覆盖原始定义并保留非标准键和零值
✓ 全局令牌参考页保留章节层级与原有示例锚点且不重复包装
生成器测试完成：28 项通过。
检查完成：54 个组件页，57 份教程，126 个教学示例，260 个唯一 Demo，0 个文件变化。
PASS docs/site/__tests__/documentNavigation.test.tsx
  ✓ 分类从现有导航数据划分，组件目录不混入实战
  ✓ 章节保留原始深链接并排除下级标题，不隐藏正文
  ✓ 窄屏仅保留一份可折叠目录，跳转保留正文和部署前缀
  ✓ 宽窄布局切换移动目录但保留正文中的输入与实例
Test Suites: 1 passed, 0 failed, 1 total
Tests:       4 passed, 0 failed, 0 pending, 4 total
Wake coverage
File	Lines	Functions	Blocks
All files	100.00% (74/74)	100.00% (25/25)	88.57% (31/35)
docs/site/documentNavigation.tsx	100.00% (74/74)	100.00% (25/25)	88.57% (31/35)
Seed:        1790128885208051432
Time:        3038 ms
