• turbo 2.10.12
 WARNING  Circular package dependency detected: @crab-dev/rc-masonry, @crab-dev/rc-menu, @crab-dev/rc-spin, @crab-dev/rc-button, @crab-dev/rc-component-preview

   • Packages in scope: @crab-dev/rc-alert, @crab-dev/rc-app-main-layout, @crab-dev/rc-auto-sizer, @crab-dev/rc-avatar, @crab-dev/rc-badge, @crab-dev/rc-bar-chart, @crab-dev/rc-breadcrumbs, @crab-dev/rc-button, @crab-dev/rc-canvas, @crab-dev/rc-card, @crab-dev/rc-checkbox, @crab-dev/rc-color-picker, @crab-dev/rc-component-preview, @crab-dev/rc-config-provider, @crab-dev/rc-cron-picker, @crab-dev/rc-date-picker, @crab-dev/rc-dialog, @crab-dev/rc-divider, @crab-dev/rc-drawer, @crab-dev/rc-dropdown-container, @crab-dev/rc-empty, @crab-dev/rc-flow-diagram, @crab-dev/rc-form, @crab-dev/rc-hooks, @crab-dev/rc-line-edit, @crab-dev/rc-masonry, @crab-dev/rc-menu, @crab-dev/rc-message, @crab-dev/rc-notification, @crab-dev/rc-number-edit, @crab-dev/rc-pagination, @crab-dev/rc-pdf-editor, @crab-dev/rc-prose, @crab-dev/rc-radio, @crab-dev/rc-realm, @crab-dev/rc-router, @crab-dev/rc-segmented, @crab-dev/rc-select, @crab-dev/rc-skeleton, @crab-dev/rc-slider, @crab-dev/rc-spin, @crab-dev/rc-split-pane, @crab-dev/rc-switch, @crab-dev/rc-table, @crab-dev/rc-table-pro, @crab-dev/rc-tabs, @crab-dev/rc-tag, @crab-dev/rc-text-edit, @crab-dev/rc-theme, @crab-dev/rc-token-global, @crab-dev/rc-token-semantic, @crab-dev/rc-tooltip, @crab-dev/rc-tree, @crab-dev/rc-virtual, @crab-dev/standards-eslint-preset, @crab-dev/standards-typescript-preset, @crab-dev/website
   • Running generate:token in 57 packages
   • Remote caching disabled

@crab-dev/rc-token-global:generate:token: cache hit, replaying logs 6f6a961b40876aa9
@crab-dev/rc-token-global:generate:token: 
@crab-dev/rc-token-global:generate:token:   ⚡ WAKE / LIBRARY TOKEN  v0.1.45
@crab-dev/rc-token-global:generate:token: 
@crab-dev/rc-token-global:generate:token:   ✓  Tokens generated in 14ms
@crab-dev/rc-token-global:generate:token:      1 files · 31.7 KB
@crab-dev/rc-token-global:generate:token:      Output  C:\Users\zhang\Desktop\crab-dev\components\rc-token-global\src\token.ts
@crab-dev/rc-token-global:generate:token: 
@crab-dev/rc-token-semantic:generate:token: cache miss, executing 16f46f1b171b1037
@crab-dev/rc-token-semantic:generate:token: 
@crab-dev/rc-token-semantic:generate:token:   ⚡ WAKE / LIBRARY TOKEN  v0.1.45
@crab-dev/rc-token-semantic:generate:token: 
@crab-dev/rc-token-semantic:generate:token:   ✓  Tokens generated in 33ms
@crab-dev/rc-token-semantic:generate:token:      1 files · 78.0 KB
@crab-dev/rc-token-semantic:generate:token:      Output  C:\Users\zhang\Desktop\crab-dev\components\rc-token-semantic\src\token.ts
@crab-dev/rc-token-semantic:generate:token: 
@crab-dev/rc-masonry:generate:token: cache miss, executing 08dc499146e3c3f2
@crab-dev/rc-component-preview:generate:token: cache miss, executing 5f2e64d7e42db996
@crab-dev/rc-spin:generate:token: cache miss, executing 13d20afc078e6929
@crab-dev/rc-menu:generate:token: cache miss, executing 260c69038ef24b26
@crab-dev/rc-button:generate:token: cache miss, executing ffcb9671b45531eb
@crab-dev/rc-masonry:generate:token: 
@crab-dev/rc-masonry:generate:token:   ⚡ WAKE / LIBRARY TOKEN  v0.1.45
@crab-dev/rc-masonry:generate:token: 
@crab-dev/rc-masonry:generate:token:   ✓  Tokens generated in 58ms
@crab-dev/rc-masonry:generate:token:      1 files · 856 B
@crab-dev/rc-masonry:generate:token:      Output  C:\Users\zhang\Desktop\crab-dev\components\rc-masonry\src\token.ts
@crab-dev/rc-masonry:generate:token: 
@crab-dev/rc-component-preview:generate:token: 
@crab-dev/rc-component-preview:generate:token:   ⚡ WAKE / LIBRARY TOKEN  v0.1.45
@crab-dev/rc-component-preview:generate:token: 
@crab-dev/rc-component-preview:generate:token:   ✓  Tokens generated in 62ms
@crab-dev/rc-component-preview:generate:token:      1 files · 16.3 KB
@crab-dev/rc-component-preview:generate:token:      Output  C:\Users\zhang\Desktop\crab-dev\components\rc-component-preview\src\token.ts
@crab-dev/rc-component-preview:generate:token: 
@crab-dev/rc-spin:generate:token: 
@crab-dev/rc-spin:generate:token:   ⚡ WAKE / LIBRARY TOKEN  v0.1.45
@crab-dev/rc-spin:generate:token: 
@crab-dev/rc-spin:generate:token:   ✓  Tokens generated in 55ms
@crab-dev/rc-spin:generate:token:      1 files · 5.9 KB
@crab-dev/rc-spin:generate:token:      Output  C:\Users\zhang\Desktop\crab-dev\components\rc-spin\src\token.ts
@crab-dev/rc-spin:generate:token: 
@crab-dev/rc-menu:generate:token: 
@crab-dev/rc-menu:generate:token:   ⚡ WAKE / LIBRARY TOKEN  v0.1.45
@crab-dev/rc-menu:generate:token: 
@crab-dev/rc-menu:generate:token:   ✓  Tokens generated in 53ms
@crab-dev/rc-menu:generate:token:      1 files · 22.9 KB
@crab-dev/rc-menu:generate:token:      Output  C:\Users\zhang\Desktop\crab-dev\components\rc-menu\src\token.ts
@crab-dev/rc-menu:generate:token: 
@crab-dev/rc-button:generate:token: 
@crab-dev/rc-button:generate:token:   ⚡ WAKE / LIBRARY TOKEN  v0.1.45
@crab-dev/rc-button:generate:token: 
@crab-dev/rc-button:generate:token:   ✓  Tokens generated in 67ms
@crab-dev/rc-button:generate:token:      1 files · 41.9 KB
@crab-dev/rc-button:generate:token:      Output  C:\Users\zhang\Desktop\crab-dev\components\rc-button\src\token.ts
@crab-dev/rc-button:generate:token: 
@crab-dev/rc-slider:generate:token: cache miss, executing ebff47d98c95c454
@crab-dev/rc-checkbox:generate:token: cache miss, executing e55ac41ad8ad13e2
@crab-dev/rc-canvas:generate:token: cache miss, executing 0ce9ae07b9452766
@crab-dev/rc-skeleton:generate:token: cache miss, executing 4478198676a727e8
@crab-dev/rc-badge:generate:token: cache miss, executing 737f1706a64f306d
@crab-dev/rc-split-pane:generate:token: cache miss, executing be31c43a71a4946a
@crab-dev/rc-switch:generate:token: cache miss, executing f5147cdcfa55172c
@crab-dev/rc-tabs:generate:token: cache miss, executing 9e720744bba5b8c2
@crab-dev/rc-tag:generate:token: cache miss, executing 87401712572b3afc
@crab-dev/rc-message:generate:token: cache miss, executing a5eee2b785d0901f
@crab-dev/rc-slider:generate:token: 
@crab-dev/rc-slider:generate:token:   ⚡ WAKE / LIBRARY TOKEN  v0.1.45
@crab-dev/rc-slider:generate:token: 
@crab-dev/rc-slider:generate:token:   ✓  Tokens generated in 97ms
@crab-dev/rc-slider:generate:token:      1 files · 8.9 KB
@crab-dev/rc-slider:generate:token:      Output  C:\Users\zhang\Desktop\crab-dev\components\rc-slider\src\token.ts
@crab-dev/rc-slider:generate:token: 
@crab-dev/rc-checkbox:generate:token: 
@crab-dev/rc-checkbox:generate:token:   ⚡ WAKE / LIBRARY TOKEN  v0.1.45
@crab-dev/rc-checkbox:generate:token: 
@crab-dev/rc-checkbox:generate:token:   ✓  Tokens generated in 100ms
@crab-dev/rc-checkbox:generate:token:      1 files · 14.7 KB
@crab-dev/rc-checkbox:generate:token:      Output  C:\Users\zhang\Desktop\crab-dev\components\rc-checkbox\src\token.ts
@crab-dev/rc-checkbox:generate:token: 
@crab-dev/rc-canvas:generate:token: 
@crab-dev/rc-canvas:generate:token:   ⚡ WAKE / LIBRARY TOKEN  v0.1.45
@crab-dev/rc-canvas:generate:token: 
@crab-dev/rc-skeleton:generate:token: 
@crab-dev/rc-skeleton:generate:token:   ⚡ WAKE / LIBRARY TOKEN  v0.1.45
@crab-dev/rc-skeleton:generate:token: 
@crab-dev/rc-canvas:generate:token:   ✓  Tokens generated in 76ms
@crab-dev/rc-canvas:generate:token:      1 files · 5.2 KB
@crab-dev/rc-canvas:generate:token:      Output  C:\Users\zhang\Desktop\crab-dev\components\rc-canvas\src\token.ts
@crab-dev/rc-canvas:generate:token: 
@crab-dev/rc-radio:generate:token: cache miss, executing ad63be9685c61257
@crab-dev/rc-skeleton:generate:token:   ✓  Tokens generated in 76ms
@crab-dev/rc-skeleton:generate:token:      1 files · 5.0 KB
@crab-dev/rc-skeleton:generate:token:      Output  C:\Users\zhang\Desktop\crab-dev\components\rc-skeleton\src\token.ts
@crab-dev/rc-skeleton:generate:token: 
@crab-dev/rc-prose:generate:token: cache miss, executing f2dd87c325278a50
@crab-dev/rc-badge:generate:token: 
@crab-dev/rc-badge:generate:token:   ⚡ WAKE / LIBRARY TOKEN  v0.1.45
@crab-dev/rc-badge:generate:token: 
@crab-dev/rc-badge:generate:token:   ✓  Tokens generated in 71ms
@crab-dev/rc-badge:generate:token:      1 files · 5.8 KB
@crab-dev/rc-badge:generate:token:      Output  C:\Users\zhang\Desktop\crab-dev\components\rc-badge\src\token.ts
@crab-dev/rc-badge:generate:token: 
@crab-dev/rc-empty:generate:token: cache miss, executing 583fce4453e2393b
@crab-dev/rc-segmented:generate:token: cache miss, executing f6e87c5254ee4e5c
@crab-dev/rc-split-pane:generate:token: 
@crab-dev/rc-split-pane:generate:token:   ⚡ WAKE / LIBRARY TOKEN  v0.1.45
@crab-dev/rc-split-pane:generate:token: 
@crab-dev/rc-split-pane:generate:token:   ✓  Tokens generated in 50ms
@crab-dev/rc-split-pane:generate:token:      1 files · 2.6 KB
@crab-dev/rc-split-pane:generate:token:      Output  C:\Users\zhang\Desktop\crab-dev\components\rc-split-pane\src\token.ts
@crab-dev/rc-split-pane:generate:token: 
@crab-dev/rc-switch:generate:token: 
@crab-dev/rc-switch:generate:token:   ⚡ WAKE / LIBRARY TOKEN  v0.1.45
@crab-dev/rc-switch:generate:token: 
@crab-dev/rc-tabs:generate:token: 
@crab-dev/rc-tabs:generate:token:   ⚡ WAKE / LIBRARY TOKEN  v0.1.45
@crab-dev/rc-tabs:generate:token: 
@crab-dev/rc-alert:generate:token: cache miss, executing ffeef5d6b3891d99
@crab-dev/rc-switch:generate:token:   ✓  Tokens generated in 55ms
@crab-dev/rc-switch:generate:token:      1 files · 13.5 KB
@crab-dev/rc-switch:generate:token:      Output  C:\Users\zhang\Desktop\crab-dev\components\rc-switch\src\token.ts
@crab-dev/rc-switch:generate:token: 
@crab-dev/rc-tabs:generate:token:   ✓  Tokens generated in 54ms
@crab-dev/rc-tabs:generate:token:      1 files · 13.7 KB
@crab-dev/rc-tabs:generate:token:      Output  C:\Users\zhang\Desktop\crab-dev\components\rc-tabs\src\token.ts
@crab-dev/rc-tabs:generate:token: 
@crab-dev/rc-tooltip:generate:token: cache miss, executing 92d104f26da3eb6c
@crab-dev/rc-notification:generate:token: cache miss, executing 0c2c96422d8204fe
@crab-dev/rc-drawer:generate:token: cache miss, executing 243542fb4fe1157f
@crab-dev/rc-message:generate:token: 
@crab-dev/rc-message:generate:token:   ⚡ WAKE / LIBRARY TOKEN  v0.1.45
@crab-dev/rc-message:generate:token: 
@crab-dev/rc-tag:generate:token: 
@crab-dev/rc-tag:generate:token:   ⚡ WAKE / LIBRARY TOKEN  v0.1.45
@crab-dev/rc-tag:generate:token: 
@crab-dev/rc-message:generate:token:   ✓  Tokens generated in 52ms
@crab-dev/rc-message:generate:token:      1 files · 5.0 KB
@crab-dev/rc-message:generate:token:      Output  C:\Users\zhang\Desktop\crab-dev\components\rc-message\src\token.ts
@crab-dev/rc-message:generate:token: 
@crab-dev/rc-tag:generate:token:   ✓  Tokens generated in 54ms
@crab-dev/rc-tag:generate:token:      1 files · 11.4 KB
@crab-dev/rc-tag:generate:token:      Output  C:\Users\zhang\Desktop\crab-dev\components\rc-tag\src\token.ts
@crab-dev/rc-tag:generate:token: 
@crab-dev/rc-line-edit:generate:token: cache miss, executing 11231cfa4c6d532c
@crab-dev/rc-text-edit:generate:token: cache miss, executing a7e58f3e99089ba0
@crab-dev/rc-radio:generate:token: 
@crab-dev/rc-radio:generate:token:   ⚡ WAKE / LIBRARY TOKEN  v0.1.45
@crab-dev/rc-radio:generate:token: 
@crab-dev/rc-prose:generate:token: 
@crab-dev/rc-prose:generate:token:   ⚡ WAKE / LIBRARY TOKEN  v0.1.45
@crab-dev/rc-prose:generate:token: 
@crab-dev/rc-radio:generate:token:   ✓  Tokens generated in 59ms
@crab-dev/rc-radio:generate:token:      1 files · 11.2 KB
@crab-dev/rc-radio:generate:token:      Output  C:\Users\zhang\Desktop\crab-dev\components\rc-radio\src\token.ts
@crab-dev/rc-radio:generate:token: 
@crab-dev/rc-prose:generate:token:   ✓  Tokens generated in 72ms
@crab-dev/rc-prose:generate:token:      1 files · 17.2 KB
@crab-dev/rc-prose:generate:token:      Output  C:\Users\zhang\Desktop\crab-dev\components\rc-prose\src\token.ts
@crab-dev/rc-prose:generate:token: 
@crab-dev/rc-empty:generate:token: 
@crab-dev/rc-empty:generate:token:   ⚡ WAKE / LIBRARY TOKEN  v0.1.45
@crab-dev/rc-empty:generate:token: 
@crab-dev/rc-empty:generate:token:   ✓  Tokens generated in 59ms
@crab-dev/rc-empty:generate:token:      1 files · 2.6 KB
@crab-dev/rc-empty:generate:token:      Output  C:\Users\zhang\Desktop\crab-dev\components\rc-empty\src\token.ts
@crab-dev/rc-empty:generate:token: 
@crab-dev/rc-breadcrumbs:generate:token: cache miss, executing 1286db34b1b2cae8
@crab-dev/rc-segmented:generate:token: 
@crab-dev/rc-segmented:generate:token:   ⚡ WAKE / LIBRARY TOKEN  v0.1.45
@crab-dev/rc-segmented:generate:token: 
@crab-dev/rc-divider:generate:token: cache miss, executing 85f0dc87c1db2662
@crab-dev/rc-segmented:generate:token:   ✓  Tokens generated in 61ms
@crab-dev/rc-segmented:generate:token:      1 files · 11.1 KB
@crab-dev/rc-segmented:generate:token:      Output  C:\Users\zhang\Desktop\crab-dev\components\rc-segmented\src\token.ts
@crab-dev/rc-segmented:generate:token: 
@crab-dev/rc-alert:generate:token: 
@crab-dev/rc-alert:generate:token:   ⚡ WAKE / LIBRARY TOKEN  v0.1.45
@crab-dev/rc-alert:generate:token: 
@crab-dev/rc-flow-diagram:generate:token: cache miss, executing 4d42a2a201e14f4a
@crab-dev/rc-alert:generate:token:   ✓  Tokens generated in 57ms
@crab-dev/rc-alert:generate:token:      1 files · 8.8 KB
@crab-dev/rc-alert:generate:token:      Output  C:\Users\zhang\Desktop\crab-dev\components\rc-alert\src\token.ts
@crab-dev/rc-alert:generate:token: 
@crab-dev/rc-avatar:generate:token: cache miss, executing 26e42a352df29a08
@crab-dev/rc-tooltip:generate:token: 
@crab-dev/rc-tooltip:generate:token:   ⚡ WAKE / LIBRARY TOKEN  v0.1.45
@crab-dev/rc-tooltip:generate:token: 
@crab-dev/rc-tooltip:generate:token:   ✓  Tokens generated in 52ms
@crab-dev/rc-tooltip:generate:token:      1 files · 3.7 KB
@crab-dev/rc-tooltip:generate:token:      Output  C:\Users\zhang\Desktop\crab-dev\components\rc-tooltip\src\token.ts
@crab-dev/rc-tooltip:generate:token: 
@crab-dev/rc-virtual:generate:token: cache miss, executing bec2714f2e97886d
@crab-dev/rc-notification:generate:token: 
@crab-dev/rc-notification:generate:token:   ⚡ WAKE / LIBRARY TOKEN  v0.1.45
@crab-dev/rc-notification:generate:token: 
@crab-dev/rc-notification:generate:token:   ✓  Tokens generated in 55ms
@crab-dev/rc-notification:generate:token:      1 files · 6.9 KB
@crab-dev/rc-notification:generate:token:      Output  C:\Users\zhang\Desktop\crab-dev\components\rc-notification\src\token.ts
@crab-dev/rc-notification:generate:token: 
@crab-dev/rc-bar-chart:generate:token: cache miss, executing 185d87db08a8adac
@crab-dev/rc-realm:generate:token: cache miss, executing 51cafc2a140578b3
@crab-dev/rc-drawer:generate:token: 
@crab-dev/rc-drawer:generate:token:   ⚡ WAKE / LIBRARY TOKEN  v0.1.45
@crab-dev/rc-drawer:generate:token: 
@crab-dev/rc-drawer:generate:token:   ✓  Tokens generated in 63ms
@crab-dev/rc-drawer:generate:token:      1 files · 8.5 KB
@crab-dev/rc-drawer:generate:token:      Output  C:\Users\zhang\Desktop\crab-dev\components\rc-drawer\src\token.ts
@crab-dev/rc-drawer:generate:token: 
@crab-dev/rc-line-edit:generate:token: 
@crab-dev/rc-line-edit:generate:token:   ⚡ WAKE / LIBRARY TOKEN  v0.1.45
@crab-dev/rc-line-edit:generate:token: 
@crab-dev/rc-line-edit:generate:token:   ✓  Tokens generated in 59ms
@crab-dev/rc-line-edit:generate:token:      1 files · 15.9 KB
@crab-dev/rc-line-edit:generate:token:      Output  C:\Users\zhang\Desktop\crab-dev\components\rc-line-edit\src\token.ts
@crab-dev/rc-line-edit:generate:token: 
@crab-dev/rc-text-edit:generate:token: 
@crab-dev/rc-text-edit:generate:token:   ⚡ WAKE / LIBRARY TOKEN  v0.1.45
@crab-dev/rc-text-edit:generate:token: 
@crab-dev/rc-text-edit:generate:token:   ✓  Tokens generated in 71ms
@crab-dev/rc-text-edit:generate:token:      1 files · 15.5 KB
@crab-dev/rc-text-edit:generate:token:      Output  C:\Users\zhang\Desktop\crab-dev\components\rc-text-edit\src\token.ts
@crab-dev/rc-text-edit:generate:token: 
@crab-dev/rc-number-edit:generate:token: cache miss, executing 5da72765bc0e7071
@crab-dev/rc-dropdown-container:generate:token: cache miss, executing fd682bf835ae0f8e
@crab-dev/rc-breadcrumbs:generate:token: 
@crab-dev/rc-breadcrumbs:generate:token:   ⚡ WAKE / LIBRARY TOKEN  v0.1.45
@crab-dev/rc-breadcrumbs:generate:token: 
@crab-dev/rc-breadcrumbs:generate:token:   ✓  Tokens generated in 51ms
@crab-dev/rc-breadcrumbs:generate:token:      1 files · 3.8 KB
@crab-dev/rc-breadcrumbs:generate:token:      Output  C:\Users\zhang\Desktop\crab-dev\components\rc-breadcrumbs\src\token.ts
@crab-dev/rc-breadcrumbs:generate:token: 
@crab-dev/rc-divider:generate:token: 
@crab-dev/rc-divider:generate:token:   ⚡ WAKE / LIBRARY TOKEN  v0.1.45
@crab-dev/rc-divider:generate:token: 
@crab-dev/rc-divider:generate:token:   ✓  Tokens generated in 67ms
@crab-dev/rc-divider:generate:token:      1 files · 2.9 KB
@crab-dev/rc-divider:generate:token:      Output  C:\Users\zhang\Desktop\crab-dev\components\rc-divider\src\token.ts
@crab-dev/rc-divider:generate:token: 
@crab-dev/rc-flow-diagram:generate:token: 
@crab-dev/rc-flow-diagram:generate:token:   ⚡ WAKE / LIBRARY TOKEN  v0.1.45
@crab-dev/rc-flow-diagram:generate:token: 
@crab-dev/rc-avatar:generate:token: 
@crab-dev/rc-avatar:generate:token:   ⚡ WAKE / LIBRARY TOKEN  v0.1.45
@crab-dev/rc-avatar:generate:token: 
@crab-dev/rc-flow-diagram:generate:token:   ✓  Tokens generated in 57ms
@crab-dev/rc-flow-diagram:generate:token:      1 files · 1.6 KB
@crab-dev/rc-flow-diagram:generate:token:      Output  C:\Users\zhang\Desktop\crab-dev\components\rc-flow-diagram\src\token.ts
@crab-dev/rc-flow-diagram:generate:token: 
@crab-dev/rc-avatar:generate:token:   ✓  Tokens generated in 49ms
@crab-dev/rc-avatar:generate:token:      1 files · 9.4 KB
@crab-dev/rc-avatar:generate:token:      Output  C:\Users\zhang\Desktop\crab-dev\components\rc-avatar\src\token.ts
@crab-dev/rc-avatar:generate:token: 
@crab-dev/rc-virtual:generate:token: 
@crab-dev/rc-virtual:generate:token:   ⚡ WAKE / LIBRARY TOKEN  v0.1.45
@crab-dev/rc-virtual:generate:token: 
@crab-dev/rc-card:generate:token: cache miss, executing baf7cfb38033a44e
@crab-dev/rc-app-main-layout:generate:token: cache miss, executing c60a828e3b7833e3
@crab-dev/rc-virtual:generate:token:   ✓  Tokens generated in 50ms
@crab-dev/rc-virtual:generate:token:      1 files · 1003 B
@crab-dev/rc-virtual:generate:token:      Output  C:\Users\zhang\Desktop\crab-dev\components\rc-virtual\src\token.ts
@crab-dev/rc-virtual:generate:token: 
@crab-dev/rc-bar-chart:generate:token: 
@crab-dev/rc-bar-chart:generate:token:   ⚡ WAKE / LIBRARY TOKEN  v0.1.45
@crab-dev/rc-bar-chart:generate:token: 
@crab-dev/rc-bar-chart:generate:token:   ✓  Tokens generated in 40ms
@crab-dev/rc-bar-chart:generate:token:      1 files · 10.1 KB
@crab-dev/rc-bar-chart:generate:token:      Output  C:\Users\zhang\Desktop\crab-dev\components\rc-bar-chart\src\token.ts
@crab-dev/rc-bar-chart:generate:token: 
@crab-dev/rc-realm:generate:token: 
@crab-dev/rc-realm:generate:token:   ⚡ WAKE / LIBRARY TOKEN  v0.1.45
@crab-dev/rc-realm:generate:token: 
@crab-dev/rc-realm:generate:token:   ✓  Tokens generated in 37ms
@crab-dev/rc-realm:generate:token:      1 files · 677 B
@crab-dev/rc-realm:generate:token:      Output  C:\Users\zhang\Desktop\crab-dev\components\rc-realm\src\token.ts
@crab-dev/rc-realm:generate:token: 
@crab-dev/rc-tree:generate:token: cache miss, executing e632f9824b8eccf4
@crab-dev/rc-number-edit:generate:token: 
@crab-dev/rc-number-edit:generate:token:   ⚡ WAKE / LIBRARY TOKEN  v0.1.45
@crab-dev/rc-number-edit:generate:token: 
@crab-dev/rc-number-edit:generate:token:   ✓  Tokens generated in 39ms
@crab-dev/rc-number-edit:generate:token:      1 files · 5.9 KB
@crab-dev/rc-number-edit:generate:token:      Output  C:\Users\zhang\Desktop\crab-dev\components\rc-number-edit\src\token.ts
@crab-dev/rc-number-edit:generate:token: 
@crab-dev/rc-dropdown-container:generate:token: 
@crab-dev/rc-dropdown-container:generate:token:   ⚡ WAKE / LIBRARY TOKEN  v0.1.45
@crab-dev/rc-dropdown-container:generate:token: 
@crab-dev/rc-dropdown-container:generate:token:   ✓  Tokens generated in 41ms
@crab-dev/rc-dropdown-container:generate:token:      1 files · 3.7 KB
@crab-dev/rc-dropdown-container:generate:token:      Output  C:\Users\zhang\Desktop\crab-dev\components\rc-dropdown-container\src\token.ts
@crab-dev/rc-dropdown-container:generate:token: 
@crab-dev/rc-select:generate:token: cache miss, executing 3fcdabbd94e20625
@crab-dev/rc-date-picker:generate:token: cache miss, executing f3c3129c28647b8e
@crab-dev/rc-card:generate:token: 
@crab-dev/rc-card:generate:token:   ⚡ WAKE / LIBRARY TOKEN  v0.1.45
@crab-dev/rc-card:generate:token: 
@crab-dev/rc-card:generate:token:   ✓  Tokens generated in 48ms
@crab-dev/rc-card:generate:token:      1 files · 15.0 KB
@crab-dev/rc-card:generate:token:      Output  C:\Users\zhang\Desktop\crab-dev\components\rc-card\src\token.ts
@crab-dev/rc-card:generate:token: 
@crab-dev/rc-app-main-layout:generate:token: 
@crab-dev/rc-app-main-layout:generate:token:   ⚡ WAKE / LIBRARY TOKEN  v0.1.45
@crab-dev/rc-app-main-layout:generate:token: 
@crab-dev/rc-app-main-layout:generate:token:   ✓  Tokens generated in 36ms
@crab-dev/rc-app-main-layout:generate:token:      1 files · 29.4 KB
@crab-dev/rc-app-main-layout:generate:token:      Output  C:\Users\zhang\Desktop\crab-dev\components\rc-app-main-layout\src\token.ts
@crab-dev/rc-app-main-layout:generate:token: 
@crab-dev/rc-tree:generate:token: 
@crab-dev/rc-tree:generate:token:   ⚡ WAKE / LIBRARY TOKEN  v0.1.45
@crab-dev/rc-tree:generate:token: 
@crab-dev/rc-tree:generate:token:   ✓  Tokens generated in 36ms
@crab-dev/rc-tree:generate:token:      1 files · 10.4 KB
@crab-dev/rc-tree:generate:token:      Output  C:\Users\zhang\Desktop\crab-dev\components\rc-tree\src\token.ts
@crab-dev/rc-tree:generate:token: 
@crab-dev/rc-select:generate:token: 
@crab-dev/rc-select:generate:token:   ⚡ WAKE / LIBRARY TOKEN  v0.1.45
@crab-dev/rc-select:generate:token: 
@crab-dev/rc-select:generate:token:   ✓  Tokens generated in 25ms
@crab-dev/rc-select:generate:token:      1 files · 21.1 KB
@crab-dev/rc-select:generate:token:      Output  C:\Users\zhang\Desktop\crab-dev\components\rc-select\src\token.ts
@crab-dev/rc-select:generate:token: 
@crab-dev/rc-date-picker:generate:token: 
@crab-dev/rc-date-picker:generate:token:   ⚡ WAKE / LIBRARY TOKEN  v0.1.45
@crab-dev/rc-date-picker:generate:token: 
@crab-dev/rc-date-picker:generate:token:   ✓  Tokens generated in 27ms
@crab-dev/rc-date-picker:generate:token:      1 files · 9.2 KB
@crab-dev/rc-date-picker:generate:token:      Output  C:\Users\zhang\Desktop\crab-dev\components\rc-date-picker\src\token.ts
@crab-dev/rc-date-picker:generate:token: 
@crab-dev/rc-color-picker:generate:token: cache miss, executing 696882393352ec4b
@crab-dev/rc-table:generate:token: cache miss, executing 2f71667a75ac861b
@crab-dev/rc-cron-picker:generate:token: cache miss, executing 16bb2b18881865f2
@crab-dev/rc-form:generate:token: cache miss, executing 76bd0d5ae1b7410d
@crab-dev/rc-pagination:generate:token: cache miss, executing 803e60f97ac34b3b
@crab-dev/rc-color-picker:generate:token: 
@crab-dev/rc-color-picker:generate:token:   ⚡ WAKE / LIBRARY TOKEN  v0.1.45
@crab-dev/rc-color-picker:generate:token: 
@crab-dev/rc-color-picker:generate:token:   ✓  Tokens generated in 38ms
@crab-dev/rc-color-picker:generate:token:      1 files · 8.6 KB
@crab-dev/rc-color-picker:generate:token:      Output  C:\Users\zhang\Desktop\crab-dev\components\rc-color-picker\src\token.ts
@crab-dev/rc-color-picker:generate:token: 
@crab-dev/rc-table:generate:token: 
@crab-dev/rc-table:generate:token:   ⚡ WAKE / LIBRARY TOKEN  v0.1.45
@crab-dev/rc-table:generate:token: 
@crab-dev/rc-table:generate:token:   ✓  Tokens generated in 43ms
@crab-dev/rc-table:generate:token:      1 files · 26.3 KB
@crab-dev/rc-table:generate:token:      Output  C:\Users\zhang\Desktop\crab-dev\components\rc-table\src\token.ts
@crab-dev/rc-table:generate:token: 
@crab-dev/rc-cron-picker:generate:token: 
@crab-dev/rc-cron-picker:generate:token:   ⚡ WAKE / LIBRARY TOKEN  v0.1.45
@crab-dev/rc-cron-picker:generate:token: 
@crab-dev/rc-cron-picker:generate:token:   ✓  Tokens generated in 26ms
@crab-dev/rc-cron-picker:generate:token:      1 files · 4.9 KB
@crab-dev/rc-cron-picker:generate:token:      Output  C:\Users\zhang\Desktop\crab-dev\components\rc-cron-picker\src\token.ts
@crab-dev/rc-cron-picker:generate:token: 
@crab-dev/rc-form:generate:token: 
@crab-dev/rc-form:generate:token:   ⚡ WAKE / LIBRARY TOKEN  v0.1.45
@crab-dev/rc-form:generate:token: 
@crab-dev/rc-form:generate:token:   ✓  Tokens generated in 32ms
@crab-dev/rc-form:generate:token:      1 files · 2.8 KB
@crab-dev/rc-form:generate:token:      Output  C:\Users\zhang\Desktop\crab-dev\components\rc-form\src\token.ts
@crab-dev/rc-form:generate:token: 
@crab-dev/rc-pagination:generate:token: 
@crab-dev/rc-pagination:generate:token:   ⚡ WAKE / LIBRARY TOKEN  v0.1.45
@crab-dev/rc-pagination:generate:token: 
@crab-dev/rc-dialog:generate:token: cache miss, executing 6aaae8adb486150e
@crab-dev/rc-pagination:generate:token:   ✓  Tokens generated in 27ms
@crab-dev/rc-pagination:generate:token:      1 files · 10.4 KB
@crab-dev/rc-pagination:generate:token:      Output  C:\Users\zhang\Desktop\crab-dev\components\rc-pagination\src\token.ts
@crab-dev/rc-pagination:generate:token: 
@crab-dev/rc-table-pro:generate:token: cache miss, executing 961c23df8e77516b
@crab-dev/rc-dialog:generate:token: 
@crab-dev/rc-dialog:generate:token:   ⚡ WAKE / LIBRARY TOKEN  v0.1.45
@crab-dev/rc-dialog:generate:token: 
@crab-dev/rc-dialog:generate:token:   ✓  Tokens generated in 23ms
@crab-dev/rc-dialog:generate:token:      1 files · 6.2 KB
@crab-dev/rc-dialog:generate:token:      Output  C:\Users\zhang\Desktop\crab-dev\components\rc-dialog\src\token.ts
@crab-dev/rc-dialog:generate:token: 
@crab-dev/rc-table-pro:generate:token: 
@crab-dev/rc-table-pro:generate:token:   ⚡ WAKE / LIBRARY TOKEN  v0.1.45
@crab-dev/rc-table-pro:generate:token: 
@crab-dev/rc-table-pro:generate:token:   ✓  Tokens generated in 25ms
@crab-dev/rc-table-pro:generate:token:      1 files · 7.7 KB
@crab-dev/rc-table-pro:generate:token:      Output  C:\Users\zhang\Desktop\crab-dev\components\rc-table-pro\src\token.ts
@crab-dev/rc-table-pro:generate:token: 
@crab-dev/rc-pdf-editor:generate:token: cache miss, executing d2516de4988d0c44
@crab-dev/rc-pdf-editor:generate:token: 
@crab-dev/rc-pdf-editor:generate:token:   ⚡ WAKE / LIBRARY TOKEN  v0.1.45
@crab-dev/rc-pdf-editor:generate:token: 
@crab-dev/rc-pdf-editor:generate:token:   ✓  Tokens generated in 27ms
@crab-dev/rc-pdf-editor:generate:token:      1 files · 13.5 KB
@crab-dev/rc-pdf-editor:generate:token:      Output  C:\Users\zhang\Desktop\crab-dev\components\rc-pdf-editor\src\token.ts
@crab-dev/rc-pdf-editor:generate:token: 

 Tasks:    49 successful, 49 total
Cached:    1 cached, 49 total
  Time:    20.641s 

