TypeScript 7.1.0-dev / native PnP / 568cafc40c37
• turbo 2.10.12
 WARNING  Circular package dependency detected: @crab-dev/rc-menu, @crab-dev/rc-masonry, @crab-dev/rc-spin, @crab-dev/rc-button, @crab-dev/rc-component-preview

   • Packages in scope: @crab-dev/rc-alert, @crab-dev/rc-app-main-layout, @crab-dev/rc-auto-sizer, @crab-dev/rc-avatar, @crab-dev/rc-badge, @crab-dev/rc-bar-chart, @crab-dev/rc-breadcrumbs, @crab-dev/rc-button, @crab-dev/rc-canvas, @crab-dev/rc-card, @crab-dev/rc-checkbox, @crab-dev/rc-color-picker, @crab-dev/rc-component-preview, @crab-dev/rc-config-provider, @crab-dev/rc-cron-picker, @crab-dev/rc-date-picker, @crab-dev/rc-dialog, @crab-dev/rc-divider, @crab-dev/rc-drawer, @crab-dev/rc-dropdown-container, @crab-dev/rc-empty, @crab-dev/rc-flow-diagram, @crab-dev/rc-form, @crab-dev/rc-hooks, @crab-dev/rc-line-edit, @crab-dev/rc-masonry, @crab-dev/rc-menu, @crab-dev/rc-message, @crab-dev/rc-notification, @crab-dev/rc-number-edit, @crab-dev/rc-pagination, @crab-dev/rc-pdf-editor, @crab-dev/rc-prose, @crab-dev/rc-radio, @crab-dev/rc-realm, @crab-dev/rc-router, @crab-dev/rc-segmented, @crab-dev/rc-select, @crab-dev/rc-skeleton, @crab-dev/rc-slider, @crab-dev/rc-spin, @crab-dev/rc-split-pane, @crab-dev/rc-switch, @crab-dev/rc-table, @crab-dev/rc-table-pro, @crab-dev/rc-tabs, @crab-dev/rc-tag, @crab-dev/rc-text-edit, @crab-dev/rc-theme, @crab-dev/rc-token-global, @crab-dev/rc-token-semantic, @crab-dev/rc-tooltip, @crab-dev/rc-tree, @crab-dev/rc-virtual, @crab-dev/standards-eslint-preset, @crab-dev/standards-typescript-preset, @crab-dev/website
   • Running typecheck in 57 packages
   • Remote caching disabled

@crab-dev/rc-token-global:build:library: cache hit, replaying logs 92ddcf2ed13c3f61
@crab-dev/rc-token-global:build:library: 
@crab-dev/rc-token-global:build:library:   ⚡ WAKE / LIBRARY TOKEN  v0.1.45
@crab-dev/rc-token-global:build:library: 
@crab-dev/rc-token-global:build:library:   ✓  Tokens generated in 15ms
@crab-dev/rc-token-global:build:library:      1 files · 31.7 KB
@crab-dev/rc-token-global:build:library:      Output  C:\Users\zhang\Desktop\crab-dev\components\rc-token-global\src\token.ts
@crab-dev/rc-token-global:build:library: 
@crab-dev/rc-token-global:build:library: 
@crab-dev/rc-token-global:build:library:   ⚡ WAKE / LIBRARY BUILD  v0.1.45
@crab-dev/rc-token-global:build:library: 
@crab-dev/rc-token-global:build:library:   ✓  Built library in 114ms
@crab-dev/rc-token-global:build:library:      2 modules · 6 files · 72.2 KB
@crab-dev/rc-token-global:build:library:      Output  C:\Users\zhang\Desktop\crab-dev\components\rc-token-global
@crab-dev/rc-token-global:build:library: 
@crab-dev/rc-token-semantic:typecheck: cache miss, executing 88b58d790ec46018
@crab-dev/rc-token-semantic:build:library: cache hit, replaying logs efb4f59252034be2
@crab-dev/rc-token-semantic:build:library: 
@crab-dev/rc-token-semantic:build:library:   ⚡ WAKE / LIBRARY TOKEN  v0.1.45
@crab-dev/rc-token-semantic:build:library: 
@crab-dev/rc-token-semantic:build:library:   ✓  Tokens generated in 25ms
@crab-dev/rc-token-semantic:build:library:      1 files · 78.0 KB
@crab-dev/rc-token-semantic:build:library:      Output  C:\Users\zhang\Desktop\crab-dev\components\rc-token-semantic\src\token.ts
@crab-dev/rc-token-semantic:build:library: 
@crab-dev/rc-token-semantic:build:library: 
@crab-dev/rc-token-semantic:build:library:   ⚡ WAKE / LIBRARY BUILD  v0.1.45
@crab-dev/rc-token-semantic:build:library: 
@crab-dev/rc-token-semantic:build:library:   ✓  Built library in 340ms
@crab-dev/rc-token-semantic:build:library:      4 modules · 13 files · 227.3 KB
@crab-dev/rc-token-semantic:build:library:      Output  C:\Users\zhang\Desktop\crab-dev\components\rc-token-semantic
@crab-dev/rc-token-semantic:build:library: 
@crab-dev/rc-theme:typecheck: cache miss, executing afcaf336b2a543a3
@crab-dev/rc-masonry:build:library: cache hit, replaying logs e9806ce33d909ab5
@crab-dev/rc-masonry:build:library: 
@crab-dev/rc-masonry:build:library:   ⚡ WAKE / LIBRARY TOKEN  v0.1.45
@crab-dev/rc-masonry:build:library: 
@crab-dev/rc-masonry:build:library:   ✓  Tokens generated in 45ms
@crab-dev/rc-masonry:build:library:      1 files · 856 B
@crab-dev/rc-masonry:build:library:      Output  C:\Users\zhang\Desktop\crab-dev\components\rc-masonry\src\token.ts
@crab-dev/rc-theme:build:library: cache hit, replaying logs ca90583b504f6967
@crab-dev/rc-masonry:build:library: 
@crab-dev/rc-masonry:build:library: 
@crab-dev/rc-masonry:build:library:   ⚡ WAKE / LIBRARY BUILD  v0.1.45
@crab-dev/rc-masonry:build:library: 
@crab-dev/rc-masonry:build:library:   ✓  Built library in 425ms
@crab-dev/rc-masonry:build:library:      3 modules · 11 files · 11.2 KB
@crab-dev/rc-masonry:build:library:      Output  C:\Users\zhang\Desktop\crab-dev\components\rc-masonry
@crab-dev/rc-masonry:build:library: 
@crab-dev/rc-component-preview:build:library: cache hit, replaying logs 42ac1306b84bc219
@crab-dev/rc-theme:build:library: 
@crab-dev/rc-theme:build:library:   ⚡ WAKE / LIBRARY BUILD  v0.1.45
@crab-dev/rc-theme:build:library: 
@crab-dev/rc-theme:build:library:   ✓  Built library in 335ms
@crab-dev/rc-component-preview:build:library: 
@crab-dev/rc-component-preview:build:library:   ⚡ WAKE / LIBRARY TOKEN  v0.1.45
@crab-dev/rc-theme:build:library:      3 modules · 8 files · 30.9 KB
@crab-dev/rc-theme:build:library:      Output  C:\Users\zhang\Desktop\crab-dev\components\rc-theme
@crab-dev/rc-theme:build:library: 
@crab-dev/rc-component-preview:build:library: 
@crab-dev/rc-component-preview:build:library:   ✓  Tokens generated in 38ms
@crab-dev/rc-component-preview:build:library:      1 files · 16.3 KB
@crab-dev/rc-component-preview:build:library:      Output  C:\Users\zhang\Desktop\crab-dev\components\rc-component-preview\src\token.ts
@crab-dev/rc-component-preview:build:library: 
@crab-dev/rc-component-preview:build:library: 
@crab-dev/rc-component-preview:build:library:   ⚡ WAKE / LIBRARY BUILD  v0.1.45
@crab-dev/rc-component-preview:build:library: 
@crab-dev/rc-component-preview:build:library:   ✓  Built library in 788ms
@crab-dev/rc-component-preview:build:library:      5 modules · 14 files · 70.8 KB
@crab-dev/rc-component-preview:build:library:      Output  C:\Users\zhang\Desktop\crab-dev\components\rc-component-preview
@crab-dev/rc-component-preview:build:library: 
@crab-dev/rc-config-provider:typecheck: cache miss, executing 8ccb08bd92061904
@crab-dev/rc-hooks:build:library: cache hit, replaying logs 5eb476667a01f181
@crab-dev/rc-hooks:build:library: 
@crab-dev/rc-hooks:build:library:   ⚡ WAKE / LIBRARY BUILD  v0.1.45
@crab-dev/rc-hooks:build:library: 
@crab-dev/rc-hooks:build:library:   ✓  Built library in 783ms
@crab-dev/rc-hooks:build:library:      16 modules · 48 files · 41.3 KB
@crab-dev/rc-hooks:build:library:      Output  C:\Users\zhang\Desktop\crab-dev\components\rc-hooks
@crab-dev/rc-hooks:build:library: 
@crab-dev/rc-menu:typecheck: cache miss, executing 09ef5062c6f35dab
@crab-dev/rc-menu:build:library: cache hit, replaying logs 44ea621267e634e0
@crab-dev/rc-menu:build:library: 
@crab-dev/rc-menu:build:library:   ⚡ WAKE / LIBRARY TOKEN  v0.1.45
@crab-dev/rc-menu:build:library: 
@crab-dev/rc-menu:build:library:   ✓  Tokens generated in 42ms
@crab-dev/rc-menu:build:library:      1 files · 22.9 KB
@crab-dev/rc-menu:build:library:      Output  C:\Users\zhang\Desktop\crab-dev\components\rc-menu\src\token.ts
@crab-dev/rc-menu:build:library: 
@crab-dev/rc-menu:build:library: 
@crab-dev/rc-menu:build:library:   ⚡ WAKE / LIBRARY BUILD  v0.1.45
@crab-dev/rc-menu:build:library: 
@crab-dev/rc-menu:build:library:   ✓  Built library in 566ms
@crab-dev/rc-menu:build:library:      14 modules · 33 files · 126.1 KB
@crab-dev/rc-menu:build:library:      Output  C:\Users\zhang\Desktop\crab-dev\components\rc-menu
@crab-dev/rc-menu:build:library: 
@crab-dev/rc-config-provider:build:library: cache hit, replaying logs fa8543562897b3e1
@crab-dev/rc-config-provider:build:library: 
@crab-dev/rc-config-provider:build:library:   ⚡ WAKE / LIBRARY BUILD  v0.1.45
@crab-dev/rc-config-provider:build:library: 
@crab-dev/rc-config-provider:build:library:   ✓  Built library in 877ms
@crab-dev/rc-config-provider:build:library:      3 modules · 10 files · 6.0 KB
@crab-dev/rc-config-provider:build:library:      Output  C:\Users\zhang\Desktop\crab-dev\components\rc-config-provider
@crab-dev/rc-config-provider:build:library: 
@crab-dev/rc-skeleton:typecheck: cache miss, executing 36bb273cc33d2b0a
@crab-dev/rc-spin:build:library: cache hit, replaying logs 0f5a4db37d3d0740
@crab-dev/rc-badge:build:library: cache hit, replaying logs 049e829ec3e2cf57
@crab-dev/rc-badge:build:library: 
@crab-dev/rc-badge:build:library:   ⚡ WAKE / LIBRARY TOKEN  v0.1.45
@crab-dev/rc-badge:build:library: 
@crab-dev/rc-badge:build:library:   ✓  Tokens generated in 66ms
@crab-dev/rc-badge:build:library:      1 files · 5.8 KB
@crab-dev/rc-badge:build:library:      Output  C:\Users\zhang\Desktop\crab-dev\components\rc-badge\src\token.ts
@crab-dev/rc-badge:build:library: 
@crab-dev/rc-spin:build:library: 
@crab-dev/rc-spin:build:library:   ⚡ WAKE / LIBRARY TOKEN  v0.1.45
@crab-dev/rc-spin:build:library: 
@crab-dev/rc-badge:build:library: 
@crab-dev/rc-badge:build:library:   ⚡ WAKE / LIBRARY BUILD  v0.1.45
@crab-dev/rc-badge:build:library: 
@crab-dev/rc-spin:build:library:   ✓  Tokens generated in 41ms
@crab-dev/rc-spin:build:library:      1 files · 5.9 KB
@crab-dev/rc-badge:build:library:   ✓  Built library in 385ms
@crab-dev/rc-spin:build:library:      Output  C:\Users\zhang\Desktop\crab-dev\components\rc-spin\src\token.ts
@crab-dev/rc-spin:build:library: 
@crab-dev/rc-spin:build:library: 
@crab-dev/rc-badge:build:library:      3 modules · 11 files · 32.0 KB
@crab-dev/rc-badge:build:library:      Output  C:\Users\zhang\Desktop\crab-dev\components\rc-badge
@crab-dev/rc-spin:build:library:   ⚡ WAKE / LIBRARY BUILD  v0.1.45
@crab-dev/rc-spin:build:library: 
@crab-dev/rc-badge:build:library: 
@crab-dev/rc-spin:build:library:   ✓  Built library in 783ms
@crab-dev/rc-spin:build:library:      5 modules · 17 files · 33.5 KB
@crab-dev/rc-spin:build:library:      Output  C:\Users\zhang\Desktop\crab-dev\components\rc-spin
@crab-dev/rc-spin:build:library: 
@crab-dev/rc-slider:build:library: cache hit, replaying logs fbff6f04c0840223
@crab-dev/standards-typescript-preset:typecheck: cache hit, replaying logs 106d77796f0f8da4
@crab-dev/rc-radio:build:library: cache hit, replaying logs eca54296e570eded
@crab-dev/rc-slider:build:library: 
@crab-dev/rc-slider:build:library:   ⚡ WAKE / LIBRARY TOKEN  v0.1.45
@crab-dev/rc-slider:build:library: 
@crab-dev/rc-slider:build:library:   ✓  Tokens generated in 51ms
@crab-dev/rc-slider:build:library:      1 files · 8.9 KB
@crab-dev/rc-radio:build:library: 
@crab-dev/rc-radio:build:library:   ⚡ WAKE / LIBRARY TOKEN  v0.1.45
@crab-dev/rc-radio:build:library: 
@crab-dev/rc-slider:build:library:      Output  C:\Users\zhang\Desktop\crab-dev\components\rc-slider\src\token.ts
@crab-dev/rc-slider:build:library: 
@crab-dev/rc-slider:build:library: 
@crab-dev/rc-slider:build:library:   ⚡ WAKE / LIBRARY BUILD  v0.1.45
@crab-dev/rc-slider:build:library: 
@crab-dev/rc-slider:build:library:   ✓  Built library in 278ms
@crab-dev/rc-slider:build:library:      3 modules · 10 files · 40.3 KB
@crab-dev/rc-slider:build:library:      Output  C:\Users\zhang\Desktop\crab-dev\components\rc-slider
@crab-dev/rc-slider:build:library: 
@crab-dev/rc-radio:build:library:   ✓  Tokens generated in 50ms
@crab-dev/rc-radio:build:library:      1 files · 11.2 KB
@crab-dev/rc-radio:build:library:      Output  C:\Users\zhang\Desktop\crab-dev\components\rc-radio\src\token.ts
@crab-dev/rc-radio:build:library: 
@crab-dev/rc-radio:build:library: 
@crab-dev/rc-radio:build:library:   ⚡ WAKE / LIBRARY BUILD  v0.1.45
@crab-dev/rc-radio:build:library: 
@crab-dev/rc-radio:build:library:   ✓  Built library in 320ms
@crab-dev/rc-radio:build:library:      5 modules · 16 files · 47.8 KB
@crab-dev/rc-radio:build:library:      Output  C:\Users\zhang\Desktop\crab-dev\components\rc-radio
@crab-dev/rc-radio:build:library: 
@crab-dev/rc-router:typecheck: cache miss, executing 479ac89731efca7d
@crab-dev/rc-hooks:typecheck: cache hit, replaying logs c259f0a9266c0d92
@crab-dev/rc-checkbox:typecheck: cache miss, executing 6623fe1ddd748e5c
@crab-dev/rc-alert:typecheck: cache miss, executing 11d90d233119d0d0
@crab-dev/rc-prose:typecheck: cache miss, executing 3c3a2d433e1d2dd3
@crab-dev/rc-token-global:typecheck: cache hit, replaying logs 1d785c7c32cce4c5
@crab-dev/rc-tooltip:typecheck: cache miss, executing b766cb90ee00c34d
@crab-dev/rc-router:build:library: cache hit, replaying logs 3065788a9e265cab
@crab-dev/rc-router:build:library: 
@crab-dev/rc-router:build:library:   ⚡ WAKE / LIBRARY BUILD  v0.1.45
@crab-dev/rc-router:build:library: 
@crab-dev/rc-router:build:library:   ✓  Built library in 542ms
@crab-dev/rc-router:build:library:      10 modules · 30 files · 68.6 KB
@crab-dev/rc-router:build:library:      Output  C:\Users\zhang\Desktop\crab-dev\components\rc-router
@crab-dev/rc-router:build:library: 
@crab-dev/rc-masonry:typecheck: cache miss, executing 9de642800a8f2d17
@crab-dev/rc-badge:typecheck: cache miss, executing 0043164de393b625
@crab-dev/rc-alert:build:library: cache hit, replaying logs fe8d750eb9282a69
@crab-dev/rc-alert:build:library: 
@crab-dev/rc-alert:build:library:   ⚡ WAKE / LIBRARY TOKEN  v0.1.45
@crab-dev/rc-alert:build:library: 
@crab-dev/rc-alert:build:library:   ✓  Tokens generated in 349ms
@crab-dev/rc-alert:build:library:      1 files · 8.8 KB
@crab-dev/rc-alert:build:library:      Output  C:\Users\zhang\Desktop\crab-dev\components\rc-alert\src\token.ts
@crab-dev/rc-alert:build:library: 
@crab-dev/rc-alert:build:library: 
@crab-dev/rc-alert:build:library:   ⚡ WAKE / LIBRARY BUILD  v0.1.45
@crab-dev/rc-alert:build:library: 
@crab-dev/rc-alert:build:library:   ✓  Built library in 1.26s
@crab-dev/rc-alert:build:library:      4 modules · 13 files · 42.8 KB
@crab-dev/rc-alert:build:library:      Output  C:\Users\zhang\Desktop\crab-dev\components\rc-alert
@crab-dev/rc-alert:build:library: 
@crab-dev/rc-tabs:typecheck: cache miss, executing 68996fe616dff6e9
@crab-dev/rc-segmented:typecheck: cache miss, executing 2e3281f9d62750ac
@crab-dev/rc-split-pane:typecheck: cache miss, executing 05c830a1044c045e
@crab-dev/rc-tag:typecheck: cache miss, executing 9c2bf68c775b54cb
@crab-dev/rc-canvas:build:library: cache hit, replaying logs b1dec5cc7b57758f
@crab-dev/rc-canvas:build:library: 
@crab-dev/rc-canvas:build:library:   ⚡ WAKE / LIBRARY TOKEN  v0.1.45
@crab-dev/rc-canvas:build:library: 
@crab-dev/rc-canvas:build:library:   ✓  Tokens generated in 70ms
@crab-dev/rc-canvas:build:library:      1 files · 5.2 KB
@crab-dev/rc-canvas:build:library:      Output  C:\Users\zhang\Desktop\crab-dev\components\rc-canvas\src\token.ts
@crab-dev/rc-canvas:build:library: 
@crab-dev/rc-canvas:build:library: 
@crab-dev/rc-canvas:build:library:   ⚡ WAKE / LIBRARY BUILD  v0.1.45
@crab-dev/rc-canvas:build:library: 
@crab-dev/rc-canvas:build:library:   ✓  Built library in 1.93s
@crab-dev/rc-canvas:build:library:      39 modules · 107 files · 347.6 KB
@crab-dev/rc-canvas:build:library:      Output  C:\Users\zhang\Desktop\crab-dev\components\rc-canvas
@crab-dev/rc-canvas:build:library: 
@crab-dev/rc-message:typecheck: cache miss, executing 1d7940d8d2ffb820
@crab-dev/rc-auto-sizer:build:library: cache hit, replaying logs a0684ba1a7a95959
@crab-dev/rc-auto-sizer:build:library: 
@crab-dev/rc-auto-sizer:build:library:   ⚡ WAKE / LIBRARY BUILD  v0.1.45
@crab-dev/rc-auto-sizer:build:library: 
@crab-dev/rc-auto-sizer:build:library:   ✓  Built library in 189ms
@crab-dev/rc-auto-sizer:build:library:      2 modules · 8 files · 5.1 KB
@crab-dev/rc-auto-sizer:build:library:      Output  C:\Users\zhang\Desktop\crab-dev\components\rc-auto-sizer
@crab-dev/rc-auto-sizer:build:library: 
@crab-dev/rc-switch:build:library: cache hit, replaying logs a613146ce72b07ef
@crab-dev/rc-switch:build:library: 
@crab-dev/rc-switch:build:library:   ⚡ WAKE / LIBRARY TOKEN  v0.1.45
@crab-dev/rc-switch:build:library: 
@crab-dev/rc-switch:build:library:   ✓  Tokens generated in 57ms
@crab-dev/rc-switch:build:library:      1 files · 13.5 KB
@crab-dev/rc-switch:build:library:      Output  C:\Users\zhang\Desktop\crab-dev\components\rc-switch\src\token.ts
@crab-dev/rc-switch:build:library: 
@crab-dev/rc-switch:build:library: 
@crab-dev/rc-switch:build:library:   ⚡ WAKE / LIBRARY BUILD  v0.1.45
@crab-dev/rc-switch:build:library: 
@crab-dev/rc-switch:build:library:   ✓  Built library in 164ms
@crab-dev/rc-switch:build:library:      3 modules · 11 files · 51.0 KB
@crab-dev/rc-switch:build:library:      Output  C:\Users\zhang\Desktop\crab-dev\components\rc-switch
@crab-dev/rc-switch:build:library: 
@crab-dev/rc-tooltip:build:library: cache hit, replaying logs 8e60cb55c653bbe6
@crab-dev/rc-tooltip:build:library: 
@crab-dev/rc-tooltip:build:library:   ⚡ WAKE / LIBRARY TOKEN  v0.1.45
@crab-dev/rc-tooltip:build:library: 
@crab-dev/rc-tooltip:build:library:   ✓  Tokens generated in 60ms
@crab-dev/rc-tooltip:build:library:      1 files · 3.7 KB
@crab-dev/rc-tooltip:build:library:      Output  C:\Users\zhang\Desktop\crab-dev\components\rc-tooltip\src\token.ts
@crab-dev/rc-tooltip:build:library: 
@crab-dev/rc-tooltip:build:library: 
@crab-dev/rc-tooltip:build:library:   ⚡ WAKE / LIBRARY BUILD  v0.1.45
@crab-dev/rc-tooltip:build:library: 
@crab-dev/rc-tooltip:build:library:   ✓  Built library in 280ms
@crab-dev/rc-tooltip:build:library:      3 modules · 11 files · 20.3 KB
@crab-dev/rc-tooltip:build:library:      Output  C:\Users\zhang\Desktop\crab-dev\components\rc-tooltip
@crab-dev/rc-tooltip:build:library: 
@crab-dev/rc-tag:build:library: cache hit, replaying logs d2585e7833e2ca6d
@crab-dev/rc-tag:build:library: 
@crab-dev/rc-tag:build:library:   ⚡ WAKE / LIBRARY TOKEN  v0.1.45
@crab-dev/rc-tag:build:library: 
@crab-dev/rc-tag:build:library:   ✓  Tokens generated in 51ms
@crab-dev/rc-tag:build:library:      1 files · 11.4 KB
@crab-dev/rc-tag:build:library:      Output  C:\Users\zhang\Desktop\crab-dev\components\rc-tag\src\token.ts
@crab-dev/rc-tag:build:library: 
@crab-dev/rc-tag:build:library: 
@crab-dev/rc-tag:build:library:   ⚡ WAKE / LIBRARY BUILD  v0.1.45
@crab-dev/rc-tag:build:library: 
@crab-dev/rc-tag:build:library:   ✓  Built library in 244ms
@crab-dev/rc-tag:build:library:      4 modules · 14 files · 50.7 KB
@crab-dev/rc-tag:build:library:      Output  C:\Users\zhang\Desktop\crab-dev\components\rc-tag
@crab-dev/rc-tag:build:library: 
@crab-dev/rc-checkbox:build:library: cache hit, replaying logs 3ed97045cadcee13
@crab-dev/rc-checkbox:build:library: 
@crab-dev/rc-checkbox:build:library:   ⚡ WAKE / LIBRARY TOKEN  v0.1.45
@crab-dev/rc-checkbox:build:library: 
@crab-dev/rc-checkbox:build:library:   ✓  Tokens generated in 56ms
@crab-dev/rc-checkbox:build:library:      1 files · 14.7 KB
@crab-dev/rc-checkbox:build:library:      Output  C:\Users\zhang\Desktop\crab-dev\components\rc-checkbox\src\token.ts
@crab-dev/rc-checkbox:build:library: 
@crab-dev/rc-checkbox:build:library: 
@crab-dev/rc-checkbox:build:library:   ⚡ WAKE / LIBRARY BUILD  v0.1.45
@crab-dev/rc-checkbox:build:library: 
@crab-dev/rc-checkbox:build:library:   ✓  Built library in 300ms
@crab-dev/rc-checkbox:build:library:      5 modules · 16 files · 60.7 KB
@crab-dev/rc-checkbox:build:library:      Output  C:\Users\zhang\Desktop\crab-dev\components\rc-checkbox
@crab-dev/rc-checkbox:build:library: 
@crab-dev/rc-canvas:typecheck: cache miss, executing 6c478f2f2542b8ce
@crab-dev/rc-tabs:build:library: cache hit, replaying logs 2fa16dcd6414baad
@crab-dev/rc-tabs:build:library: 
@crab-dev/rc-tabs:build:library:   ⚡ WAKE / LIBRARY TOKEN  v0.1.45
@crab-dev/rc-tabs:build:library: 
@crab-dev/rc-tabs:build:library:   ✓  Tokens generated in 52ms
@crab-dev/rc-tabs:build:library:      1 files · 13.7 KB
@crab-dev/rc-tabs:build:library:      Output  C:\Users\zhang\Desktop\crab-dev\components\rc-tabs\src\token.ts
@crab-dev/rc-tabs:build:library: 
@crab-dev/rc-tabs:build:library: 
@crab-dev/rc-tabs:build:library:   ⚡ WAKE / LIBRARY BUILD  v0.1.45
@crab-dev/rc-tabs:build:library: 
@crab-dev/rc-tabs:build:library:   ✓  Built library in 184ms
@crab-dev/rc-tabs:build:library:      4 modules · 13 files · 65.1 KB
@crab-dev/rc-tabs:build:library:      Output  C:\Users\zhang\Desktop\crab-dev\components\rc-tabs
@crab-dev/rc-tabs:build:library: 
@crab-dev/rc-slider:typecheck: cache miss, executing e9725482247c3bee
@crab-dev/rc-segmented:build:library: cache hit, replaying logs 555888227626ddaa
@crab-dev/rc-segmented:build:library: 
@crab-dev/rc-segmented:build:library:   ⚡ WAKE / LIBRARY TOKEN  v0.1.45
@crab-dev/rc-segmented:build:library: 
@crab-dev/rc-segmented:build:library:   ✓  Tokens generated in 58ms
@crab-dev/rc-segmented:build:library:      1 files · 11.1 KB
@crab-dev/rc-segmented:build:library:      Output  C:\Users\zhang\Desktop\crab-dev\components\rc-segmented\src\token.ts
@crab-dev/rc-segmented:build:library: 
@crab-dev/rc-segmented:build:library: 
@crab-dev/rc-segmented:build:library:   ⚡ WAKE / LIBRARY BUILD  v0.1.45
@crab-dev/rc-segmented:build:library: 
@crab-dev/rc-segmented:build:library:   ✓  Built library in 176ms
@crab-dev/rc-segmented:build:library:      3 modules · 11 files · 46.6 KB
@crab-dev/rc-segmented:build:library:      Output  C:\Users\zhang\Desktop\crab-dev\components\rc-segmented
@crab-dev/rc-segmented:build:library: 
@crab-dev/rc-auto-sizer:typecheck: cache miss, executing f0c43892b6bebe93
@crab-dev/rc-skeleton:build:library: cache hit, replaying logs a2b940544f08ca87
@crab-dev/rc-skeleton:build:library: 
@crab-dev/rc-skeleton:build:library:   ⚡ WAKE / LIBRARY TOKEN  v0.1.45
@crab-dev/rc-skeleton:build:library: 
@crab-dev/rc-skeleton:build:library:   ✓  Tokens generated in 51ms
@crab-dev/rc-skeleton:build:library:      1 files · 5.0 KB
@crab-dev/rc-skeleton:build:library:      Output  C:\Users\zhang\Desktop\crab-dev\components\rc-skeleton\src\token.ts
@crab-dev/rc-skeleton:build:library: 
@crab-dev/rc-skeleton:build:library: 
@crab-dev/rc-skeleton:build:library:   ⚡ WAKE / LIBRARY BUILD  v0.1.45
@crab-dev/rc-skeleton:build:library: 
@crab-dev/rc-skeleton:build:library:   ✓  Built library in 188ms
@crab-dev/rc-skeleton:build:library:      3 modules · 11 files · 26.6 KB
@crab-dev/rc-skeleton:build:library:      Output  C:\Users\zhang\Desktop\crab-dev\components\rc-skeleton
@crab-dev/rc-skeleton:build:library: 
@crab-dev/rc-message:build:library: cache hit, replaying logs 333f54733814cdbf
@crab-dev/rc-message:build:library: 
@crab-dev/rc-message:build:library:   ⚡ WAKE / LIBRARY TOKEN  v0.1.45
@crab-dev/rc-message:build:library: 
@crab-dev/rc-message:build:library:   ✓  Tokens generated in 48ms
@crab-dev/rc-message:build:library:      1 files · 5.0 KB
@crab-dev/rc-message:build:library:      Output  C:\Users\zhang\Desktop\crab-dev\components\rc-message\src\token.ts
@crab-dev/rc-message:build:library: 
@crab-dev/rc-message:build:library: 
@crab-dev/rc-message:build:library:   ⚡ WAKE / LIBRARY BUILD  v0.1.45
@crab-dev/rc-message:build:library: 
@crab-dev/rc-message:build:library:   ✓  Built library in 212ms
@crab-dev/rc-message:build:library:      5 modules · 16 files · 38.5 KB
@crab-dev/rc-message:build:library:      Output  C:\Users\zhang\Desktop\crab-dev\components\rc-message
@crab-dev/rc-message:build:library: 
@crab-dev/rc-split-pane:build:library: cache hit, replaying logs 031324ca012b7b2b
@crab-dev/rc-split-pane:build:library: 
@crab-dev/rc-split-pane:build:library:   ⚡ WAKE / LIBRARY TOKEN  v0.1.45
@crab-dev/rc-split-pane:build:library: 
@crab-dev/rc-split-pane:build:library:   ✓  Tokens generated in 50ms
@crab-dev/rc-split-pane:build:library:      1 files · 2.6 KB
@crab-dev/rc-split-pane:build:library:      Output  C:\Users\zhang\Desktop\crab-dev\components\rc-split-pane\src\token.ts
@crab-dev/rc-split-pane:build:library: 
@crab-dev/rc-split-pane:build:library: 
@crab-dev/rc-split-pane:build:library:   ⚡ WAKE / LIBRARY BUILD  v0.1.45
@crab-dev/rc-split-pane:build:library: 
@crab-dev/rc-split-pane:build:library:   ✓  Built library in 158ms
@crab-dev/rc-split-pane:build:library:      3 modules · 11 files · 20.4 KB
@crab-dev/rc-split-pane:build:library:      Output  C:\Users\zhang\Desktop\crab-dev\components\rc-split-pane
@crab-dev/rc-split-pane:build:library: 
@crab-dev/rc-prose:build:library: cache hit, replaying logs 4fa7db1da0cf7a4c
@crab-dev/rc-prose:build:library: 
@crab-dev/rc-prose:build:library:   ⚡ WAKE / LIBRARY TOKEN  v0.1.45
@crab-dev/rc-prose:build:library: 
@crab-dev/rc-prose:build:library:   ✓  Tokens generated in 55ms
@crab-dev/rc-prose:build:library:      1 files · 17.2 KB
@crab-dev/rc-prose:build:library:      Output  C:\Users\zhang\Desktop\crab-dev\components\rc-prose\src\token.ts
@crab-dev/rc-prose:build:library: 
@crab-dev/rc-prose:build:library: 
@crab-dev/rc-prose:build:library:   ⚡ WAKE / LIBRARY BUILD  v0.1.45
@crab-dev/rc-prose:build:library: 
@crab-dev/rc-prose:build:library:   ✓  Built library in 348ms
@crab-dev/rc-prose:build:library:      3 modules · 11 files · 72.0 KB
@crab-dev/rc-prose:build:library:      Output  C:\Users\zhang\Desktop\crab-dev\components\rc-prose
@crab-dev/rc-prose:build:library: 
@crab-dev/rc-radio:typecheck: cache miss, executing 2e02e8e640d5e054
@crab-dev/rc-switch:typecheck: cache miss, executing bd09c034c204e132
@crab-dev/rc-empty:build:library: cache hit, replaying logs 96483ee584251d49
@crab-dev/rc-empty:build:library: 
@crab-dev/rc-empty:build:library:   ⚡ WAKE / LIBRARY TOKEN  v0.1.45
@crab-dev/rc-empty:build:library: 
@crab-dev/rc-empty:build:library:   ✓  Tokens generated in 46ms
@crab-dev/rc-empty:build:library:      1 files · 2.6 KB
@crab-dev/rc-empty:build:library:      Output  C:\Users\zhang\Desktop\crab-dev\components\rc-empty\src\token.ts
@crab-dev/rc-empty:build:library: 
@crab-dev/rc-empty:build:library: 
@crab-dev/rc-empty:build:library:   ⚡ WAKE / LIBRARY BUILD  v0.1.45
@crab-dev/rc-empty:build:library: 
@crab-dev/rc-empty:build:library:   ✓  Built library in 339ms
@crab-dev/rc-empty:build:library:      6 modules · 17 files · 22.0 KB
@crab-dev/rc-empty:build:library:      Output  C:\Users\zhang\Desktop\crab-dev\components\rc-empty
@crab-dev/rc-empty:build:library: 
@crab-dev/rc-empty:typecheck: cache miss, executing 1b94df6426ac620b
@crab-dev/rc-button:build:library: cache hit, replaying logs 9ab0d67ab5542e17
@crab-dev/rc-button:build:library: 
@crab-dev/rc-button:build:library:   ⚡ WAKE / LIBRARY TOKEN  v0.1.45
@crab-dev/rc-button:build:library: 
@crab-dev/rc-button:build:library:   ✓  Tokens generated in 36ms
@crab-dev/rc-button:build:library:      1 files · 41.9 KB
@crab-dev/rc-button:build:library:      Output  C:\Users\zhang\Desktop\crab-dev\components\rc-button\src\token.ts
@crab-dev/rc-button:build:library: 
@crab-dev/rc-button:build:library: 
@crab-dev/rc-button:build:library:   ⚡ WAKE / LIBRARY BUILD  v0.1.45
@crab-dev/rc-button:build:library: 
@crab-dev/rc-button:build:library:   ✓  Built library in 496ms
@crab-dev/rc-button:build:library:      5 modules · 16 files · 156.8 KB
@crab-dev/rc-button:build:library:      Output  C:\Users\zhang\Desktop\crab-dev\components\rc-button
@crab-dev/rc-button:build:library: 
@crab-dev/rc-button:typecheck: cache miss, executing 56f739d2314ca725
@crab-dev/rc-flow-diagram:build:library: cache hit, replaying logs 3901435df167e6af
@crab-dev/rc-flow-diagram:build:library: 
@crab-dev/rc-flow-diagram:build:library:   ⚡ WAKE / LIBRARY TOKEN  v0.1.45
@crab-dev/rc-flow-diagram:build:library: 
@crab-dev/rc-flow-diagram:build:library:   ✓  Tokens generated in 31ms
@crab-dev/rc-flow-diagram:build:library:      1 files · 1.6 KB
@crab-dev/rc-flow-diagram:build:library:      Output  C:\Users\zhang\Desktop\crab-dev\components\rc-flow-diagram\src\token.ts
@crab-dev/rc-flow-diagram:build:library: 
@crab-dev/rc-flow-diagram:build:library: 
@crab-dev/rc-flow-diagram:build:library:   ⚡ WAKE / LIBRARY BUILD  v0.1.45
@crab-dev/rc-flow-diagram:build:library: 
@crab-dev/rc-flow-diagram:build:library:   ✓  Built library in 346ms
@crab-dev/rc-flow-diagram:build:library:      11 modules · 32 files · 48.7 KB
@crab-dev/rc-flow-diagram:build:library:      Output  C:\Users\zhang\Desktop\crab-dev\components\rc-flow-diagram
@crab-dev/rc-flow-diagram:build:library: 
@crab-dev/rc-flow-diagram:typecheck: cache miss, executing 7e5a1d064a48983e
@crab-dev/rc-component-preview:typecheck: cache miss, executing 7c0496d42f34c9c2
@crab-dev/rc-line-edit:build:library: cache hit, replaying logs 4762489da5724e6d
@crab-dev/rc-line-edit:build:library: 
@crab-dev/rc-line-edit:build:library:   ⚡ WAKE / LIBRARY TOKEN  v0.1.45
@crab-dev/rc-line-edit:build:library: 
@crab-dev/rc-line-edit:build:library:   ✓  Tokens generated in 83ms
@crab-dev/rc-line-edit:build:library:      1 files · 15.9 KB
@crab-dev/rc-line-edit:build:library:      Output  C:\Users\zhang\Desktop\crab-dev\components\rc-line-edit\src\token.ts
@crab-dev/rc-line-edit:build:library: 
@crab-dev/rc-line-edit:build:library: 
@crab-dev/rc-line-edit:build:library:   ⚡ WAKE / LIBRARY BUILD  v0.1.45
@crab-dev/rc-line-edit:build:library: 
@crab-dev/rc-line-edit:build:library:   ✓  Built library in 449ms
@crab-dev/rc-line-edit:build:library:      3 modules · 10 files · 69.5 KB
@crab-dev/rc-line-edit:build:library:      Output  C:\Users\zhang\Desktop\crab-dev\components\rc-line-edit
@crab-dev/rc-line-edit:build:library: 
@crab-dev/rc-spin:typecheck: cache miss, executing 32770bebcea707b0
@crab-dev/rc-bar-chart:build:library: cache hit, replaying logs 762cb632a2f366fe
@crab-dev/rc-bar-chart:build:library: 
@crab-dev/rc-bar-chart:build:library:   ⚡ WAKE / LIBRARY TOKEN  v0.1.45
@crab-dev/rc-bar-chart:build:library: 
@crab-dev/rc-bar-chart:build:library:   ✓  Tokens generated in 57ms
@crab-dev/rc-bar-chart:build:library:      1 files · 10.1 KB
@crab-dev/rc-bar-chart:build:library:      Output  C:\Users\zhang\Desktop\crab-dev\components\rc-bar-chart\src\token.ts
@crab-dev/rc-bar-chart:build:library: 
@crab-dev/rc-bar-chart:build:library: 
@crab-dev/rc-bar-chart:build:library:   ⚡ WAKE / LIBRARY BUILD  v0.1.45
@crab-dev/rc-bar-chart:build:library: 
@crab-dev/rc-bar-chart:build:library:   ✓  Built library in 756ms
@crab-dev/rc-bar-chart:build:library:      7 modules · 20 files · 110.3 KB
@crab-dev/rc-bar-chart:build:library:      Output  C:\Users\zhang\Desktop\crab-dev\components\rc-bar-chart
@crab-dev/rc-bar-chart:build:library: 
@crab-dev/rc-breadcrumbs:build:library: cache hit, replaying logs e30063d86d5d34e1
@crab-dev/rc-breadcrumbs:build:library: 
@crab-dev/rc-breadcrumbs:build:library:   ⚡ WAKE / LIBRARY TOKEN  v0.1.45
@crab-dev/rc-breadcrumbs:build:library: 
@crab-dev/rc-breadcrumbs:build:library:   ✓  Tokens generated in 59ms
@crab-dev/rc-breadcrumbs:build:library:      1 files · 3.8 KB
@crab-dev/rc-breadcrumbs:build:library:      Output  C:\Users\zhang\Desktop\crab-dev\components\rc-breadcrumbs\src\token.ts
@crab-dev/rc-breadcrumbs:build:library: 
@crab-dev/rc-breadcrumbs:build:library: 
@crab-dev/rc-breadcrumbs:build:library:   ⚡ WAKE / LIBRARY BUILD  v0.1.45
@crab-dev/rc-breadcrumbs:build:library: 
@crab-dev/rc-breadcrumbs:build:library:   ✓  Built library in 331ms
@crab-dev/rc-breadcrumbs:build:library:      3 modules · 11 files · 21.0 KB
@crab-dev/rc-breadcrumbs:build:library:      Output  C:\Users\zhang\Desktop\crab-dev\components\rc-breadcrumbs
@crab-dev/rc-breadcrumbs:build:library: 
@crab-dev/rc-avatar:typecheck: cache miss, executing a6d58c107b688356
@crab-dev/rc-text-edit:typecheck: cache miss, executing 7b499b856645fb13
@crab-dev/rc-realm:typecheck: cache miss, executing 116386a9176b5d39
@crab-dev/rc-breadcrumbs:typecheck: cache miss, executing 45bdf95bc8f2f17f
@crab-dev/rc-divider:typecheck: cache miss, executing 4a80033a12a13585
@crab-dev/rc-drawer:build:library: cache hit, replaying logs 8af8f6a60dd6a5ea
@crab-dev/rc-drawer:build:library: 
@crab-dev/rc-drawer:build:library:   ⚡ WAKE / LIBRARY TOKEN  v0.1.45
@crab-dev/rc-drawer:build:library: 
@crab-dev/rc-drawer:build:library:   ✓  Tokens generated in 60ms
@crab-dev/rc-drawer:build:library:      1 files · 8.5 KB
@crab-dev/rc-drawer:build:library:      Output  C:\Users\zhang\Desktop\crab-dev\components\rc-drawer\src\token.ts
@crab-dev/rc-drawer:build:library: 
@crab-dev/rc-drawer:build:library: 
@crab-dev/rc-drawer:build:library:   ⚡ WAKE / LIBRARY BUILD  v0.1.45
@crab-dev/rc-drawer:build:library: 
@crab-dev/rc-drawer:build:library:   ✓  Built library in 380ms
@crab-dev/rc-drawer:build:library:      3 modules · 10 files · 40.5 KB
@crab-dev/rc-drawer:build:library:      Output  C:\Users\zhang\Desktop\crab-dev\components\rc-drawer
@crab-dev/rc-drawer:build:library: 
@crab-dev/rc-drawer:typecheck: cache miss, executing 7214f9fe2381d8e5
@crab-dev/rc-bar-chart:typecheck: cache miss, executing 703419d87e03635b
@crab-dev/rc-notification:typecheck: cache miss, executing 4050923abeccf171
@crab-dev/rc-text-edit:build:library: cache hit, replaying logs 346b5440917ea31c
@crab-dev/rc-text-edit:build:library: 
@crab-dev/rc-text-edit:build:library:   ⚡ WAKE / LIBRARY TOKEN  v0.1.45
@crab-dev/rc-text-edit:build:library: 
@crab-dev/rc-text-edit:build:library:   ✓  Tokens generated in 57ms
@crab-dev/rc-text-edit:build:library:      1 files · 15.5 KB
@crab-dev/rc-text-edit:build:library:      Output  C:\Users\zhang\Desktop\crab-dev\components\rc-text-edit\src\token.ts
@crab-dev/rc-text-edit:build:library: 
@crab-dev/rc-text-edit:build:library: 
@crab-dev/rc-text-edit:build:library:   ⚡ WAKE / LIBRARY BUILD  v0.1.45
@crab-dev/rc-text-edit:build:library: 
@crab-dev/rc-text-edit:build:library:   ✓  Built library in 648ms
@crab-dev/rc-text-edit:build:library:      3 modules · 10 files · 66.5 KB
@crab-dev/rc-text-edit:build:library:      Output  C:\Users\zhang\Desktop\crab-dev\components\rc-text-edit
@crab-dev/rc-text-edit:build:library: 
@crab-dev/rc-virtual:build:library: cache hit, replaying logs 64b0b36aed106b50
@crab-dev/rc-virtual:build:library: 
@crab-dev/rc-virtual:build:library:   ⚡ WAKE / LIBRARY TOKEN  v0.1.45
@crab-dev/rc-virtual:build:library: 
@crab-dev/rc-virtual:build:library:   ✓  Tokens generated in 70ms
@crab-dev/rc-virtual:build:library:      1 files · 1003 B
@crab-dev/rc-virtual:build:library:      Output  C:\Users\zhang\Desktop\crab-dev\components\rc-virtual\src\token.ts
@crab-dev/rc-virtual:build:library: 
@crab-dev/rc-virtual:build:library: 
@crab-dev/rc-virtual:build:library:   ⚡ WAKE / LIBRARY BUILD  v0.1.45
@crab-dev/rc-virtual:build:library: 
@crab-dev/rc-virtual:build:library:   ✓  Built library in 390ms
@crab-dev/rc-virtual:build:library:      8 modules · 21 files · 63.2 KB
@crab-dev/rc-virtual:build:library:      Output  C:\Users\zhang\Desktop\crab-dev\components\rc-virtual
@crab-dev/rc-virtual:build:library: 
@crab-dev/rc-avatar:build:library: cache hit, replaying logs 25b54a25c0e47c85
@crab-dev/rc-avatar:build:library: 
@crab-dev/rc-avatar:build:library:   ⚡ WAKE / LIBRARY TOKEN  v0.1.45
@crab-dev/rc-avatar:build:library: 
@crab-dev/rc-avatar:build:library:   ✓  Tokens generated in 54ms
@crab-dev/rc-avatar:build:library:      1 files · 9.4 KB
@crab-dev/rc-avatar:build:library:      Output  C:\Users\zhang\Desktop\crab-dev\components\rc-avatar\src\token.ts
@crab-dev/rc-avatar:build:library: 
@crab-dev/rc-avatar:build:library: 
@crab-dev/rc-avatar:build:library:   ⚡ WAKE / LIBRARY BUILD  v0.1.45
@crab-dev/rc-avatar:build:library: 
@crab-dev/rc-avatar:build:library:   ✓  Built library in 559ms
@crab-dev/rc-avatar:build:library:      4 modules · 14 files · 52.2 KB
@crab-dev/rc-avatar:build:library:      Output  C:\Users\zhang\Desktop\crab-dev\components\rc-avatar
@crab-dev/rc-avatar:build:library: 
@crab-dev/rc-notification:build:library: cache hit, replaying logs 0b576d46b2067c44
@crab-dev/rc-notification:build:library: 
@crab-dev/rc-notification:build:library:   ⚡ WAKE / LIBRARY TOKEN  v0.1.45
@crab-dev/rc-notification:build:library: 
@crab-dev/rc-notification:build:library:   ✓  Tokens generated in 62ms
@crab-dev/rc-notification:build:library:      1 files · 6.9 KB
@crab-dev/rc-notification:build:library:      Output  C:\Users\zhang\Desktop\crab-dev\components\rc-notification\src\token.ts
@crab-dev/rc-notification:build:library: 
@crab-dev/rc-notification:build:library: 
@crab-dev/rc-notification:build:library:   ⚡ WAKE / LIBRARY BUILD  v0.1.45
@crab-dev/rc-notification:build:library: 
@crab-dev/rc-notification:build:library:   ✓  Built library in 633ms
@crab-dev/rc-notification:build:library:      6 modules · 18 files · 47.7 KB
@crab-dev/rc-notification:build:library:      Output  C:\Users\zhang\Desktop\crab-dev\components\rc-notification
@crab-dev/rc-notification:build:library: 
@crab-dev/rc-divider:build:library: cache hit, replaying logs 2acb144b7f97342f
@crab-dev/rc-divider:build:library: 
@crab-dev/rc-divider:build:library:   ⚡ WAKE / LIBRARY TOKEN  v0.1.45
@crab-dev/rc-divider:build:library: 
@crab-dev/rc-divider:build:library:   ✓  Tokens generated in 70ms
@crab-dev/rc-divider:build:library:      1 files · 2.9 KB
@crab-dev/rc-divider:build:library:      Output  C:\Users\zhang\Desktop\crab-dev\components\rc-divider\src\token.ts
@crab-dev/rc-divider:build:library: 
@crab-dev/rc-divider:build:library: 
@crab-dev/rc-divider:build:library:   ⚡ WAKE / LIBRARY BUILD  v0.1.45
@crab-dev/rc-divider:build:library: 
@crab-dev/rc-divider:build:library:   ✓  Built library in 132ms
@crab-dev/rc-divider:build:library:      3 modules · 10 files · 19.8 KB
@crab-dev/rc-divider:build:library:      Output  C:\Users\zhang\Desktop\crab-dev\components\rc-divider
@crab-dev/rc-divider:build:library: 
@crab-dev/rc-virtual:typecheck: cache miss, executing 368bb760bddd5a61
@crab-dev/rc-realm:build:library: cache hit, replaying logs 7544eb739e7d10c9
@crab-dev/rc-realm:build:library: 
@crab-dev/rc-realm:build:library:   ⚡ WAKE / LIBRARY TOKEN  v0.1.45
@crab-dev/rc-realm:build:library: 
@crab-dev/rc-realm:build:library:   ✓  Tokens generated in 73ms
@crab-dev/rc-realm:build:library:      1 files · 677 B
@crab-dev/rc-realm:build:library:      Output  C:\Users\zhang\Desktop\crab-dev\components\rc-realm\src\token.ts
@crab-dev/rc-realm:build:library: 
@crab-dev/rc-realm:build:library: 
@crab-dev/rc-realm:build:library:   ⚡ WAKE / LIBRARY BUILD  v0.1.45
@crab-dev/rc-realm:build:library: 
@crab-dev/rc-realm:build:library:   ✓  Built library in 548ms
@crab-dev/rc-realm:build:library:      9 modules · 24 files · 46.5 KB
@crab-dev/rc-realm:build:library:      Output  C:\Users\zhang\Desktop\crab-dev\components\rc-realm
@crab-dev/rc-realm:build:library: 
@crab-dev/rc-line-edit:typecheck: cache miss, executing 40535f387b0c4598
@crab-dev/rc-dropdown-container:typecheck: cache miss, executing 445937b56a9800e5
@crab-dev/rc-dropdown-container:build:library: cache hit, replaying logs ed4a41a2737b8205
@crab-dev/rc-dropdown-container:build:library: 
@crab-dev/rc-dropdown-container:build:library:   ⚡ WAKE / LIBRARY TOKEN  v0.1.45
@crab-dev/rc-dropdown-container:build:library: 
@crab-dev/rc-dropdown-container:build:library:   ✓  Tokens generated in 42ms
@crab-dev/rc-dropdown-container:build:library:      1 files · 3.7 KB
@crab-dev/rc-dropdown-container:build:library:      Output  C:\Users\zhang\Desktop\crab-dev\components\rc-dropdown-container\src\token.ts
@crab-dev/rc-dropdown-container:build:library: 
@crab-dev/rc-dropdown-container:build:library: 
@crab-dev/rc-dropdown-container:build:library:   ⚡ WAKE / LIBRARY BUILD  v0.1.45
@crab-dev/rc-dropdown-container:build:library: 
@crab-dev/rc-dropdown-container:build:library:   ✓  Built library in 190ms
@crab-dev/rc-dropdown-container:build:library:      5 modules · 16 files · 22.7 KB
@crab-dev/rc-dropdown-container:build:library:      Output  C:\Users\zhang\Desktop\crab-dev\components\rc-dropdown-container
@crab-dev/rc-dropdown-container:build:library: 
@crab-dev/rc-number-edit:typecheck: cache miss, executing 524ad2e749537a3c
@crab-dev/rc-number-edit:build:library: cache hit, replaying logs a9f0e15f36d376cf
@crab-dev/rc-number-edit:build:library: 
@crab-dev/rc-number-edit:build:library:   ⚡ WAKE / LIBRARY TOKEN  v0.1.45
@crab-dev/rc-number-edit:build:library: 
@crab-dev/rc-number-edit:build:library:   ✓  Tokens generated in 43ms
@crab-dev/rc-number-edit:build:library:      1 files · 5.9 KB
@crab-dev/rc-number-edit:build:library:      Output  C:\Users\zhang\Desktop\crab-dev\components\rc-number-edit\src\token.ts
@crab-dev/rc-number-edit:build:library: 
@crab-dev/rc-number-edit:build:library: 
@crab-dev/rc-number-edit:build:library:   ⚡ WAKE / LIBRARY BUILD  v0.1.45
@crab-dev/rc-number-edit:build:library: 
@crab-dev/rc-number-edit:build:library:   ✓  Built library in 540ms
@crab-dev/rc-number-edit:build:library:      7 modules · 19 files · 53.0 KB
@crab-dev/rc-number-edit:build:library:      Output  C:\Users\zhang\Desktop\crab-dev\components\rc-number-edit
@crab-dev/rc-number-edit:build:library: 
@crab-dev/rc-tree:build:library: cache hit, replaying logs 16c6153cac79c74e
@crab-dev/rc-tree:build:library: 
@crab-dev/rc-tree:build:library:   ⚡ WAKE / LIBRARY TOKEN  v0.1.45
@crab-dev/rc-tree:build:library: 
@crab-dev/rc-tree:build:library:   ✓  Tokens generated in 38ms
@crab-dev/rc-tree:build:library:      1 files · 10.4 KB
@crab-dev/rc-tree:build:library:      Output  C:\Users\zhang\Desktop\crab-dev\components\rc-tree\src\token.ts
@crab-dev/rc-tree:build:library: 
@crab-dev/rc-tree:build:library: 
@crab-dev/rc-tree:build:library:   ⚡ WAKE / LIBRARY BUILD  v0.1.45
@crab-dev/rc-tree:build:library: 
@crab-dev/rc-tree:build:library:   ✓  Built library in 475ms
@crab-dev/rc-tree:build:library:      8 modules · 24 files · 117.9 KB
@crab-dev/rc-tree:build:library:      Output  C:\Users\zhang\Desktop\crab-dev\components\rc-tree
@crab-dev/rc-tree:build:library: 
@crab-dev/rc-tree:typecheck: cache miss, executing 122246fd605adada
@crab-dev/rc-app-main-layout:typecheck: cache miss, executing 955b137f095eb676
@crab-dev/rc-card:build:library: cache hit, replaying logs 5d23c04b7ef561cf
@crab-dev/rc-card:build:library: 
@crab-dev/rc-card:build:library:   ⚡ WAKE / LIBRARY TOKEN  v0.1.45
@crab-dev/rc-card:build:library: 
@crab-dev/rc-card:build:library:   ✓  Tokens generated in 41ms
@crab-dev/rc-card:build:library:      1 files · 15.0 KB
@crab-dev/rc-card:build:library:      Output  C:\Users\zhang\Desktop\crab-dev\components\rc-card\src\token.ts
@crab-dev/rc-card:build:library: 
@crab-dev/rc-card:build:library: 
@crab-dev/rc-card:build:library:   ⚡ WAKE / LIBRARY BUILD  v0.1.45
@crab-dev/rc-card:build:library: 
@crab-dev/rc-card:build:library:   ✓  Built library in 421ms
@crab-dev/rc-card:build:library:      9 modules · 23 files · 68.3 KB
@crab-dev/rc-card:build:library:      Output  C:\Users\zhang\Desktop\crab-dev\components\rc-card
@crab-dev/rc-card:build:library: 
@crab-dev/rc-card:typecheck: cache miss, executing 80d0cacabbe6b309
@crab-dev/rc-app-main-layout:build:library: cache hit, replaying logs a67f12c447fa4b4b
@crab-dev/rc-app-main-layout:build:library: 
@crab-dev/rc-app-main-layout:build:library:   ⚡ WAKE / LIBRARY TOKEN  v0.1.45
@crab-dev/rc-app-main-layout:build:library: 
@crab-dev/rc-app-main-layout:build:library:   ✓  Tokens generated in 52ms
@crab-dev/rc-app-main-layout:build:library:      1 files · 29.4 KB
@crab-dev/rc-app-main-layout:build:library:      Output  C:\Users\zhang\Desktop\crab-dev\components\rc-app-main-layout\src\token.ts
@crab-dev/rc-app-main-layout:build:library: 
@crab-dev/rc-app-main-layout:build:library: 
@crab-dev/rc-app-main-layout:build:library:   ⚡ WAKE / LIBRARY BUILD  v0.1.45
@crab-dev/rc-app-main-layout:build:library: 
@crab-dev/rc-app-main-layout:build:library:   ✓  Built library in 667ms
@crab-dev/rc-app-main-layout:build:library:      12 modules · 35 files · 219.2 KB
@crab-dev/rc-app-main-layout:build:library:      Output  C:\Users\zhang\Desktop\crab-dev\components\rc-app-main-layout
@crab-dev/rc-app-main-layout:build:library: 
@crab-dev/rc-select:build:library: cache hit, replaying logs 251a3fdc9bf6cb17
@crab-dev/rc-select:build:library: 
@crab-dev/rc-select:build:library:   ⚡ WAKE / LIBRARY TOKEN  v0.1.45
@crab-dev/rc-select:build:library: 
@crab-dev/rc-select:build:library:   ✓  Tokens generated in 33ms
@crab-dev/rc-select:build:library:      1 files · 21.1 KB
@crab-dev/rc-select:build:library:      Output  C:\Users\zhang\Desktop\crab-dev\components\rc-select\src\token.ts
@crab-dev/rc-select:build:library: 
@crab-dev/rc-select:build:library: 
@crab-dev/rc-select:build:library:   ⚡ WAKE / LIBRARY BUILD  v0.1.45
@crab-dev/rc-select:build:library: 
@crab-dev/rc-select:build:library:   ✓  Built library in 382ms
@crab-dev/rc-select:build:library:      6 modules · 17 files · 131.2 KB
@crab-dev/rc-select:build:library:      Output  C:\Users\zhang\Desktop\crab-dev\components\rc-select
@crab-dev/rc-select:build:library: 
@crab-dev/rc-select:typecheck: cache miss, executing 5cbf48a5b55c8b2c
@crab-dev/rc-date-picker:typecheck: cache miss, executing 9970cd026304a82a
@crab-dev/rc-date-picker:build:library: cache hit, replaying logs e3dae59e9cf8f722
@crab-dev/rc-date-picker:build:library: 
@crab-dev/rc-date-picker:build:library:   ⚡ WAKE / LIBRARY TOKEN  v0.1.45
@crab-dev/rc-date-picker:build:library: 
@crab-dev/rc-date-picker:build:library:   ✓  Tokens generated in 40ms
@crab-dev/rc-date-picker:build:library:      1 files · 9.2 KB
@crab-dev/rc-date-picker:build:library:      Output  C:\Users\zhang\Desktop\crab-dev\components\rc-date-picker\src\token.ts
@crab-dev/rc-date-picker:build:library: 
@crab-dev/rc-date-picker:build:library: 
@crab-dev/rc-date-picker:build:library:   ⚡ WAKE / LIBRARY BUILD  v0.1.45
@crab-dev/rc-date-picker:build:library: 
@crab-dev/rc-date-picker:build:library:   ✓  Built library in 431ms
@crab-dev/rc-date-picker:build:library:      20 modules · 54 files · 112.9 KB
@crab-dev/rc-date-picker:build:library:      Output  C:\Users\zhang\Desktop\crab-dev\components\rc-date-picker
@crab-dev/rc-date-picker:build:library: 
@crab-dev/rc-form:typecheck: cache miss, executing 7a040fe7531c1460
@crab-dev/rc-cron-picker:typecheck: cache miss, executing 86e331242a949e65
@crab-dev/rc-color-picker:build:library: cache hit, replaying logs 6be1fc92e6b9c107
@crab-dev/rc-color-picker:build:library: 
@crab-dev/rc-color-picker:build:library:   ⚡ WAKE / LIBRARY TOKEN  v0.1.45
@crab-dev/rc-color-picker:build:library: 
@crab-dev/rc-color-picker:build:library:   ✓  Tokens generated in 38ms
@crab-dev/rc-color-picker:build:library:      1 files · 8.6 KB
@crab-dev/rc-color-picker:build:library:      Output  C:\Users\zhang\Desktop\crab-dev\components\rc-color-picker\src\token.ts
@crab-dev/rc-color-picker:build:library: 
@crab-dev/rc-color-picker:build:library: 
@crab-dev/rc-color-picker:build:library:   ⚡ WAKE / LIBRARY BUILD  v0.1.45
@crab-dev/rc-color-picker:build:library: 
@crab-dev/rc-color-picker:build:library:   ✓  Built library in 502ms
@crab-dev/rc-color-picker:build:library:      9 modules · 24 files · 72.1 KB
@crab-dev/rc-color-picker:build:library:      Output  C:\Users\zhang\Desktop\crab-dev\components\rc-color-picker
@crab-dev/rc-color-picker:build:library: 
@crab-dev/rc-table:typecheck: cache miss, executing d5789bfad154ddaf
@crab-dev/rc-form:build:library: cache hit, replaying logs 9c3572b1fc8fe04c
@crab-dev/rc-form:build:library: 
@crab-dev/rc-form:build:library:   ⚡ WAKE / LIBRARY TOKEN  v0.1.45
@crab-dev/rc-form:build:library: 
@crab-dev/rc-form:build:library:   ✓  Tokens generated in 43ms
@crab-dev/rc-form:build:library:      1 files · 2.8 KB
@crab-dev/rc-form:build:library:      Output  C:\Users\zhang\Desktop\crab-dev\components\rc-form\src\token.ts
@crab-dev/rc-form:build:library: 
@crab-dev/rc-form:build:library: 
@crab-dev/rc-form:build:library:   ⚡ WAKE / LIBRARY BUILD  v0.1.45
@crab-dev/rc-form:build:library: 
@crab-dev/rc-form:build:library:   ✓  Built library in 313ms
@crab-dev/rc-form:build:library:      10 modules · 27 files · 62.8 KB
@crab-dev/rc-form:build:library:      Output  C:\Users\zhang\Desktop\crab-dev\components\rc-form
@crab-dev/rc-form:build:library: 
@crab-dev/rc-pagination:typecheck: cache miss, executing 1096bbf5ffe529f6
@crab-dev/rc-cron-picker:build:library: cache hit, replaying logs 9d257c2efa9b718f
@crab-dev/rc-cron-picker:build:library: 
@crab-dev/rc-cron-picker:build:library:   ⚡ WAKE / LIBRARY TOKEN  v0.1.45
@crab-dev/rc-cron-picker:build:library: 
@crab-dev/rc-cron-picker:build:library:   ✓  Tokens generated in 54ms
@crab-dev/rc-cron-picker:build:library:      1 files · 4.9 KB
@crab-dev/rc-cron-picker:build:library:      Output  C:\Users\zhang\Desktop\crab-dev\components\rc-cron-picker\src\token.ts
@crab-dev/rc-cron-picker:build:library: 
@crab-dev/rc-cron-picker:build:library: 
@crab-dev/rc-cron-picker:build:library:   ⚡ WAKE / LIBRARY BUILD  v0.1.45
@crab-dev/rc-cron-picker:build:library: 
@crab-dev/rc-cron-picker:build:library:   ✓  Built library in 577ms
@crab-dev/rc-cron-picker:build:library:      7 modules · 20 files · 75.0 KB
@crab-dev/rc-cron-picker:build:library:      Output  C:\Users\zhang\Desktop\crab-dev\components\rc-cron-picker
@crab-dev/rc-cron-picker:build:library: 
@crab-dev/rc-pagination:build:library: cache hit, replaying logs 413f17b0ad5dc9e5
@crab-dev/rc-pagination:build:library: 
@crab-dev/rc-pagination:build:library:   ⚡ WAKE / LIBRARY TOKEN  v0.1.45
@crab-dev/rc-pagination:build:library: 
@crab-dev/rc-pagination:build:library:   ✓  Tokens generated in 52ms
@crab-dev/rc-pagination:build:library:      1 files · 10.4 KB
@crab-dev/rc-pagination:build:library:      Output  C:\Users\zhang\Desktop\crab-dev\components\rc-pagination\src\token.ts
@crab-dev/rc-pagination:build:library: 
@crab-dev/rc-pagination:build:library: 
@crab-dev/rc-pagination:build:library:   ⚡ WAKE / LIBRARY BUILD  v0.1.45
@crab-dev/rc-pagination:build:library: 
@crab-dev/rc-pagination:build:library:   ✓  Built library in 413ms
@crab-dev/rc-pagination:build:library:      3 modules · 11 files · 61.6 KB
@crab-dev/rc-pagination:build:library:      Output  C:\Users\zhang\Desktop\crab-dev\components\rc-pagination
@crab-dev/rc-pagination:build:library: 
@crab-dev/rc-color-picker:typecheck: cache miss, executing 41a649bc76263d41
@crab-dev/rc-table:build:library: cache hit, replaying logs 298617c123941798
@crab-dev/rc-table:build:library: 
@crab-dev/rc-table:build:library:   ⚡ WAKE / LIBRARY TOKEN  v0.1.45
@crab-dev/rc-table:build:library: 
@crab-dev/rc-table:build:library:   ✓  Tokens generated in 53ms
@crab-dev/rc-table:build:library:      1 files · 26.3 KB
@crab-dev/rc-table:build:library:      Output  C:\Users\zhang\Desktop\crab-dev\components\rc-table\src\token.ts
@crab-dev/rc-table:build:library: 
@crab-dev/rc-table:build:library: 
@crab-dev/rc-table:build:library:   ⚡ WAKE / LIBRARY BUILD  v0.1.45
@crab-dev/rc-table:build:library: 
@crab-dev/rc-table:build:library:   ✓  Built library in 848ms
@crab-dev/rc-table:build:library:      27 modules · 63 files · 422.2 KB
@crab-dev/rc-table:build:library:      Output  C:\Users\zhang\Desktop\crab-dev\components\rc-table
@crab-dev/rc-table:build:library: 
@crab-dev/rc-dialog:build:library: cache hit, replaying logs 8dc8aff4d3516c7e
@crab-dev/rc-dialog:build:library: 
@crab-dev/rc-dialog:build:library:   ⚡ WAKE / LIBRARY TOKEN  v0.1.45
@crab-dev/rc-dialog:build:library: 
@crab-dev/rc-dialog:build:library:   ✓  Tokens generated in 26ms
@crab-dev/rc-dialog:build:library:      1 files · 6.2 KB
@crab-dev/rc-dialog:build:library:      Output  C:\Users\zhang\Desktop\crab-dev\components\rc-dialog\src\token.ts
@crab-dev/rc-dialog:build:library: 
@crab-dev/rc-dialog:build:library: 
@crab-dev/rc-dialog:build:library:   ⚡ WAKE / LIBRARY BUILD  v0.1.45
@crab-dev/rc-dialog:build:library: 
@crab-dev/rc-dialog:build:library:   ✓  Built library in 254ms
@crab-dev/rc-dialog:build:library:      4 modules · 13 files · 42.1 KB
@crab-dev/rc-dialog:build:library:      Output  C:\Users\zhang\Desktop\crab-dev\components\rc-dialog
@crab-dev/rc-dialog:build:library: 
@crab-dev/rc-dialog:typecheck: cache miss, executing 93c5353e7346ace3
@crab-dev/rc-table-pro:build:library: cache hit, replaying logs a2d7458634eb72dd
@crab-dev/rc-table-pro:build:library: 
@crab-dev/rc-table-pro:build:library:   ⚡ WAKE / LIBRARY TOKEN  v0.1.45
@crab-dev/rc-table-pro:build:library: 
@crab-dev/rc-table-pro:build:library:   ✓  Tokens generated in 38ms
@crab-dev/rc-table-pro:build:library:      1 files · 7.7 KB
@crab-dev/rc-table-pro:build:library:      Output  C:\Users\zhang\Desktop\crab-dev\components\rc-table-pro\src\token.ts
@crab-dev/rc-table-pro:build:library: 
@crab-dev/rc-table-pro:build:library: 
@crab-dev/rc-table-pro:build:library:   ⚡ WAKE / LIBRARY BUILD  v0.1.45
@crab-dev/rc-table-pro:build:library: 
@crab-dev/rc-table-pro:build:library:   ✓  Built library in 410ms
@crab-dev/rc-table-pro:build:library:      9 modules · 23 files · 140.2 KB
@crab-dev/rc-table-pro:build:library:      Output  C:\Users\zhang\Desktop\crab-dev\components\rc-table-pro
@crab-dev/rc-table-pro:build:library: 
@crab-dev/rc-table-pro:typecheck: cache miss, executing 7777a374b11533ed
@crab-dev/rc-pdf-editor:typecheck: cache miss, executing 0734c60729dd5612
@crab-dev/rc-pdf-editor:build:library: cache hit, replaying logs 877ce9cd911157d7
@crab-dev/rc-pdf-editor:build:library: 
@crab-dev/rc-pdf-editor:build:library:   ⚡ WAKE / LIBRARY TOKEN  v0.1.45
@crab-dev/rc-pdf-editor:build:library: 
@crab-dev/rc-pdf-editor:build:library:   ✓  Tokens generated in 25ms
@crab-dev/rc-pdf-editor:build:library:      1 files · 13.5 KB
@crab-dev/rc-pdf-editor:build:library:      Output  C:\Users\zhang\Desktop\crab-dev\components\rc-pdf-editor\src\token.ts
@crab-dev/rc-pdf-editor:build:library: 
@crab-dev/rc-pdf-editor:build:library: 
@crab-dev/rc-pdf-editor:build:library:   ⚡ WAKE / LIBRARY BUILD  v0.1.45
@crab-dev/rc-pdf-editor:build:library: 
@crab-dev/rc-pdf-editor:build:library:   ✓  Built library in 720ms
@crab-dev/rc-pdf-editor:build:library:      35 modules · 88 files · 426.7 KB
@crab-dev/rc-pdf-editor:build:library:      Output  C:\Users\zhang\Desktop\crab-dev\components\rc-pdf-editor
@crab-dev/rc-pdf-editor:build:library: 
@crab-dev/rc-pdf-editor:build:library: 
@crab-dev/rc-pdf-editor:build:library:   ⚡ WAKE / BUNDLE  v0.1.45
@crab-dev/rc-pdf-editor:build:library: 
@crab-dev/rc-pdf-editor:build:library:   ✓  Bundled in 221ms
@crab-dev/rc-pdf-editor:build:library:      8 modules · 1 files · 307.5 KB
@crab-dev/rc-pdf-editor:build:library: 
@crab-dev/rc-pdf-editor:build:library: Web Component: 8815425 bytes (3194300 bytes gzip), 19 stylesheets; React, CSS, Worker and WASM included.
@crab-dev/website:typecheck: cache miss, executing 7b5cbfa9da4feb53

 Tasks:    110 successful, 110 total
Cached:    57 cached, 110 total
  Time:    20.883s 

