// Jest Snapshot v1, https://goo.gl/fbAQLP

exports[`getLoadReadyTreeNodeData should group nodes by their parent 1`] = `
[
  {
    "depth": 0,
    "id": 1,
    "loadState": 0,
    "parent": null,
    "title": "标题 一",
    "type": 0,
  },
  {
    "depth": 1,
    "id": 5,
    "loadState": 0,
    "parent": {
      "id": 1,
      "loadState": 0,
      "parent": null,
      "title": "标题 一",
      "type": 0,
    },
    "title": "标题 五",
    "type": 0,
  },
  {
    "depth": 1,
    "id": 6,
    "loadState": 0,
    "parent": {
      "id": 5,
      "loadState": 0,
      "parent": {
        "id": 1,
        "loadState": 0,
        "parent": null,
        "title": "标题 一",
        "type": 0,
      },
      "title": "标题 五",
      "type": 0,
    },
    "title": "标题 六",
    "type": 0,
  },
  {
    "depth": 0,
    "id": 2,
    "loadState": 0,
    "parent": null,
    "title": "标题 二",
    "type": 0,
  },
  {
    "depth": 0,
    "id": 3,
    "loadState": 0,
    "parent": null,
    "title": "标题 三",
    "type": 0,
  },
  {
    "depth": 0,
    "id": 4,
    "loadState": 0,
    "parent": null,
    "title": "标题 四",
    "type": 0,
  },
]
`;
