MEASURED components-rc-dialog-light-320: 305px, 6392px high
MEASURED components-rc-dialog-light-768: 753px, 5049px high
MEASURED components-rc-dialog-light-1440: 1425px, 4382px high
MEASURED components-rc-dialog-dark-320: 305px, 6392px high
MEASURED components-rc-dialog-dark-768: 753px, 5049px high
MEASURED components-rc-dialog-dark-1440: 1425px, 4382px high
MEASURED components-rc-number-edit-light-320: 305px, 7029px high
MEASURED components-rc-number-edit-light-768: 753px, 5745px high
MEASURED components-rc-number-edit-light-1440: 1425px, 5154px high
MEASURED components-rc-number-edit-dark-320: 305px, 7029px high
MEASURED components-rc-number-edit-dark-768: 753px, 5745px high
MEASURED components-rc-number-edit-dark-1440: 1425px, 5154px high
MEASURED components-rc-select-light-320: 305px, 7531px high
MEASURED components-rc-select-light-768: 753px, 6244px high
MEASURED components-rc-select-light-1440: 1425px, 5839px high
MEASURED components-rc-select-dark-320: 305px, 7531px high
MEASURED components-rc-select-dark-768: 753px, 6244px high
MEASURED components-rc-select-dark-1440: 1425px, 5839px high
MEASURED design-inputs-light-320: 305px, 9089px high
MEASURED design-inputs-light-768: 753px, 6623px high
MEASURED design-inputs-light-1440: 1425px, 5032px high
MEASURED design-inputs-dark-320: 305px, 9089px high
MEASURED design-inputs-dark-768: 753px, 6623px high
MEASURED design-inputs-dark-1440: 1425px, 5032px high
MEASURED design-overlays-light-320: 305px, 8400px high
MEASURED design-overlays-light-768: 753px, 6238px high
MEASURED design-overlays-light-1440: 1425px, 4777px high
MEASURED design-overlays-dark-320: 305px, 8400px high
MEASURED design-overlays-dark-768: 753px, 6238px high
MEASURED design-overlays-dark-1440: 1425px, 4777px high
MEASURED design-forms-light-320: 305px, 10618px high
MEASURED design-forms-light-768: 753px, 8202px high
MEASURED design-forms-light-1440: 1425px, 6388px high
MEASURED design-forms-dark-320: 305px, 10618px high
MEASURED design-forms-dark-768: 753px, 8202px high
MEASURED design-forms-dark-1440: 1425px, 6388px high
