MEASURED components-rc-alert-light-320: 305px, 5013px high
MEASURED components-rc-alert-light-768: 753px, 4190px high
MEASURED components-rc-alert-light-1440: 1425px, 3997px high
MEASURED components-rc-alert-dark-320: 305px, 5013px high
MEASURED components-rc-alert-dark-768: 753px, 4190px high
MEASURED components-rc-alert-dark-1440: 1425px, 3997px high
MEASURED components-rc-app-main-layout-light-320: 305px, 5848px high
MEASURED components-rc-app-main-layout-light-768: 753px, 5006px high
MEASURED components-rc-app-main-layout-light-1440: 1425px, 4856px high
MEASURED components-rc-app-main-layout-dark-320: 305px, 5848px high
MEASURED components-rc-app-main-layout-dark-768: 753px, 5006px high
MEASURED components-rc-app-main-layout-dark-1440: 1425px, 4856px high
MEASURED components-rc-auto-sizer-light-320: 305px, 4183px high
MEASURED components-rc-auto-sizer-light-768: 753px, 3670px high
MEASURED components-rc-auto-sizer-light-1440: 1425px, 3270px high
MEASURED components-rc-auto-sizer-dark-320: 305px, 4183px high
MEASURED components-rc-auto-sizer-dark-768: 753px, 3670px high
MEASURED components-rc-auto-sizer-dark-1440: 1425px, 3270px high
MEASURED components-rc-avatar-light-320: 305px, 6021px high
MEASURED components-rc-avatar-light-768: 753px, 5014px high
MEASURED components-rc-avatar-light-1440: 1425px, 4833px high
MEASURED components-rc-avatar-dark-320: 305px, 6021px high
MEASURED components-rc-avatar-dark-768: 753px, 5014px high
MEASURED components-rc-avatar-dark-1440: 1425px, 4833px high
MEASURED components-rc-badge-light-320: 305px, 5754px high
MEASURED components-rc-badge-light-768: 753px, 4877px high
MEASURED components-rc-badge-light-1440: 1425px, 4526px high
MEASURED components-rc-badge-dark-320: 305px, 5754px high
MEASURED components-rc-badge-dark-768: 753px, 4877px high
MEASURED components-rc-badge-dark-1440: 1425px, 4526px high
MEASURED components-rc-bar-chart-light-320: 305px, 7402px high
MEASURED components-rc-bar-chart-light-768: 753px, 6133px high
MEASURED components-rc-bar-chart-light-1440: 1425px, 5437px high
MEASURED components-rc-bar-chart-dark-320: 305px, 7402px high
MEASURED components-rc-bar-chart-dark-768: 753px, 6133px high
MEASURED components-rc-bar-chart-dark-1440: 1425px, 5437px high
MEASURED components-rc-breadcrumbs-light-320: 305px, 3728px high
MEASURED components-rc-breadcrumbs-light-768: 753px, 3170px high
MEASURED components-rc-breadcrumbs-light-1440: 1425px, 3020px high
MEASURED components-rc-breadcrumbs-dark-320: 305px, 3728px high
MEASURED components-rc-breadcrumbs-dark-768: 753px, 3170px high
MEASURED components-rc-breadcrumbs-dark-1440: 1425px, 3020px high
MEASURED components-rc-button-light-320: 305px, 7224px high
MEASURED components-rc-button-light-768: 753px, 6073px high
MEASURED components-rc-button-light-1440: 1425px, 5456px high
MEASURED components-rc-button-dark-320: 305px, 7224px high
MEASURED components-rc-button-dark-768: 753px, 6073px high
MEASURED components-rc-button-dark-1440: 1425px, 5456px high
MEASURED components-rc-canvas-light-320: 305px, 6339px high
MEASURED components-rc-canvas-light-768: 753px, 5344px high
MEASURED components-rc-canvas-light-1440: 1425px, 4770px high
MEASURED components-rc-canvas-dark-320: 305px, 6339px high
MEASURED components-rc-canvas-dark-768: 753px, 5344px high
MEASURED components-rc-canvas-dark-1440: 1425px, 4770px high
MEASURED components-rc-card-light-320: 305px, 5905px high
MEASURED components-rc-card-light-768: 753px, 4935px high
MEASURED components-rc-card-light-1440: 1425px, 4667px high
MEASURED components-rc-card-dark-320: 305px, 5905px high
MEASURED components-rc-card-dark-768: 753px, 4935px high
MEASURED components-rc-card-dark-1440: 1425px, 4667px high
MEASURED components-rc-checkbox-light-320: 305px, 5330px high
MEASURED components-rc-checkbox-light-768: 753px, 4427px high
MEASURED components-rc-checkbox-light-1440: 1425px, 3981px high
MEASURED components-rc-checkbox-dark-320: 305px, 5330px high
MEASURED components-rc-checkbox-dark-768: 753px, 4427px high
MEASURED components-rc-checkbox-dark-1440: 1425px, 3981px high
MEASURED components-rc-color-picker-light-320: 305px, 4760px high
MEASURED components-rc-color-picker-light-768: 753px, 4137px high
MEASURED components-rc-color-picker-light-1440: 1425px, 3857px high
MEASURED components-rc-color-picker-dark-320: 305px, 4760px high
MEASURED components-rc-color-picker-dark-768: 753px, 4137px high
MEASURED components-rc-color-picker-dark-1440: 1425px, 3857px high
MEASURED components-rc-component-preview-light-320: 305px, 5511px high
MEASURED components-rc-component-preview-light-768: 753px, 4693px high
MEASURED components-rc-component-preview-light-1440: 1425px, 4428px high
MEASURED components-rc-component-preview-dark-320: 305px, 5511px high
MEASURED components-rc-component-preview-dark-768: 753px, 4693px high
MEASURED components-rc-component-preview-dark-1440: 1425px, 4428px high
MEASURED components-rc-cron-picker-light-320: 305px, 4916px high
MEASURED components-rc-cron-picker-light-768: 753px, 4167px high
MEASURED components-rc-cron-picker-light-1440: 1425px, 3886px high
MEASURED components-rc-cron-picker-dark-320: 305px, 4916px high
MEASURED components-rc-cron-picker-dark-768: 753px, 4167px high
MEASURED components-rc-cron-picker-dark-1440: 1425px, 3886px high
MEASURED components-rc-date-picker-light-320: 305px, 4816px high
MEASURED components-rc-date-picker-light-768: 753px, 4220px high
MEASURED components-rc-date-picker-light-1440: 1425px, 3833px high
MEASURED components-rc-date-picker-dark-320: 305px, 4816px high
MEASURED components-rc-date-picker-dark-768: 753px, 4220px high
MEASURED components-rc-date-picker-dark-1440: 1425px, 3833px high
MEASURED components-rc-dialog-light-320: 305px, 5745px high
MEASURED components-rc-dialog-light-768: 753px, 4654px high
MEASURED components-rc-dialog-light-1440: 1425px, 4127px high
MEASURED components-rc-dialog-dark-320: 305px, 5745px high
MEASURED components-rc-dialog-dark-768: 753px, 4654px high
MEASURED components-rc-dialog-dark-1440: 1425px, 4127px high
MEASURED components-rc-divider-light-320: 305px, 4939px high
MEASURED components-rc-divider-light-768: 753px, 4291px high
MEASURED components-rc-divider-light-1440: 1425px, 3997px high
MEASURED components-rc-divider-dark-320: 305px, 4939px high
MEASURED components-rc-divider-dark-768: 753px, 4291px high
MEASURED components-rc-divider-dark-1440: 1425px, 3997px high
MEASURED components-rc-drawer-light-320: 305px, 4534px high
MEASURED components-rc-drawer-light-768: 753px, 3879px high
MEASURED components-rc-drawer-light-1440: 1425px, 3691px high
MEASURED components-rc-drawer-dark-320: 305px, 4534px high
MEASURED components-rc-drawer-dark-768: 753px, 3879px high
MEASURED components-rc-drawer-dark-1440: 1425px, 3691px high
MEASURED components-rc-dropdown-container-light-320: 305px, 3601px high
MEASURED components-rc-dropdown-container-light-768: 753px, 3058px high
MEASURED components-rc-dropdown-container-light-1440: 1425px, 2752px high
MEASURED components-rc-dropdown-container-dark-320: 305px, 3601px high
MEASURED components-rc-dropdown-container-dark-768: 753px, 3058px high
MEASURED components-rc-dropdown-container-dark-1440: 1425px, 2752px high
MEASURED components-rc-empty-light-320: 305px, 4395px high
MEASURED components-rc-empty-light-768: 753px, 3827px high
MEASURED components-rc-empty-light-1440: 1425px, 3598px high
MEASURED components-rc-empty-dark-320: 305px, 4395px high
MEASURED components-rc-empty-dark-768: 753px, 3827px high
MEASURED components-rc-empty-dark-1440: 1425px, 3598px high
MEASURED components-rc-flow-diagram-light-320: 305px, 6999px high
MEASURED components-rc-flow-diagram-light-768: 753px, 5805px high
MEASURED components-rc-flow-diagram-light-1440: 1425px, 5141px high
MEASURED components-rc-flow-diagram-dark-320: 305px, 6999px high
MEASURED components-rc-flow-diagram-dark-768: 753px, 5805px high
MEASURED components-rc-flow-diagram-dark-1440: 1425px, 5141px high
MEASURED components-rc-form-light-320: 305px, 4381px high
MEASURED components-rc-form-light-768: 753px, 3828px high
MEASURED components-rc-form-light-1440: 1425px, 3467px high
MEASURED components-rc-form-dark-320: 305px, 4381px high
MEASURED components-rc-form-dark-768: 753px, 3828px high
MEASURED components-rc-form-dark-1440: 1425px, 3467px high
MEASURED components-rc-hooks-light-320: 305px, 3171px high
MEASURED components-rc-hooks-light-768: 753px, 2710px high
MEASURED components-rc-hooks-light-1440: 1425px, 2363px high
MEASURED components-rc-hooks-dark-320: 305px, 3171px high
MEASURED components-rc-hooks-dark-768: 753px, 2710px high
MEASURED components-rc-hooks-dark-1440: 1425px, 2363px high
MEASURED components-rc-line-edit-light-320: 305px, 7513px high
MEASURED components-rc-line-edit-light-768: 753px, 5955px high
MEASURED components-rc-line-edit-light-1440: 1425px, 5085px high
MEASURED components-rc-line-edit-dark-320: 305px, 7513px high
MEASURED components-rc-line-edit-dark-768: 753px, 5955px high
MEASURED components-rc-line-edit-dark-1440: 1425px, 5085px high
MEASURED components-rc-masonry-light-320: 305px, 4193px high
MEASURED components-rc-masonry-light-768: 753px, 3447px high
MEASURED components-rc-masonry-light-1440: 1425px, 3107px high
MEASURED components-rc-masonry-dark-320: 305px, 4193px high
MEASURED components-rc-masonry-dark-768: 753px, 3447px high
MEASURED components-rc-masonry-dark-1440: 1425px, 3107px high
MEASURED components-rc-menu-light-320: 305px, 4229px high
MEASURED components-rc-menu-light-768: 753px, 3617px high
MEASURED components-rc-menu-light-1440: 1425px, 3322px high
MEASURED components-rc-menu-dark-320: 305px, 4229px high
MEASURED components-rc-menu-dark-768: 753px, 3617px high
MEASURED components-rc-menu-dark-1440: 1425px, 3322px high
MEASURED components-rc-message-light-320: 305px, 4533px high
MEASURED components-rc-message-light-768: 753px, 3916px high
MEASURED components-rc-message-light-1440: 1425px, 3625px high
MEASURED components-rc-message-dark-320: 305px, 4533px high
MEASURED components-rc-message-dark-768: 753px, 3916px high
MEASURED components-rc-message-dark-1440: 1425px, 3625px high
MEASURED components-rc-notification-light-320: 305px, 4297px high
MEASURED components-rc-notification-light-768: 753px, 3640px high
MEASURED components-rc-notification-light-1440: 1425px, 3490px high
MEASURED components-rc-notification-dark-320: 305px, 4297px high
MEASURED components-rc-notification-dark-768: 753px, 3640px high
MEASURED components-rc-notification-dark-1440: 1425px, 3490px high
MEASURED components-rc-number-edit-light-320: 305px, 5584px high
MEASURED components-rc-number-edit-light-768: 753px, 4755px high
MEASURED components-rc-number-edit-light-1440: 1425px, 4375px high
MEASURED components-rc-number-edit-dark-320: 305px, 5584px high
MEASURED components-rc-number-edit-dark-768: 753px, 4755px high
MEASURED components-rc-number-edit-dark-1440: 1425px, 4375px high
MEASURED components-rc-pagination-light-320: 305px, 5758px high
MEASURED components-rc-pagination-light-768: 753px, 4852px high
MEASURED components-rc-pagination-light-1440: 1425px, 4607px high
MEASURED components-rc-pagination-dark-320: 305px, 5758px high
MEASURED components-rc-pagination-dark-768: 753px, 4852px high
MEASURED components-rc-pagination-dark-1440: 1425px, 4607px high
MEASURED components-rc-prose-light-320: 305px, 4184px high
MEASURED components-rc-prose-light-768: 753px, 3520px high
MEASURED components-rc-prose-light-1440: 1425px, 3314px high
MEASURED components-rc-prose-dark-320: 305px, 4184px high
MEASURED components-rc-prose-dark-768: 753px, 3520px high
MEASURED components-rc-prose-dark-1440: 1425px, 3314px high
MEASURED components-rc-radio-light-320: 305px, 4935px high
MEASURED components-rc-radio-light-768: 753px, 4068px high
MEASURED components-rc-radio-light-1440: 1425px, 3735px high
MEASURED components-rc-radio-dark-320: 305px, 4935px high
MEASURED components-rc-radio-dark-768: 753px, 4068px high
MEASURED components-rc-radio-dark-1440: 1425px, 3735px high
MEASURED components-rc-realm-light-320: 305px, 9690px high
MEASURED components-rc-realm-light-768: 753px, 7755px high
MEASURED components-rc-realm-light-1440: 1425px, 6823px high
MEASURED components-rc-realm-dark-320: 305px, 9690px high
MEASURED components-rc-realm-dark-768: 753px, 7755px high
MEASURED components-rc-realm-dark-1440: 1425px, 6823px high
MEASURED components-rc-router-light-320: 305px, 4810px high
MEASURED components-rc-router-light-768: 753px, 3904px high
MEASURED components-rc-router-light-1440: 1425px, 3558px high
MEASURED components-rc-router-dark-320: 305px, 4810px high
MEASURED components-rc-router-dark-768: 753px, 3904px high
MEASURED components-rc-router-dark-1440: 1425px, 3558px high
MEASURED components-rc-segmented-light-320: 305px, 4233px high
MEASURED components-rc-segmented-light-768: 753px, 3675px high
MEASURED components-rc-segmented-light-1440: 1425px, 3474px high
MEASURED components-rc-segmented-dark-320: 305px, 4233px high
MEASURED components-rc-segmented-dark-768: 753px, 3675px high
MEASURED components-rc-segmented-dark-1440: 1425px, 3474px high
MEASURED components-rc-select-light-320: 305px, 7403px high
MEASURED components-rc-select-light-768: 753px, 6172px high
MEASURED components-rc-select-light-1440: 1425px, 5795px high
MEASURED components-rc-select-dark-320: 305px, 7403px high
MEASURED components-rc-select-dark-768: 753px, 6172px high
MEASURED components-rc-select-dark-1440: 1425px, 5795px high
MEASURED components-rc-skeleton-light-320: 305px, 5253px high
MEASURED components-rc-skeleton-light-768: 753px, 4406px high
MEASURED components-rc-skeleton-light-1440: 1425px, 4041px high
MEASURED components-rc-skeleton-dark-320: 305px, 5253px high
MEASURED components-rc-skeleton-dark-768: 753px, 4406px high
MEASURED components-rc-skeleton-dark-1440: 1425px, 4041px high
MEASURED components-rc-slider-light-320: 305px, 3494px high
MEASURED components-rc-slider-light-768: 753px, 3135px high
MEASURED components-rc-slider-light-1440: 1425px, 2934px high
MEASURED components-rc-slider-dark-320: 305px, 3494px high
MEASURED components-rc-slider-dark-768: 753px, 3135px high
MEASURED components-rc-slider-dark-1440: 1425px, 2934px high
MEASURED components-rc-spin-light-320: 305px, 5640px high
MEASURED components-rc-spin-light-768: 753px, 4822px high
MEASURED components-rc-spin-light-1440: 1425px, 4312px high
MEASURED components-rc-spin-dark-320: 305px, 5640px high
MEASURED components-rc-spin-dark-768: 753px, 4822px high
MEASURED components-rc-spin-dark-1440: 1425px, 4312px high
MEASURED components-rc-split-pane-light-320: 305px, 5629px high
MEASURED components-rc-split-pane-light-768: 753px, 4801px high
MEASURED components-rc-split-pane-light-1440: 1425px, 4456px high
MEASURED components-rc-split-pane-dark-320: 305px, 5629px high
MEASURED components-rc-split-pane-dark-768: 753px, 4801px high
MEASURED components-rc-split-pane-dark-1440: 1425px, 4456px high
MEASURED components-rc-switch-light-320: 305px, 4328px high
MEASURED components-rc-switch-light-768: 753px, 3763px high
MEASURED components-rc-switch-light-1440: 1425px, 3417px high
MEASURED components-rc-switch-dark-320: 305px, 4328px high
MEASURED components-rc-switch-dark-768: 753px, 3763px high
MEASURED components-rc-switch-dark-1440: 1425px, 3417px high
MEASURED components-rc-table-pro-light-320: 305px, 15039px high
MEASURED components-rc-table-pro-light-768: 753px, 12300px high
MEASURED components-rc-table-pro-light-1440: 1425px, 11876px high
MEASURED components-rc-table-pro-dark-320: 305px, 15039px high
MEASURED components-rc-table-pro-dark-768: 753px, 12300px high
MEASURED components-rc-table-pro-dark-1440: 1425px, 11876px high
MEASURED components-rc-table-light-320: 305px, 16529px high
MEASURED components-rc-table-light-768: 753px, 13563px high
MEASURED components-rc-table-light-1440: 1425px, 12453px high
MEASURED components-rc-table-dark-320: 305px, 16529px high
MEASURED components-rc-table-dark-768: 753px, 13563px high
MEASURED components-rc-table-dark-1440: 1425px, 12453px high
MEASURED components-rc-tabs-light-320: 305px, 5061px high
MEASURED components-rc-tabs-light-768: 753px, 4323px high
MEASURED components-rc-tabs-light-1440: 1425px, 4088px high
MEASURED components-rc-tabs-dark-320: 305px, 5061px high
MEASURED components-rc-tabs-dark-768: 753px, 4323px high
MEASURED components-rc-tabs-dark-1440: 1425px, 4088px high
MEASURED components-rc-tag-light-320: 305px, 4871px high
MEASURED components-rc-tag-light-768: 753px, 4186px high
MEASURED components-rc-tag-light-1440: 1425px, 3918px high
MEASURED components-rc-tag-dark-320: 305px, 4871px high
MEASURED components-rc-tag-dark-768: 753px, 4186px high
MEASURED components-rc-tag-dark-1440: 1425px, 3918px high
MEASURED components-rc-text-edit-light-320: 305px, 7171px high
MEASURED components-rc-text-edit-light-768: 753px, 5617px high
MEASURED components-rc-text-edit-light-1440: 1425px, 4817px high
MEASURED components-rc-text-edit-dark-320: 305px, 7171px high
MEASURED components-rc-text-edit-dark-768: 753px, 5617px high
MEASURED components-rc-text-edit-dark-1440: 1425px, 4817px high
MEASURED components-rc-theme-light-320: 305px, 5965px high
MEASURED components-rc-theme-light-768: 753px, 4898px high
MEASURED components-rc-theme-light-1440: 1425px, 4184px high
MEASURED components-rc-theme-dark-320: 305px, 5965px high
MEASURED components-rc-theme-dark-768: 753px, 4898px high
MEASURED components-rc-theme-dark-1440: 1425px, 4184px high
MEASURED components-rc-token-global-light-320: 305px, 34779px high
MEASURED components-rc-token-global-light-768: 753px, 26049px high
MEASURED components-rc-token-global-light-1440: 1425px, 21727px high
MEASURED components-rc-token-global-dark-320: 305px, 34779px high
MEASURED components-rc-token-global-dark-768: 753px, 26049px high
MEASURED components-rc-token-global-dark-1440: 1425px, 21727px high
MEASURED components-rc-token-semantic-light-320: 305px, 5506px high
MEASURED components-rc-token-semantic-light-768: 753px, 4499px high
MEASURED components-rc-token-semantic-light-1440: 1425px, 3769px high
MEASURED components-rc-token-semantic-dark-320: 305px, 5506px high
MEASURED components-rc-token-semantic-dark-768: 753px, 4499px high
MEASURED components-rc-token-semantic-dark-1440: 1425px, 3769px high
MEASURED components-rc-tooltip-light-320: 305px, 4656px high
MEASURED components-rc-tooltip-light-768: 753px, 4002px high
MEASURED components-rc-tooltip-light-1440: 1425px, 3796px high
MEASURED components-rc-tooltip-dark-320: 305px, 4656px high
MEASURED components-rc-tooltip-dark-768: 753px, 4002px high
MEASURED components-rc-tooltip-dark-1440: 1425px, 3796px high
MEASURED components-rc-tree-light-320: 305px, 9609px high
MEASURED components-rc-tree-light-768: 753px, 7945px high
MEASURED components-rc-tree-light-1440: 1425px, 7118px high
MEASURED components-rc-tree-dark-320: 305px, 9609px high
MEASURED components-rc-tree-dark-768: 753px, 7945px high
MEASURED components-rc-tree-dark-1440: 1425px, 7118px high
MEASURED components-rc-virtual-light-320: 305px, 5107px high
MEASURED components-rc-virtual-light-768: 753px, 4397px high
MEASURED components-rc-virtual-light-1440: 1425px, 4037px high
MEASURED components-rc-virtual-dark-320: 305px, 5107px high
MEASURED components-rc-virtual-dark-768: 753px, 4397px high
MEASURED components-rc-virtual-dark-1440: 1425px, 4037px high
MEASURED design-accessibility-light-320: 305px, 9745px high
MEASURED design-accessibility-light-768: 753px, 6677px high
MEASURED design-accessibility-light-1440: 1425px, 5059px high
MEASURED design-accessibility-dark-320: 305px, 9745px high
MEASURED design-accessibility-dark-768: 753px, 6677px high
MEASURED design-accessibility-dark-1440: 1425px, 5059px high
MEASURED design-actions-light-320: 305px, 8004px high
MEASURED design-actions-light-768: 753px, 5902px high
MEASURED design-actions-light-1440: 1425px, 4557px high
MEASURED design-actions-dark-320: 305px, 8004px high
MEASURED design-actions-dark-768: 753px, 5902px high
MEASURED design-actions-dark-1440: 1425px, 4557px high
MEASURED design-color-light-320: 305px, 11888px high
MEASURED design-color-light-768: 753px, 8622px high
MEASURED design-color-light-1440: 1425px, 6391px high
MEASURED design-color-dark-320: 305px, 11911px high
MEASURED design-color-dark-768: 753px, 8645px high
MEASURED design-color-dark-1440: 1425px, 6391px high
MEASURED design-content-light-320: 305px, 8201px high
MEASURED design-content-light-768: 753px, 6092px high
MEASURED design-content-light-1440: 1425px, 4793px high
MEASURED design-content-dark-320: 305px, 8201px high
MEASURED design-content-dark-768: 753px, 6092px high
MEASURED design-content-dark-1440: 1425px, 4793px high
MEASURED design-data-display-light-320: 305px, 9976px high
MEASURED design-data-display-light-768: 753px, 7068px high
MEASURED design-data-display-light-1440: 1425px, 5366px high
MEASURED design-data-display-dark-320: 305px, 9976px high
MEASURED design-data-display-dark-768: 753px, 7068px high
MEASURED design-data-display-dark-1440: 1425px, 5366px high
MEASURED design-feedback-light-320: 305px, 9583px high
MEASURED design-feedback-light-768: 753px, 7135px high
MEASURED design-feedback-light-1440: 1425px, 5391px high
MEASURED design-feedback-dark-320: 305px, 9583px high
MEASURED design-feedback-dark-768: 753px, 7135px high
MEASURED design-feedback-dark-1440: 1425px, 5391px high
MEASURED design-forms-light-320: 305px, 10618px high
MEASURED design-forms-light-768: 753px, 8202px high
MEASURED design-forms-light-1440: 1425px, 6388px high
MEASURED design-forms-dark-320: 305px, 10618px high
MEASURED design-forms-dark-768: 753px, 8202px high
MEASURED design-forms-dark-1440: 1425px, 6388px high
MEASURED design-icons-light-320: 305px, 7083px high
MEASURED design-icons-light-768: 753px, 5247px high
MEASURED design-icons-light-1440: 1425px, 4091px high
MEASURED design-icons-dark-320: 305px, 7083px high
MEASURED design-icons-dark-768: 753px, 5247px high
MEASURED design-icons-dark-1440: 1425px, 4091px high
MEASURED design-inputs-light-320: 305px, 8881px high
MEASURED design-inputs-light-768: 753px, 6499px high
MEASURED design-inputs-light-1440: 1425px, 4936px high
MEASURED design-inputs-dark-320: 305px, 8881px high
MEASURED design-inputs-dark-768: 753px, 6499px high
MEASURED design-inputs-dark-1440: 1425px, 4936px high
MEASURED design-interaction-light-320: 305px, 10269px high
MEASURED design-interaction-light-768: 753px, 7795px high
MEASURED design-interaction-light-1440: 1425px, 5855px high
MEASURED design-interaction-dark-320: 305px, 10269px high
MEASURED design-interaction-dark-768: 753px, 7795px high
MEASURED design-interaction-dark-1440: 1425px, 5855px high
MEASURED design-language-light-320: 305px, 11260px high
MEASURED design-language-light-768: 753px, 8080px high
MEASURED design-language-light-1440: 1425px, 6140px high
MEASURED design-language-dark-320: 305px, 11260px high
MEASURED design-language-dark-768: 753px, 8080px high
MEASURED design-language-dark-1440: 1425px, 6140px high
MEASURED design-layout-light-320: 305px, 9170px high
MEASURED design-layout-light-768: 753px, 6812px high
MEASURED design-layout-light-1440: 1425px, 5065px high
MEASURED design-layout-dark-320: 305px, 9170px high
MEASURED design-layout-dark-768: 753px, 6812px high
MEASURED design-layout-dark-1440: 1425px, 5065px high
MEASURED design-motion-light-320: 305px, 6937px high
MEASURED design-motion-light-768: 753px, 5203px high
MEASURED design-motion-light-1440: 1425px, 4268px high
MEASURED design-motion-dark-320: 305px, 6937px high
MEASURED design-motion-dark-768: 753px, 5203px high
MEASURED design-motion-dark-1440: 1425px, 4268px high
MEASURED design-navigation-light-320: 305px, 7158px high
MEASURED design-navigation-light-768: 753px, 5208px high
MEASURED design-navigation-light-1440: 1425px, 4202px high
MEASURED design-navigation-dark-320: 305px, 7158px high
MEASURED design-navigation-dark-768: 753px, 5208px high
MEASURED design-navigation-dark-1440: 1425px, 4202px high
MEASURED design-overlays-light-320: 305px, 8103px high
MEASURED design-overlays-light-768: 753px, 6053px high
MEASURED design-overlays-light-1440: 1425px, 4649px high
MEASURED design-overlays-dark-320: 305px, 8103px high
MEASURED design-overlays-dark-768: 753px, 6053px high
MEASURED design-overlays-dark-1440: 1425px, 4649px high
MEASURED design-shape-light-320: 305px, 7340px high
MEASURED design-shape-light-768: 753px, 5308px high
MEASURED design-shape-light-1440: 1425px, 4103px high
MEASURED design-shape-dark-320: 305px, 7340px high
MEASURED design-shape-dark-768: 753px, 5308px high
MEASURED design-shape-dark-1440: 1425px, 4103px high
MEASURED design-tokens-light-320: 305px, 13889px high
MEASURED design-tokens-light-768: 753px, 10427px high
MEASURED design-tokens-light-1440: 1425px, 7377px high
MEASURED design-tokens-dark-320: 305px, 13889px high
MEASURED design-tokens-dark-768: 753px, 10427px high
MEASURED design-tokens-dark-1440: 1425px, 7377px high
MEASURED design-typography-light-320: 305px, 8472px high
MEASURED design-typography-light-768: 753px, 6341px high
MEASURED design-typography-light-1440: 1425px, 4995px high
MEASURED design-typography-dark-320: 305px, 8472px high
MEASURED design-typography-dark-768: 753px, 6341px high
MEASURED design-typography-dark-1440: 1425px, 4995px high
MEASURED design-workbench-light-320: 305px, 10942px high
MEASURED design-workbench-light-768: 753px, 8111px high
MEASURED design-workbench-light-1440: 1425px, 6393px high
MEASURED design-workbench-dark-320: 305px, 10942px high
MEASURED design-workbench-dark-768: 753px, 8111px high
MEASURED design-workbench-dark-1440: 1425px, 6393px high
MEASURED guides-accessibility-light-320: 305px, 2644px high
MEASURED guides-accessibility-light-768: 753px, 2186px high
MEASURED guides-accessibility-light-1440: 1425px, 1831px high
MEASURED guides-accessibility-dark-320: 305px, 2644px high
MEASURED guides-accessibility-dark-768: 753px, 2186px high
MEASURED guides-accessibility-dark-1440: 1425px, 1831px high
MEASURED guides-getting-started-light-320: 305px, 3645px high
MEASURED guides-getting-started-light-768: 753px, 3082px high
MEASURED guides-getting-started-light-1440: 1425px, 2585px high
MEASURED guides-getting-started-dark-320: 305px, 3645px high
MEASURED guides-getting-started-dark-768: 753px, 3082px high
MEASURED guides-getting-started-dark-1440: 1425px, 2585px high
MEASURED guides-toolchain-light-320: 305px, 3706px high
MEASURED guides-toolchain-light-768: 753px, 2649px high
MEASURED guides-toolchain-light-1440: 1425px, 2072px high
MEASURED guides-toolchain-dark-320: 305px, 3706px high
MEASURED guides-toolchain-dark-768: 753px, 2649px high
MEASURED guides-toolchain-dark-1440: 1425px, 2072px high
MEASURED home-light-320: 305px, 6173px high
MEASURED home-light-768: 753px, 3262px high
MEASURED home-light-1440: 1425px, 2697px high
MEASURED home-dark-320: 305px, 6173px high
MEASURED home-dark-768: 753px, 3262px high
MEASURED home-dark-1440: 1425px, 2697px high
MEASURED learn-components-light-320: 305px, 13448px high
MEASURED learn-components-light-768: 753px, 9073px high
MEASURED learn-components-light-1440: 1425px, 5420px high
MEASURED learn-components-dark-320: 305px, 13448px high
MEASURED learn-components-dark-768: 753px, 9073px high
MEASURED learn-components-dark-1440: 1425px, 5420px high
MEASURED learn-light-320: 305px, 2395px high
MEASURED learn-light-768: 753px, 1977px high
MEASURED learn-light-1440: 1425px, 1800px high
MEASURED learn-dark-320: 305px, 2395px high
MEASURED learn-dark-768: 753px, 1977px high
MEASURED learn-dark-1440: 1425px, 1800px high
MEASURED learn-practice-admin-light-320: 305px, 2806px high
MEASURED learn-practice-admin-light-768: 753px, 2485px high
MEASURED learn-practice-admin-light-1440: 1425px, 2175px high
MEASURED learn-practice-admin-dark-320: 305px, 2806px high
MEASURED learn-practice-admin-dark-768: 753px, 2485px high
MEASURED learn-practice-admin-dark-1440: 1425px, 2175px high
MEASURED learn-practice-data-light-320: 305px, 2394px high
MEASURED learn-practice-data-light-768: 753px, 2126px high
MEASURED learn-practice-data-light-1440: 1425px, 1844px high
MEASURED learn-practice-data-dark-320: 305px, 2394px high
MEASURED learn-practice-data-dark-768: 753px, 2126px high
MEASURED learn-practice-data-dark-1440: 1425px, 1844px high
MEASURED learn-practice-profile-light-320: 305px, 2315px high
MEASURED learn-practice-profile-light-768: 753px, 1967px high
MEASURED learn-practice-profile-light-1440: 1425px, 1741px high
MEASURED learn-practice-profile-dark-320: 305px, 2315px high
MEASURED learn-practice-profile-dark-768: 753px, 1967px high
MEASURED learn-practice-profile-dark-1440: 1425px, 1741px high
