PASS light 320 drawer open: {"dialogs":1,"focusInside":true,"documentFocused":true,"focusText":"","focusTag":"BUTTON","value":"林晓","invalid":"false","focusedField":false,"busy":"false","pageWidth":305,"viewport":320,"dialogWithin":true,"text":"编辑成员资料基本信息姓名（必填）2/30 字，用于团队内的身份识别。工作邮箱（必填）例如 lin@example.com；保存时清理空白并规范大小写。团队归属所属团队产品设计选择团队只更新本地资料，不会发送通知或改变访问权限。保存修改取消编辑此表单为本地模拟，可放心体验。"}
PASS light 320 modal background excluded: {"backgroundExcluded":true,"backgroundFocusRejected":true,"bodyStops":1,"browserChromeStops":1}
PASS light 320 unsaved confirmation: {"dialogs":2,"focusInside":true,"documentFocused":true,"focusText":"","focusTag":"BUTTON","value":"审查草稿","invalid":"false","focusedField":false,"busy":"false","pageWidth":305,"viewport":320,"dialogWithin":true,"text":"放弃未保存的修改？本次填写的内容尚未保存。放弃后恢复为上次保存的资料。继续编辑放弃修改"}
PASS light 320 continue preserves draft: {"dialogs":1,"focusInside":true,"documentFocused":true,"focusText":"取消编辑","focusTag":"BUTTON","value":"审查草稿","invalid":"false","focusedField":false,"busy":"false","pageWidth":305,"viewport":320,"dialogWithin":true,"text":"编辑成员资料基本信息姓名（必填）4/30 字，用于团队内的身份识别。工作邮箱（必填）例如 lin@example.com；保存时清理空白并规范大小写。团队归属所属团队产品设计选择团队只更新本地资料，不会发送通知或改变访问权限。保存修改取消编辑此表单为本地模拟，可放心体验。"}
PASS light 320 validation recovery: {"dialogs":1,"focusInside":true,"documentFocused":true,"focusText":"","focusTag":"INPUT","value":"","invalid":"true","focusedField":true,"busy":"false","pageWidth":305,"viewport":320,"dialogWithin":true,"text":"编辑成员资料基本信息姓名（必填）请填写成员姓名。工作邮箱（必填）例如 lin@example.com；保存时清理空白并规范大小写。团队归属所属团队产品设计选择团队只更新本地资料，不会发送通知或改变访问权限。保存修改取消编辑此表单为本地模拟，可放心体验。"}
PASS light 320 pending feedback and focus: {"dialogs":1,"focusInside":true,"documentFocused":true,"focusText":"正在保存…","focusTag":"BUTTON","value":"审查成员","invalid":"false","focusedField":false,"busy":"true","pageWidth":305,"viewport":320,"dialogWithin":true,"text":"编辑成员资料基本信息姓名（必填）4/30 字，用于团队内的身份识别。工作邮箱（必填）例如 lin@example.com；保存时清理空白并规范大小写。团队归属所属团队产品设计选择团队只更新本地资料，不会发送通知或改变访问权限。正在保存…取消编辑正在保存资料，请稍候。"}
PASS light 320 saved and returned: {"dialogs":0,"focus":"编辑成员资料","notice":true}
PASS light 1440 drawer open: {"dialogs":1,"focusInside":true,"documentFocused":true,"focusText":"","focusTag":"BUTTON","value":"林晓","invalid":"false","focusedField":false,"busy":"false","pageWidth":1425,"viewport":1440,"dialogWithin":true,"text":"编辑成员资料基本信息姓名（必填）2/30 字，用于团队内的身份识别。工作邮箱（必填）例如 lin@example.com；保存时清理空白并规范大小写。团队归属所属团队产品设计选择团队只更新本地资料，不会发送通知或改变访问权限。保存修改取消编辑此表单为本地模拟，可放心体验。"}
PASS light 1440 modal background excluded: {"backgroundExcluded":true,"backgroundFocusRejected":true,"bodyStops":1,"browserChromeStops":1}
PASS light 1440 unsaved confirmation: {"dialogs":2,"focusInside":true,"documentFocused":true,"focusText":"","focusTag":"BUTTON","value":"审查草稿","invalid":"false","focusedField":false,"busy":"false","pageWidth":1425,"viewport":1440,"dialogWithin":true,"text":"放弃未保存的修改？本次填写的内容尚未保存。放弃后恢复为上次保存的资料。继续编辑放弃修改"}
PASS light 1440 continue preserves draft: {"dialogs":1,"focusInside":true,"documentFocused":true,"focusText":"取消编辑","focusTag":"BUTTON","value":"审查草稿","invalid":"false","focusedField":false,"busy":"false","pageWidth":1425,"viewport":1440,"dialogWithin":true,"text":"编辑成员资料基本信息姓名（必填）4/30 字，用于团队内的身份识别。工作邮箱（必填）例如 lin@example.com；保存时清理空白并规范大小写。团队归属所属团队产品设计选择团队只更新本地资料，不会发送通知或改变访问权限。保存修改取消编辑此表单为本地模拟，可放心体验。"}
PASS light 1440 validation recovery: {"dialogs":1,"focusInside":true,"documentFocused":true,"focusText":"","focusTag":"INPUT","value":"","invalid":"true","focusedField":true,"busy":"false","pageWidth":1425,"viewport":1440,"dialogWithin":true,"text":"编辑成员资料基本信息姓名（必填）请填写成员姓名。工作邮箱（必填）例如 lin@example.com；保存时清理空白并规范大小写。团队归属所属团队产品设计选择团队只更新本地资料，不会发送通知或改变访问权限。保存修改取消编辑此表单为本地模拟，可放心体验。"}
PASS light 1440 pending feedback and focus: {"dialogs":1,"focusInside":true,"documentFocused":true,"focusText":"正在保存…","focusTag":"BUTTON","value":"审查成员","invalid":"false","focusedField":false,"busy":"true","pageWidth":1425,"viewport":1440,"dialogWithin":true,"text":"编辑成员资料基本信息姓名（必填）4/30 字，用于团队内的身份识别。工作邮箱（必填）例如 lin@example.com；保存时清理空白并规范大小写。团队归属所属团队产品设计选择团队只更新本地资料，不会发送通知或改变访问权限。正在保存…取消编辑正在保存资料，请稍候。"}
PASS light 1440 saved and returned: {"dialogs":0,"focus":"编辑成员资料","notice":true}
PASS dark 320 drawer open: {"dialogs":1,"focusInside":true,"documentFocused":true,"focusText":"","focusTag":"BUTTON","value":"林晓","invalid":"false","focusedField":false,"busy":"false","pageWidth":305,"viewport":320,"dialogWithin":true,"text":"编辑成员资料基本信息姓名（必填）2/30 字，用于团队内的身份识别。工作邮箱（必填）例如 lin@example.com；保存时清理空白并规范大小写。团队归属所属团队产品设计选择团队只更新本地资料，不会发送通知或改变访问权限。保存修改取消编辑此表单为本地模拟，可放心体验。"}
PASS dark 320 modal background excluded: {"backgroundExcluded":true,"backgroundFocusRejected":true,"bodyStops":1,"browserChromeStops":1}
PASS dark 320 unsaved confirmation: {"dialogs":2,"focusInside":true,"documentFocused":true,"focusText":"","focusTag":"BUTTON","value":"审查草稿","invalid":"false","focusedField":false,"busy":"false","pageWidth":305,"viewport":320,"dialogWithin":true,"text":"放弃未保存的修改？本次填写的内容尚未保存。放弃后恢复为上次保存的资料。继续编辑放弃修改"}
PASS dark 320 continue preserves draft: {"dialogs":1,"focusInside":true,"documentFocused":true,"focusText":"取消编辑","focusTag":"BUTTON","value":"审查草稿","invalid":"false","focusedField":false,"busy":"false","pageWidth":305,"viewport":320,"dialogWithin":true,"text":"编辑成员资料基本信息姓名（必填）4/30 字，用于团队内的身份识别。工作邮箱（必填）例如 lin@example.com；保存时清理空白并规范大小写。团队归属所属团队产品设计选择团队只更新本地资料，不会发送通知或改变访问权限。保存修改取消编辑此表单为本地模拟，可放心体验。"}
PASS dark 320 validation recovery: {"dialogs":1,"focusInside":true,"documentFocused":true,"focusText":"","focusTag":"INPUT","value":"","invalid":"true","focusedField":true,"busy":"false","pageWidth":305,"viewport":320,"dialogWithin":true,"text":"编辑成员资料基本信息姓名（必填）请填写成员姓名。工作邮箱（必填）例如 lin@example.com；保存时清理空白并规范大小写。团队归属所属团队产品设计选择团队只更新本地资料，不会发送通知或改变访问权限。保存修改取消编辑此表单为本地模拟，可放心体验。"}
PASS dark 320 pending feedback and focus: {"dialogs":1,"focusInside":true,"documentFocused":true,"focusText":"正在保存…","focusTag":"BUTTON","value":"审查成员","invalid":"false","focusedField":false,"busy":"true","pageWidth":305,"viewport":320,"dialogWithin":true,"text":"编辑成员资料基本信息姓名（必填）4/30 字，用于团队内的身份识别。工作邮箱（必填）例如 lin@example.com；保存时清理空白并规范大小写。团队归属所属团队产品设计选择团队只更新本地资料，不会发送通知或改变访问权限。正在保存…取消编辑正在保存资料，请稍候。"}
PASS dark 320 saved and returned: {"dialogs":0,"focus":"编辑成员资料","notice":true}
PASS dark 1440 drawer open: {"dialogs":1,"focusInside":true,"documentFocused":true,"focusText":"","focusTag":"BUTTON","value":"林晓","invalid":"false","focusedField":false,"busy":"false","pageWidth":1425,"viewport":1440,"dialogWithin":true,"text":"编辑成员资料基本信息姓名（必填）2/30 字，用于团队内的身份识别。工作邮箱（必填）例如 lin@example.com；保存时清理空白并规范大小写。团队归属所属团队产品设计选择团队只更新本地资料，不会发送通知或改变访问权限。保存修改取消编辑此表单为本地模拟，可放心体验。"}
PASS dark 1440 modal background excluded: {"backgroundExcluded":true,"backgroundFocusRejected":true,"bodyStops":1,"browserChromeStops":0}
PASS dark 1440 unsaved confirmation: {"dialogs":2,"focusInside":true,"documentFocused":true,"focusText":"","focusTag":"BUTTON","value":"审查草稿","invalid":"false","focusedField":false,"busy":"false","pageWidth":1425,"viewport":1440,"dialogWithin":true,"text":"放弃未保存的修改？本次填写的内容尚未保存。放弃后恢复为上次保存的资料。继续编辑放弃修改"}
PASS dark 1440 continue preserves draft: {"dialogs":1,"focusInside":true,"documentFocused":true,"focusText":"取消编辑","focusTag":"BUTTON","value":"审查草稿","invalid":"false","focusedField":false,"busy":"false","pageWidth":1425,"viewport":1440,"dialogWithin":true,"text":"编辑成员资料基本信息姓名（必填）4/30 字，用于团队内的身份识别。工作邮箱（必填）例如 lin@example.com；保存时清理空白并规范大小写。团队归属所属团队产品设计选择团队只更新本地资料，不会发送通知或改变访问权限。保存修改取消编辑此表单为本地模拟，可放心体验。"}
PASS dark 1440 validation recovery: {"dialogs":1,"focusInside":true,"documentFocused":true,"focusText":"","focusTag":"INPUT","value":"","invalid":"true","focusedField":true,"busy":"false","pageWidth":1425,"viewport":1440,"dialogWithin":true,"text":"编辑成员资料基本信息姓名（必填）请填写成员姓名。工作邮箱（必填）例如 lin@example.com；保存时清理空白并规范大小写。团队归属所属团队产品设计选择团队只更新本地资料，不会发送通知或改变访问权限。保存修改取消编辑此表单为本地模拟，可放心体验。"}
PASS dark 1440 pending feedback and focus: {"dialogs":1,"focusInside":true,"documentFocused":true,"focusText":"正在保存…","focusTag":"BUTTON","value":"审查成员","invalid":"false","focusedField":false,"busy":"true","pageWidth":1425,"viewport":1440,"dialogWithin":true,"text":"编辑成员资料基本信息姓名（必填）4/30 字，用于团队内的身份识别。工作邮箱（必填）例如 lin@example.com；保存时清理空白并规范大小写。团队归属所属团队产品设计选择团队只更新本地资料，不会发送通知或改变访问权限。正在保存…取消编辑正在保存资料，请稍候。"}
PASS dark 1440 saved and returned: {"dialogs":0,"focus":"编辑成员资料","notice":true}
