PASS light 320 number label and layout: {"value":"3","ariaValue":"3","label":"项目数量","focus":false,"upDisabled":false,"downDisabled":false,"pageWidth":320,"viewport":320}
PASS light 320 number draft semantics: {"value":"20","ariaValue":"20","label":"项目数量","focus":true,"upDisabled":false,"downDisabled":false,"pageWidth":320,"viewport":320}
PASS light 320 number draft step: {"value":"21","ariaValue":"21","label":"项目数量","focus":true,"upDisabled":false,"downDisabled":false,"pageWidth":320,"viewport":320}
PASS light 320 number fractional large step: {"value":"30.5","ariaValue":"30.5","label":"项目数量","focus":true,"upDisabled":false,"downDisabled":false,"pageWidth":320,"viewport":320}
PASS light 320 number PageDown: {"value":"20.5","ariaValue":"20.5","label":"项目数量","focus":true,"upDisabled":false,"downDisabled":false,"pageWidth":320,"viewport":320}
PASS light 320 number empty step: {"value":"1","ariaValue":"1","label":"项目数量","focus":true,"upDisabled":false,"downDisabled":false,"pageWidth":320,"viewport":320}
PASS light 320 number upper bound: {"boundary":{"value":"100","ariaValue":"100","label":"项目数量","focus":true,"upDisabled":true,"downDisabled":false,"pageWidth":320,"viewport":320},"clamped":{"value":"100","ariaValue":"100","label":"项目数量","focus":true,"upDisabled":true,"downDisabled":false,"pageWidth":320,"viewport":320}}
PASS light 320 number pointer draft step: {"enabled":{"value":"20","ariaValue":"20","label":"项目数量","focus":true,"upDisabled":false,"downDisabled":false,"pageWidth":320,"viewport":320},"pointer":{"value":"21","ariaValue":"21","label":"项目数量","focus":true,"upDisabled":false,"downDisabled":false,"pageWidth":320,"viewport":320}}
PASS light 320 select keyboard clear: {"clearFocused":true,"cleared":{"value":"请选择城市","focus":true,"expanded":"false","activeDescendant":null,"listbox":false,"clear":false,"pageWidth":305,"viewport":320}}
PASS light 320 select resumes selection: {"value":"请选择城市","focus":true,"expanded":"true","activeDescendant":"_r_0_-option-0","listbox":true,"clear":false,"pageWidth":305,"viewport":320}
PASS light 320 select replacement value: {"value":"北京","focus":true,"expanded":"false","activeDescendant":null,"listbox":false,"clear":true,"pageWidth":305,"viewport":320}
PASS light 768 number label and layout: {"value":"3","ariaValue":"3","label":"项目数量","focus":false,"upDisabled":false,"downDisabled":false,"pageWidth":768,"viewport":768}
PASS light 768 number draft semantics: {"value":"20","ariaValue":"20","label":"项目数量","focus":true,"upDisabled":false,"downDisabled":false,"pageWidth":768,"viewport":768}
PASS light 768 number draft step: {"value":"21","ariaValue":"21","label":"项目数量","focus":true,"upDisabled":false,"downDisabled":false,"pageWidth":768,"viewport":768}
PASS light 768 number fractional large step: {"value":"30.5","ariaValue":"30.5","label":"项目数量","focus":true,"upDisabled":false,"downDisabled":false,"pageWidth":768,"viewport":768}
PASS light 768 number PageDown: {"value":"20.5","ariaValue":"20.5","label":"项目数量","focus":true,"upDisabled":false,"downDisabled":false,"pageWidth":768,"viewport":768}
PASS light 768 number empty step: {"value":"1","ariaValue":"1","label":"项目数量","focus":true,"upDisabled":false,"downDisabled":false,"pageWidth":768,"viewport":768}
PASS light 768 number upper bound: {"boundary":{"value":"100","ariaValue":"100","label":"项目数量","focus":true,"upDisabled":true,"downDisabled":false,"pageWidth":768,"viewport":768},"clamped":{"value":"100","ariaValue":"100","label":"项目数量","focus":true,"upDisabled":true,"downDisabled":false,"pageWidth":768,"viewport":768}}
PASS light 768 number pointer draft step: {"enabled":{"value":"20","ariaValue":"20","label":"项目数量","focus":true,"upDisabled":false,"downDisabled":false,"pageWidth":768,"viewport":768},"pointer":{"value":"21","ariaValue":"21","label":"项目数量","focus":true,"upDisabled":false,"downDisabled":false,"pageWidth":768,"viewport":768}}
PASS light 768 select keyboard clear: {"clearFocused":true,"cleared":{"value":"请选择城市","focus":true,"expanded":"false","activeDescendant":null,"listbox":false,"clear":false,"pageWidth":753,"viewport":768}}
PASS light 768 select resumes selection: {"value":"请选择城市","focus":true,"expanded":"true","activeDescendant":"_r_0_-option-0","listbox":true,"clear":false,"pageWidth":753,"viewport":768}
PASS light 768 select replacement value: {"value":"北京","focus":true,"expanded":"false","activeDescendant":null,"listbox":false,"clear":true,"pageWidth":753,"viewport":768}
PASS light 1440 number label and layout: {"value":"3","ariaValue":"3","label":"项目数量","focus":false,"upDisabled":false,"downDisabled":false,"pageWidth":1440,"viewport":1440}
PASS light 1440 number draft semantics: {"value":"20","ariaValue":"20","label":"项目数量","focus":true,"upDisabled":false,"downDisabled":false,"pageWidth":1440,"viewport":1440}
PASS light 1440 number draft step: {"value":"21","ariaValue":"21","label":"项目数量","focus":true,"upDisabled":false,"downDisabled":false,"pageWidth":1440,"viewport":1440}
PASS light 1440 number fractional large step: {"value":"30.5","ariaValue":"30.5","label":"项目数量","focus":true,"upDisabled":false,"downDisabled":false,"pageWidth":1440,"viewport":1440}
PASS light 1440 number PageDown: {"value":"20.5","ariaValue":"20.5","label":"项目数量","focus":true,"upDisabled":false,"downDisabled":false,"pageWidth":1440,"viewport":1440}
PASS light 1440 number empty step: {"value":"1","ariaValue":"1","label":"项目数量","focus":true,"upDisabled":false,"downDisabled":false,"pageWidth":1440,"viewport":1440}
PASS light 1440 number upper bound: {"boundary":{"value":"100","ariaValue":"100","label":"项目数量","focus":true,"upDisabled":true,"downDisabled":false,"pageWidth":1440,"viewport":1440},"clamped":{"value":"100","ariaValue":"100","label":"项目数量","focus":true,"upDisabled":true,"downDisabled":false,"pageWidth":1440,"viewport":1440}}
PASS light 1440 number pointer draft step: {"enabled":{"value":"20","ariaValue":"20","label":"项目数量","focus":true,"upDisabled":false,"downDisabled":false,"pageWidth":1440,"viewport":1440},"pointer":{"value":"21","ariaValue":"21","label":"项目数量","focus":true,"upDisabled":false,"downDisabled":false,"pageWidth":1440,"viewport":1440}}
PASS light 1440 select keyboard clear: {"clearFocused":true,"cleared":{"value":"请选择城市","focus":true,"expanded":"false","activeDescendant":null,"listbox":false,"clear":false,"pageWidth":1425,"viewport":1440}}
PASS light 1440 select resumes selection: {"value":"请选择城市","focus":true,"expanded":"true","activeDescendant":"_r_0_-option-0","listbox":true,"clear":false,"pageWidth":1425,"viewport":1440}
PASS light 1440 select replacement value: {"value":"北京","focus":true,"expanded":"false","activeDescendant":null,"listbox":false,"clear":true,"pageWidth":1425,"viewport":1440}
PASS dark 320 number label and layout: {"value":"3","ariaValue":"3","label":"项目数量","focus":false,"upDisabled":false,"downDisabled":false,"pageWidth":320,"viewport":320}
PASS dark 320 number draft semantics: {"value":"20","ariaValue":"20","label":"项目数量","focus":true,"upDisabled":false,"downDisabled":false,"pageWidth":320,"viewport":320}
PASS dark 320 number draft step: {"value":"21","ariaValue":"21","label":"项目数量","focus":true,"upDisabled":false,"downDisabled":false,"pageWidth":320,"viewport":320}
PASS dark 320 number fractional large step: {"value":"30.5","ariaValue":"30.5","label":"项目数量","focus":true,"upDisabled":false,"downDisabled":false,"pageWidth":320,"viewport":320}
PASS dark 320 number PageDown: {"value":"20.5","ariaValue":"20.5","label":"项目数量","focus":true,"upDisabled":false,"downDisabled":false,"pageWidth":320,"viewport":320}
PASS dark 320 number empty step: {"value":"1","ariaValue":"1","label":"项目数量","focus":true,"upDisabled":false,"downDisabled":false,"pageWidth":320,"viewport":320}
PASS dark 320 number upper bound: {"boundary":{"value":"100","ariaValue":"100","label":"项目数量","focus":true,"upDisabled":true,"downDisabled":false,"pageWidth":320,"viewport":320},"clamped":{"value":"100","ariaValue":"100","label":"项目数量","focus":true,"upDisabled":true,"downDisabled":false,"pageWidth":320,"viewport":320}}
PASS dark 320 number pointer draft step: {"enabled":{"value":"20","ariaValue":"20","label":"项目数量","focus":true,"upDisabled":false,"downDisabled":false,"pageWidth":320,"viewport":320},"pointer":{"value":"21","ariaValue":"21","label":"项目数量","focus":true,"upDisabled":false,"downDisabled":false,"pageWidth":320,"viewport":320}}
PASS dark 320 select keyboard clear: {"clearFocused":true,"cleared":{"value":"请选择城市","focus":true,"expanded":"false","activeDescendant":null,"listbox":false,"clear":false,"pageWidth":305,"viewport":320}}
PASS dark 320 select resumes selection: {"value":"请选择城市","focus":true,"expanded":"true","activeDescendant":"_r_0_-option-0","listbox":true,"clear":false,"pageWidth":305,"viewport":320}
PASS dark 320 select replacement value: {"value":"北京","focus":true,"expanded":"false","activeDescendant":null,"listbox":false,"clear":true,"pageWidth":305,"viewport":320}
PASS dark 768 number label and layout: {"value":"3","ariaValue":"3","label":"项目数量","focus":false,"upDisabled":false,"downDisabled":false,"pageWidth":768,"viewport":768}
PASS dark 768 number draft semantics: {"value":"20","ariaValue":"20","label":"项目数量","focus":true,"upDisabled":false,"downDisabled":false,"pageWidth":768,"viewport":768}
PASS dark 768 number draft step: {"value":"21","ariaValue":"21","label":"项目数量","focus":true,"upDisabled":false,"downDisabled":false,"pageWidth":768,"viewport":768}
PASS dark 768 number fractional large step: {"value":"30.5","ariaValue":"30.5","label":"项目数量","focus":true,"upDisabled":false,"downDisabled":false,"pageWidth":768,"viewport":768}
PASS dark 768 number PageDown: {"value":"20.5","ariaValue":"20.5","label":"项目数量","focus":true,"upDisabled":false,"downDisabled":false,"pageWidth":768,"viewport":768}
PASS dark 768 number empty step: {"value":"1","ariaValue":"1","label":"项目数量","focus":true,"upDisabled":false,"downDisabled":false,"pageWidth":768,"viewport":768}
PASS dark 768 number upper bound: {"boundary":{"value":"100","ariaValue":"100","label":"项目数量","focus":true,"upDisabled":true,"downDisabled":false,"pageWidth":768,"viewport":768},"clamped":{"value":"100","ariaValue":"100","label":"项目数量","focus":true,"upDisabled":true,"downDisabled":false,"pageWidth":768,"viewport":768}}
PASS dark 768 number pointer draft step: {"enabled":{"value":"20","ariaValue":"20","label":"项目数量","focus":true,"upDisabled":false,"downDisabled":false,"pageWidth":768,"viewport":768},"pointer":{"value":"21","ariaValue":"21","label":"项目数量","focus":true,"upDisabled":false,"downDisabled":false,"pageWidth":768,"viewport":768}}
PASS dark 768 select keyboard clear: {"clearFocused":true,"cleared":{"value":"请选择城市","focus":true,"expanded":"false","activeDescendant":null,"listbox":false,"clear":false,"pageWidth":753,"viewport":768}}
PASS dark 768 select resumes selection: {"value":"请选择城市","focus":true,"expanded":"true","activeDescendant":"_r_0_-option-0","listbox":true,"clear":false,"pageWidth":753,"viewport":768}
PASS dark 768 select replacement value: {"value":"北京","focus":true,"expanded":"false","activeDescendant":null,"listbox":false,"clear":true,"pageWidth":753,"viewport":768}
PASS dark 1440 number label and layout: {"value":"3","ariaValue":"3","label":"项目数量","focus":false,"upDisabled":false,"downDisabled":false,"pageWidth":1440,"viewport":1440}
PASS dark 1440 number draft semantics: {"value":"20","ariaValue":"20","label":"项目数量","focus":true,"upDisabled":false,"downDisabled":false,"pageWidth":1440,"viewport":1440}
PASS dark 1440 number draft step: {"value":"21","ariaValue":"21","label":"项目数量","focus":true,"upDisabled":false,"downDisabled":false,"pageWidth":1440,"viewport":1440}
PASS dark 1440 number fractional large step: {"value":"30.5","ariaValue":"30.5","label":"项目数量","focus":true,"upDisabled":false,"downDisabled":false,"pageWidth":1440,"viewport":1440}
PASS dark 1440 number PageDown: {"value":"20.5","ariaValue":"20.5","label":"项目数量","focus":true,"upDisabled":false,"downDisabled":false,"pageWidth":1440,"viewport":1440}
PASS dark 1440 number empty step: {"value":"1","ariaValue":"1","label":"项目数量","focus":true,"upDisabled":false,"downDisabled":false,"pageWidth":1440,"viewport":1440}
PASS dark 1440 number upper bound: {"boundary":{"value":"100","ariaValue":"100","label":"项目数量","focus":true,"upDisabled":true,"downDisabled":false,"pageWidth":1440,"viewport":1440},"clamped":{"value":"100","ariaValue":"100","label":"项目数量","focus":true,"upDisabled":true,"downDisabled":false,"pageWidth":1440,"viewport":1440}}
PASS dark 1440 number pointer draft step: {"enabled":{"value":"20","ariaValue":"20","label":"项目数量","focus":true,"upDisabled":false,"downDisabled":false,"pageWidth":1440,"viewport":1440},"pointer":{"value":"21","ariaValue":"21","label":"项目数量","focus":true,"upDisabled":false,"downDisabled":false,"pageWidth":1440,"viewport":1440}}
PASS dark 1440 select keyboard clear: {"clearFocused":true,"cleared":{"value":"请选择城市","focus":true,"expanded":"false","activeDescendant":null,"listbox":false,"clear":false,"pageWidth":1425,"viewport":1440}}
PASS dark 1440 select resumes selection: {"value":"请选择城市","focus":true,"expanded":"true","activeDescendant":"_r_0_-option-0","listbox":true,"clear":false,"pageWidth":1425,"viewport":1440}
PASS dark 1440 select replacement value: {"value":"北京","focus":true,"expanded":"false","activeDescendant":null,"listbox":false,"clear":true,"pageWidth":1425,"viewport":1440}
