INSPECTED rc-alert/basic.demo.tsx: 0 controls, 0 candidates, 320px page
INSPECTED rc-alert/closable.demo.tsx: 4 controls, 4 candidates, 320px page
INSPECTED rc-alert/title.demo.tsx: 0 controls, 0 candidates, 320px page
INSPECTED rc-app-main-layout/base.demo.tsx: 5 controls, 4 candidates, 320px page
INSPECTED rc-auto-sizer/basic.demo.tsx: 0 controls, 0 candidates, 320px page
INSPECTED rc-auto-sizer/with-virtual.demo.tsx: 0 controls, 0 candidates, 320px page
INSPECTED rc-avatar/basic.demo.tsx: 0 controls, 0 candidates, 320px page
INSPECTED rc-avatar/group.demo.tsx: 1 controls, 1 candidates, 320px page
INSPECTED rc-avatar/icon.demo.tsx: 0 controls, 0 candidates, 320px page
INSPECTED rc-avatar/image.demo.tsx: 0 controls, 0 candidates, 320px page
INSPECTED rc-avatar/shape-size.demo.tsx: 0 controls, 0 candidates, 320px page
INSPECTED rc-badge/basic.demo.tsx: 0 controls, 0 candidates, 320px page
INSPECTED rc-badge/color.demo.tsx: 0 controls, 0 candidates, 320px page
INSPECTED rc-badge/size.demo.tsx: 0 controls, 0 candidates, 320px page
INSPECTED rc-badge/status.demo.tsx: 0 controls, 0 candidates, 320px page
INSPECTED rc-badge/wrapped.demo.tsx: 0 controls, 0 candidates, 320px page
INSPECTED rc-bar-chart/annotations.demo.tsx: 6 controls, 6 candidates, 601px page
INSPECTED rc-bar-chart/basic.demo.tsx: 6 controls, 6 candidates, 601px page
INSPECTED rc-bar-chart/horizontal.demo.tsx: 5 controls, 5 candidates, 601px page
INSPECTED rc-bar-chart/live-update.demo.tsx: 6 controls, 6 candidates, 601px page
INSPECTED rc-bar-chart/multi-series.demo.tsx: 15 controls, 15 candidates, 601px page
INSPECTED rc-bar-chart/stacked.demo.tsx: 15 controls, 15 candidates, 601px page
INSPECTED rc-breadcrumbs/basic.demo.tsx: 2 controls, 2 candidates, 320px page
INSPECTED rc-breadcrumbs/custom-separator.demo.tsx: 2 controls, 2 candidates, 320px page
INSPECTED rc-breadcrumbs/max-count.demo.tsx: 2 controls, 2 candidates, 320px page
INSPECTED rc-button/appearance.demo.tsx: 5 controls, 0 candidates, 320px page
INSPECTED rc-button/basic.demo.tsx: 1 controls, 0 candidates, 320px page
INSPECTED rc-button/button-group.demo.tsx: 11 controls, 0 candidates, 320px page
INSPECTED rc-button/circle.demo.tsx: 8 controls, 0 candidates, 320px page
INSPECTED rc-button/danger.demo.tsx: 3 controls, 0 candidates, 320px page
INSPECTED rc-button/disabled.demo.tsx: 5 controls, 0 candidates, 364px page
INSPECTED rc-button/icon-after.demo.tsx: 5 controls, 0 candidates, 320px page
INSPECTED rc-button/icon.demo.tsx: 6 controls, 1 candidates, 484px page
INSPECTED rc-button/link-button.demo.tsx: 4 controls, 0 candidates, 320px page
INSPECTED rc-button/loading.demo.tsx: 5 controls, 0 candidates, 474px page
INSPECTED rc-button/selected.demo.tsx: 5 controls, 0 candidates, 320px page
INSPECTED rc-button/size.demo.tsx: 6 controls, 1 candidates, 364px page
INSPECTED rc-canvas/animation.demo.tsx: 0 controls, 0 candidates, 423px page
INSPECTED rc-canvas/basic.demo.tsx: 0 controls, 0 candidates, 423px page
INSPECTED rc-canvas/draggable.demo.tsx: 0 controls, 0 candidates, 603px page
INSPECTED rc-canvas/group.demo.tsx: 0 controls, 0 candidates, 423px page
INSPECTED rc-canvas/hover.demo.tsx: 0 controls, 0 candidates, 423px page
INSPECTED rc-canvas/infinite-canvas.demo.tsx: 0 controls, 0 candidates, 803px page
INSPECTED rc-canvas/line.demo.tsx: 0 controls, 0 candidates, 423px page
INSPECTED rc-canvas/minimap.demo.tsx: 0 controls, 0 candidates, 803px page
INSPECTED rc-canvas/opacity.demo.tsx: 0 controls, 0 candidates, 423px page
INSPECTED rc-canvas/rounded.demo.tsx: 0 controls, 0 candidates, 423px page
INSPECTED rc-canvas/text-advanced.demo.tsx: 0 controls, 0 candidates, 483px page
INSPECTED rc-canvas/text.demo.tsx: 0 controls, 0 candidates, 423px page
INSPECTED rc-canvas/transformer.demo.tsx: 0 controls, 0 candidates, 803px page
INSPECTED rc-card/basic.demo.tsx: 1 controls, 0 candidates, 320px page
INSPECTED rc-card/clickable.demo.tsx: 3 controls, 0 candidates, 320px page
INSPECTED rc-card/composition.demo.tsx: 2 controls, 0 candidates, 320px page
INSPECTED rc-card/cover.demo.tsx: 0 controls, 0 candidates, 320px page
INSPECTED rc-card/loading.demo.tsx: 1 controls, 0 candidates, 320px page
INSPECTED rc-card/size.demo.tsx: 0 controls, 0 candidates, 320px page
INSPECTED rc-card/variant.demo.tsx: 0 controls, 0 candidates, 320px page
INSPECTED rc-checkbox/basic.demo.tsx: 1 controls, 0 candidates, 320px page
INSPECTED rc-checkbox/disabled.demo.tsx: 2 controls, 0 candidates, 320px page
INSPECTED rc-checkbox/group.demo.tsx: 3 controls, 0 candidates, 320px page
INSPECTED rc-checkbox/indeterminate.demo.tsx: 4 controls, 0 candidates, 320px page
INSPECTED rc-checkbox/size.demo.tsx: 6 controls, 0 candidates, 320px page
INSPECTED rc-color-picker/colorPicker.demo.tsx: 5 controls, 4 candidates, 305px page
INSPECTED rc-color-picker/colorPickerPanel.demo.tsx: 10 controls, 9 candidates, 305px page
INSPECTED rc-component-preview/base.demo.tsx: 4 controls, 1 candidates, 320px page
INSPECTED rc-cron-picker/basic.demo.tsx: 1 controls, 0 candidates, 305px page
INSPECTED rc-cron-picker/controlled.demo.tsx: 5 controls, 4 candidates, 305px page
INSPECTED rc-cron-picker/sizes.demo.tsx: 5 controls, 0 candidates, 305px page
INSPECTED rc-date-picker/datePicker.demo.tsx: 2 controls, 1 candidates, 305px page
INSPECTED rc-date-picker/datePickerPanel.demo.tsx: 46 controls, 0 candidates, 320px page
INSPECTED rc-date-picker/datePickerRange.demo.tsx: 1 controls, 0 candidates, 305px page
INSPECTED rc-date-picker/dateTimePicker.demo.tsx: 2 controls, 2 candidates, 305px page
INSPECTED rc-date-picker/dateTimePickerPanel.demo.tsx: 46 controls, 0 candidates, 320px page
INSPECTED rc-date-picker/timePicker.demo.tsx: 2 controls, 2 candidates, 305px page
INSPECTED rc-date-picker/timePickerPanel.demo.tsx: 0 controls, 0 candidates, 320px page
INSPECTED rc-dialog/base.demo.tsx: 1 controls, 0 candidates, 320px page
INSPECTED rc-dialog/formWithDatePicker.demo.tsx: 1 controls, 0 candidates, 320px page
INSPECTED rc-divider/basic.demo.tsx: 0 controls, 0 candidates, 320px page
INSPECTED rc-divider/decorative.demo.tsx: 0 controls, 0 candidates, 320px page
INSPECTED rc-divider/spacing.demo.tsx: 0 controls, 0 candidates, 320px page
INSPECTED rc-divider/text.demo.tsx: 0 controls, 0 candidates, 320px page
INSPECTED rc-divider/variant.demo.tsx: 0 controls, 0 candidates, 320px page
INSPECTED rc-divider/vertical.demo.tsx: 3 controls, 0 candidates, 320px page
INSPECTED rc-drawer/basic.demo.tsx: 1 controls, 0 candidates, 320px page
INSPECTED rc-drawer/nested.demo.tsx: 1 controls, 0 candidates, 320px page
INSPECTED rc-drawer/placement.demo.tsx: 4 controls, 0 candidates, 320px page
INSPECTED rc-drawer/with-footer.demo.tsx: 1 controls, 0 candidates, 320px page
INSPECTED rc-dropdown-container/base.demo.tsx: 1 controls, 1 candidates, 305px page
INSPECTED rc-empty/basic.demo.tsx: 0 controls, 0 candidates, 320px page
INSPECTED rc-empty/custom.demo.tsx: 0 controls, 0 candidates, 320px page
INSPECTED rc-empty/preset.demo.tsx: 0 controls, 0 candidates, 320px page
INSPECTED rc-empty/with-action.demo.tsx: 1 controls, 1 candidates, 320px page
INSPECTED rc-flow-diagram/animated-edge.demo.tsx: 0 controls, 0 candidates, 683px page
INSPECTED rc-flow-diagram/edge.demo.tsx: 0 controls, 0 candidates, 683px page
INSPECTED rc-flow-diagram/elk-layout.demo.tsx: 2 controls, 2 candidates, 823px page
INSPECTED rc-form/base.demo.tsx: 9 controls, 0 candidates, 320px page
INSPECTED rc-form/editors.demo.tsx: 15 controls, 3 candidates, 305px page
INSPECTED rc-form/validation.demo.tsx: 9 controls, 1 candidates, 305px page
INSPECTED rc-hooks/use-drag-resize.demo.tsx: 0 controls, 0 candidates, 320px page
INSPECTED rc-hooks/use-key-down.demo.tsx: 0 controls, 0 candidates, 320px page
INSPECTED rc-line-edit/allow-clear.demo.tsx: 4 controls, 0 candidates, 320px page
INSPECTED rc-line-edit/password.demo.tsx: 8 controls, 0 candidates, 320px page
INSPECTED rc-line-edit/prefix-suffix.demo.tsx: 3 controls, 0 candidates, 320px page
INSPECTED rc-line-edit/show-count.demo.tsx: 2 controls, 0 candidates, 320px page
INSPECTED rc-line-edit/simple.demo.tsx: 3 controls, 3 candidates, 320px page
INSPECTED rc-line-edit/size.demo.tsx: 2 controls, 1 candidates, 320px page
INSPECTED rc-line-edit/status.demo.tsx: 2 controls, 0 candidates, 320px page
INSPECTED rc-masonry/basic.demo.tsx: 0 controls, 0 candidates, 320px page
INSPECTED rc-masonry/columns.demo.tsx: 1 controls, 1 candidates, 320px page
INSPECTED rc-masonry/sequential.demo.tsx: 1 controls, 1 candidates, 320px page
INSPECTED rc-menu/basic.demo.tsx: 0 controls, 0 candidates, 320px page
INSPECTED rc-menu/collapsed.demo.tsx: 1 controls, 1 candidates, 320px page
INSPECTED rc-menu/group.demo.tsx: 0 controls, 0 candidates, 320px page
INSPECTED rc-menu/horizontal.demo.tsx: 0 controls, 0 candidates, 337px page
INSPECTED rc-message/basic.demo.tsx: 5 controls, 5 candidates, 320px page
INSPECTED rc-message/custom.demo.tsx: 2 controls, 2 candidates, 320px page
INSPECTED rc-message/stack.demo.tsx: 2 controls, 2 candidates, 320px page
INSPECTED rc-notification/base.demo.tsx: 2 controls, 2 candidates, 320px page
INSPECTED rc-notification/customContent.demo.tsx: 1 controls, 1 candidates, 320px page
INSPECTED rc-number-edit/basic.demo.tsx: 3 controls, 2 candidates, 320px page
INSPECTED rc-number-edit/format.demo.tsx: 6 controls, 4 candidates, 320px page
INSPECTED rc-number-edit/range.demo.tsx: 6 controls, 4 candidates, 320px page
INSPECTED rc-number-edit/scientific.demo.tsx: 3 controls, 3 candidates, 320px page
INSPECTED rc-number-edit/states.demo.tsx: 21 controls, 17 candidates, 320px page
INSPECTED rc-pagination/basic.demo.tsx: 9 controls, 8 candidates, 321px page
INSPECTED rc-pagination/controlled.demo.tsx: 9 controls, 8 candidates, 453px page
INSPECTED rc-pagination/disabled.demo.tsx: 10 controls, 0 candidates, 586px page
INSPECTED rc-pagination/many-pages.demo.tsx: 9 controls, 9 candidates, 321px page
INSPECTED rc-pagination/quick-jumper.demo.tsx: 10 controls, 9 candidates, 431px page
INSPECTED rc-pagination/show-total.demo.tsx: 18 controls, 18 candidates, 476px page
INSPECTED rc-pagination/size-changer.demo.tsx: 10 controls, 9 candidates, 569px page
INSPECTED rc-pagination/size.demo.tsx: 18 controls, 16 candidates, 321px page
INSPECTED rc-prose/basic.demo.tsx: 1 controls, 1 candidates, 320px page
INSPECTED rc-prose/semantic-tag.demo.tsx: 0 controls, 0 candidates, 320px page
INSPECTED rc-prose/size.demo.tsx: 4 controls, 4 candidates, 320px page
INSPECTED rc-prose/table.demo.tsx: 0 controls, 0 candidates, 320px page
INSPECTED rc-radio/basic.demo.tsx: 1 controls, 0 candidates, 320px page
INSPECTED rc-radio/disabled.demo.tsx: 2 controls, 0 candidates, 320px page
INSPECTED rc-radio/group.demo.tsx: 3 controls, 0 candidates, 320px page
INSPECTED rc-radio/size.demo.tsx: 6 controls, 0 candidates, 320px page
INSPECTED rc-realm/basic.demo.tsx: 2 controls, 0 candidates, 320px page
INSPECTED rc-realm/error-retry.demo.tsx: 1 controls, 0 candidates, 320px page
INSPECTED rc-realm/mount-sandbox.demo.tsx: 0 controls, 0 candidates, 320px page
INSPECTED rc-realm/script-entry.demo.tsx: 1 controls, 0 candidates, 320px page
INSPECTED rc-router/basic.demo.tsx: 4 controls, 3 candidates, 320px page
INSPECTED rc-segmented/basic.demo.tsx: 3 controls, 3 candidates, 320px page
INSPECTED rc-segmented/block.demo.tsx: 3 controls, 3 candidates, 361px page
INSPECTED rc-segmented/controlled.demo.tsx: 3 controls, 3 candidates, 320px page
INSPECTED rc-segmented/disabled.demo.tsx: 6 controls, 2 candidates, 320px page
INSPECTED rc-segmented/size.demo.tsx: 9 controls, 9 candidates, 320px page
INSPECTED rc-segmented/with-icon.demo.tsx: 2 controls, 2 candidates, 320px page
INSPECTED rc-select/allowClear.demo.tsx: 2 controls, 2 candidates, 305px page
INSPECTED rc-select/basic.demo.tsx: 1 controls, 1 candidates, 305px page
INSPECTED rc-select/disabled.demo.tsx: 2 controls, 1 candidates, 305px page
INSPECTED rc-select/group.demo.tsx: 1 controls, 1 candidates, 305px page
INSPECTED rc-select/loading.demo.tsx: 1 controls, 1 candidates, 305px page
INSPECTED rc-select/maxTagCount.demo.tsx: 4 controls, 4 candidates, 305px page
INSPECTED rc-select/multiple.demo.tsx: 3 controls, 3 candidates, 305px page
INSPECTED rc-select/searchable.demo.tsx: 1 controls, 1 candidates, 305px page
INSPECTED rc-select/size.demo.tsx: 3 controls, 3 candidates, 305px page
INSPECTED rc-select/status.demo.tsx: 2 controls, 2 candidates, 305px page
INSPECTED rc-skeleton/animation.demo.tsx: 0 controls, 0 candidates, 320px page
INSPECTED rc-skeleton/basic.demo.tsx: 0 controls, 0 candidates, 320px page
INSPECTED rc-skeleton/card.demo.tsx: 0 controls, 0 candidates, 320px page
INSPECTED rc-skeleton/loaded.demo.tsx: 0 controls, 0 candidates, 320px page
INSPECTED rc-skeleton/variant.demo.tsx: 0 controls, 0 candidates, 320px page
INSPECTED rc-slider/base.demo.tsx: 2 controls, 2 candidates, 320px page
INSPECTED rc-spin/basic.demo.tsx: 0 controls, 0 candidates, 320px page
INSPECTED rc-spin/delay.demo.tsx: 2 controls, 0 candidates, 320px page
INSPECTED rc-spin/indicator.demo.tsx: 0 controls, 0 candidates, 320px page
INSPECTED rc-spin/size.demo.tsx: 0 controls, 0 candidates, 320px page
INSPECTED rc-spin/tip.demo.tsx: 0 controls, 0 candidates, 320px page
INSPECTED rc-spin/wrapper.demo.tsx: 2 controls, 1 candidates, 320px page
INSPECTED rc-split-pane/basic.demo.tsx: 1 controls, 1 candidates, 320px page
INSPECTED rc-split-pane/persist.demo.tsx: 1 controls, 1 candidates, 320px page
INSPECTED rc-split-pane/primary-second.demo.tsx: 1 controls, 1 candidates, 320px page
INSPECTED rc-split-pane/vertical.demo.tsx: 1 controls, 1 candidates, 320px page
INSPECTED rc-switch/basic.demo.tsx: 1 controls, 1 candidates, 320px page
INSPECTED rc-switch/disabled.demo.tsx: 2 controls, 0 candidates, 320px page
INSPECTED rc-switch/size.demo.tsx: 3 controls, 3 candidates, 320px page
INSPECTED rc-table/basis.demo.tsx: 0 controls, 0 candidates, 320px page
INSPECTED rc-table/columnDrag.demo.tsx: 1 controls, 0 candidates, 320px page
INSPECTED rc-table/columnResize.demo.tsx: 3 controls, 2 candidates, 320px page
INSPECTED rc-table/copy.demo.tsx: 0 controls, 0 candidates, 320px page
INSPECTED rc-table/dynamicRowHeight.demo.tsx: 0 controls, 0 candidates, 320px page
INSPECTED rc-table/edit.demo.tsx: 0 controls, 0 candidates, 320px page
INSPECTED rc-table/empty.demo.tsx: 2 controls, 0 candidates, 320px page
INSPECTED rc-table/filter.demo.tsx: 4 controls, 0 candidates, 320px page
INSPECTED rc-table/highlight.demo.tsx: 3 controls, 0 candidates, 320px page
INSPECTED rc-table/largeScale.demo.tsx: 0 controls, 0 candidates, 320px page
INSPECTED rc-table/mergeCells.demo.tsx: 0 controls, 0 candidates, 320px page
INSPECTED rc-table/mergeTableHeaders.demo.tsx: 0 controls, 0 candidates, 320px page
INSPECTED rc-table/rowEdit.demo.tsx: 20 controls, 0 candidates, 320px page
INSPECTED rc-table/rowEvent.demo.tsx: 20 controls, 0 candidates, 320px page
INSPECTED rc-table/rowExpansion.demo.tsx: 11 controls, 11 candidates, 320px page
INSPECTED rc-table/rowGrouping.demo.tsx: 13 controls, 12 candidates, 320px page
INSPECTED rc-table/rowNumber.demo.tsx: 4 controls, 3 candidates, 320px page
INSPECTED rc-table/rowSelection.demo.tsx: 23 controls, 1 candidates, 305px page
INSPECTED rc-table/rowState.demo.tsx: 58 controls, 0 candidates, 320px page
INSPECTED rc-table/selectCells.demo.tsx: 1 controls, 0 candidates, 320px page
INSPECTED rc-table/sort.demo.tsx: 4 controls, 4 candidates, 320px page
INSPECTED rc-table/summary.demo.tsx: 1 controls, 1 candidates, 305px page
INSPECTED rc-table/tree.demo.tsx: 4 controls, 2 candidates, 320px page
INSPECTED rc-table-pro/auto-refresh.demo.tsx: 2 controls, 2 candidates, 320px page
INSPECTED rc-table-pro/basic.demo.tsx: 0 controls, 0 candidates, 320px page
INSPECTED rc-table-pro/export.demo.tsx: 3 controls, 3 candidates, 320px page
INSPECTED rc-table-pro/pagination.demo.tsx: 14 controls, 13 candidates, 699px page
INSPECTED rc-table-pro/search-bar.demo.tsx: 1 controls, 0 candidates, 320px page
INSPECTED rc-table-pro/sidebar.demo.tsx: 47 controls, 37 candidates, 320px page
INSPECTED rc-table-pro/state-persistence.demo.tsx: 48 controls, 38 candidates, 320px page
INSPECTED rc-table-pro/type-loaders.demo.tsx: 0 controls, 0 candidates, 320px page
INSPECTED rc-tabs/basic.demo.tsx: 3 controls, 3 candidates, 320px page
INSPECTED rc-tabs/card.demo.tsx: 3 controls, 3 candidates, 320px page
INSPECTED rc-tabs/closable.demo.tsx: 6 controls, 6 candidates, 336px page
INSPECTED rc-tabs/pill.demo.tsx: 3 controls, 3 candidates, 320px page
INSPECTED rc-tabs/with-icon.demo.tsx: 4 controls, 4 candidates, 320px page
INSPECTED rc-tag/basic.demo.tsx: 0 controls, 0 candidates, 320px page
INSPECTED rc-tag/bordered.demo.tsx: 0 controls, 0 candidates, 320px page
INSPECTED rc-tag/checkable.demo.tsx: 0 controls, 0 candidates, 320px page
INSPECTED rc-tag/closable.demo.tsx: 5 controls, 5 candidates, 320px page
INSPECTED rc-tag/custom-color-close-icon.demo.tsx: 1 controls, 1 candidates, 320px page
INSPECTED rc-tag/icon.demo.tsx: 0 controls, 0 candidates, 320px page
INSPECTED rc-tag/size.demo.tsx: 1 controls, 1 candidates, 320px page
INSPECTED rc-text-edit/allow-clear.demo.tsx: 2 controls, 0 candidates, 320px page
INSPECTED rc-text-edit/auto-size.demo.tsx: 1 controls, 0 candidates, 320px page
INSPECTED rc-text-edit/show-count.demo.tsx: 1 controls, 0 candidates, 320px page
INSPECTED rc-text-edit/simple.demo.tsx: 1 controls, 0 candidates, 320px page
INSPECTED rc-text-edit/size.demo.tsx: 3 controls, 0 candidates, 320px page
INSPECTED rc-text-edit/status.demo.tsx: 2 controls, 0 candidates, 320px page
INSPECTED rc-theme/light-dark.demo.tsx: 0 controls, 0 candidates, 320px page
INSPECTED rc-token-global/base.demo.tsx: 0 controls, 0 candidates, 320px page
INSPECTED rc-token-semantic/base.demo.tsx: 0 controls, 0 candidates, 320px page
INSPECTED rc-tooltip/arrow.demo.tsx: 2 controls, 2 candidates, 320px page
INSPECTED rc-tooltip/basic.demo.tsx: 1 controls, 1 candidates, 320px page
INSPECTED rc-tooltip/placement.demo.tsx: 12 controls, 12 candidates, 497px page
INSPECTED rc-tree/allow-drop.demo.tsx: 11 controls, 11 candidates, 401px page
INSPECTED rc-tree/basic.demo.tsx: 5 controls, 0 candidates, 401px page
INSPECTED rc-tree/checkable.demo.tsx: 22 controls, 0 candidates, 505px page
INSPECTED rc-tree/draggable.demo.tsx: 4 controls, 1 candidates, 320px page
INSPECTED rc-tree/expand-all.demo.tsx: 4 controls, 2 candidates, 401px page
INSPECTED rc-tree/filter.demo.tsx: 4 controls, 1 candidates, 401px page
INSPECTED rc-tree/icon-and-disabled.demo.tsx: 9 controls, 0 candidates, 401px page
INSPECTED rc-tree/inline-edit.demo.tsx: 8 controls, 1 candidates, 461px page
INSPECTED rc-tree/keyboard.demo.tsx: 3 controls, 0 candidates, 401px page
INSPECTED rc-tree/show-line.demo.tsx: 4 controls, 0 candidates, 401px page
INSPECTED rc-virtual/simple.demo.tsx: 0 controls, 0 candidates, 320px page
