// Jest Snapshot v1, https://goo.gl/fbAQLP

exports[`ReactWebpackPlugin should generate HTML with Webpack configuration 1`] = `
"<html lang="zh-CN"><head><meta charSet="UTF-8"/><meta name="viewport" content="width=device-width, initial-scale=1.0"/><title>Styleify - 原子化 CSS 框架</title><link rel="stylesheet" href="/main.css"></link>
<script src="/bundle.js"></script></head><body><div id="root"></div></body></html>"
`;
